../lvgl/src/widgets/table/lv_table.c:930:16:get_row_height	72	static
../lvgl/src/widgets/table/lv_table.c:1085:13:get_cell_area	32	static
../lvgl/src/widgets/table/lv_table.c:1120:13:scroll_to_selected_cell	32	static
../lvgl/src/widgets/table/lv_table.c:673:13:draw_main	632	static
../lvgl/src/widgets/table/lv_table.c:530:13:lv_table_destructor	24	static
../lvgl/src/widgets/table/lv_table.c:509:13:lv_table_constructor	8	static
../lvgl/src/widgets/table/lv_table.c:896:13:refr_cell_size	96	static
../lvgl/src/widgets/table/lv_table.c:870:13:refr_size_form_row.constprop	88	static
../lvgl/src/widgets/table/lv_table.c:552:13:lv_table_event	40	static
../lvgl/src/widgets/table/lv_table.c:79:12:lv_table_create	8	static
../lvgl/src/widgets/table/lv_table.c:203:6:lv_table_set_row_count	24	static
../lvgl/src/widgets/table/lv_table.c:246:6:lv_table_set_column_count	64	static
../lvgl/src/widgets/table/lv_table.c:91:6:lv_table_set_cell_value	40	static
../lvgl/src/widgets/table/lv_table.c:126:6:lv_table_set_cell_value_fmt	44	static
../lvgl/src/widgets/table/lv_table.c:305:6:lv_table_set_column_width	16	static
../lvgl/src/widgets/table/lv_table.c:318:6:lv_table_set_cell_ctrl	24	static
../lvgl/src/widgets/table/lv_table.c:343:6:lv_table_clear_cell_ctrl	24	static
../lvgl/src/widgets/table/lv_table.c:368:6:lv_table_set_cell_user_data	24	static
../lvgl/src/widgets/table/lv_table.c:397:6:lv_table_set_selected_cell	24	static
../lvgl/src/widgets/table/lv_table.c:421:14:lv_table_get_cell_value	0	static
../lvgl/src/widgets/table/lv_table.c:437:10:lv_table_get_row_count	0	static
../lvgl/src/widgets/table/lv_table.c:445:10:lv_table_get_column_count	0	static
../lvgl/src/widgets/table/lv_table.c:453:9:lv_table_get_column_width	0	static
../lvgl/src/widgets/table/lv_table.c:467:6:lv_table_has_cell_ctrl	4	static
../lvgl/src/widgets/table/lv_table.c:482:6:lv_table_get_selected_cell	0	static
../lvgl/src/widgets/table/lv_table.c:489:8:lv_table_get_cell_user_data	0	static
