../lvgl/src/widgets/dropdown/lv_dropdown.c:709:13:lv_dropdownlist_destructor	0	static
../lvgl/src/widgets/dropdown/lv_dropdown.c:694:13:lv_dropdownlist_constructor	8	static
../lvgl/src/widgets/dropdown/lv_dropdown.c:678:13:lv_dropdown_destructor	16	static
../lvgl/src/widgets/dropdown/lv_dropdown.c:226:6:lv_dropdown_set_options_static.part.0	16	static
../lvgl/src/widgets/dropdown/lv_dropdown.c:646:13:lv_dropdown_constructor	16	static
../lvgl/src/widgets/dropdown/lv_dropdown.c:1182:17:get_id_on_point	24	static
../lvgl/src/widgets/dropdown/lv_dropdown.c:1206:13:position_to_selected	32	static
../lvgl/src/widgets/dropdown/lv_dropdown.c:515:6:lv_dropdown_open.part.0	40	static
../lvgl/src/widgets/dropdown/lv_dropdown.c:1008:13:draw_box	160	static
../lvgl/src/widgets/dropdown/lv_dropdown.c:1047:13:draw_box_label	176	static
../lvgl/src/widgets/dropdown/lv_dropdown.c:1095:20:btn_release_handler.isra	24	static
../lvgl/src/widgets/dropdown/lv_dropdown.c:821:13:lv_dropdown_list_event	64	static
../lvgl/src/widgets/dropdown/lv_dropdown.c:156:12:lv_dropdown_create	8	static
../lvgl/src/widgets/dropdown/lv_dropdown.c:168:6:lv_dropdown_set_text	0	static
../lvgl/src/widgets/dropdown/lv_dropdown.c:179:6:lv_dropdown_set_options	24	static
../lvgl/src/widgets/dropdown/lv_dropdown.c:226:6:lv_dropdown_set_options_static	0	static
../lvgl/src/widgets/dropdown/lv_dropdown.c:255:6:lv_dropdown_add_option	32	static
../lvgl/src/widgets/dropdown/lv_dropdown.c:322:6:lv_dropdown_clear_options	8	static
../lvgl/src/widgets/dropdown/lv_dropdown.c:339:6:lv_dropdown_set_selected	8	static
../lvgl/src/widgets/dropdown/lv_dropdown.c:356:6:lv_dropdown_set_dir	0	static
../lvgl/src/widgets/dropdown/lv_dropdown.c:368:6:lv_dropdown_set_symbol	0	static
../lvgl/src/widgets/dropdown/lv_dropdown.c:377:6:lv_dropdown_set_selected_highlight	0	static
../lvgl/src/widgets/dropdown/lv_dropdown.c:390:12:lv_dropdown_get_list	0	static
../lvgl/src/widgets/dropdown/lv_dropdown.c:398:14:lv_dropdown_get_text	0	static
../lvgl/src/widgets/dropdown/lv_dropdown.c:406:14:lv_dropdown_get_options	0	static
../lvgl/src/widgets/dropdown/lv_dropdown.c:414:10:lv_dropdown_get_selected	0	static
../lvgl/src/widgets/dropdown/lv_dropdown.c:423:10:lv_dropdown_get_option_count	0	static
../lvgl/src/widgets/dropdown/lv_dropdown.c:432:6:lv_dropdown_get_selected_str	24	static
../lvgl/src/widgets/dropdown/lv_dropdown.c:856:13:draw_main	432	static
../lvgl/src/widgets/dropdown/lv_dropdown.c:718:13:lv_dropdown_event	24	static
../lvgl/src/widgets/dropdown/lv_dropdown.c:466:9:lv_dropdown_get_option_index	24	static
../lvgl/src/widgets/dropdown/lv_dropdown.c:490:14:lv_dropdown_get_symbol	0	static
../lvgl/src/widgets/dropdown/lv_dropdown.c:497:6:lv_dropdown_get_selected_highlight	0	static
../lvgl/src/widgets/dropdown/lv_dropdown.c:504:10:lv_dropdown_get_dir	0	static
../lvgl/src/widgets/dropdown/lv_dropdown.c:515:6:lv_dropdown_open	0	static
../lvgl/src/widgets/dropdown/lv_dropdown.c:613:6:lv_dropdown_close	8	static
../lvgl/src/widgets/dropdown/lv_dropdown.c:626:6:lv_dropdown_is_open	8	static
