../lvgl/src/core/lv_group.c:514:21:get_indev	16	static
../lvgl/src/core/lv_group.c:431:13:focus_next_core	32	static
../lvgl/src/core/lv_group.c:45:6:lv_group_init	0	static
../lvgl/src/core/lv_group.c:50:6:lv_group_deinit	0	static
../lvgl/src/core/lv_group.c:55:14:lv_group_create	8	static
../lvgl/src/core/lv_group.c:74:6:lv_group_delete	16	static
../lvgl/src/core/lv_group.c:106:6:lv_group_set_default	0	static
../lvgl/src/core/lv_group.c:111:14:lv_group_get_default	0	static
../lvgl/src/core/lv_group.c:162:6:lv_group_remove_obj	24	static
../lvgl/src/core/lv_group.c:116:6:lv_group_add_obj	16	static
../lvgl/src/core/lv_group.c:203:6:lv_group_remove_all_objs	16	static
../lvgl/src/core/lv_group.c:256:6:lv_group_focus_next	8	static
../lvgl/src/core/lv_group.c:267:6:lv_group_focus_prev	8	static
../lvgl/src/core/lv_group.c:278:6:lv_group_focus_freeze	0	static
../lvgl/src/core/lv_group.c:286:13:lv_group_send_data	16	static
../lvgl/src/core/lv_group.c:298:6:lv_group_set_focus_cb	0	static
../lvgl/src/core/lv_group.c:305:6:lv_group_set_edge_cb	0	static
../lvgl/src/core/lv_group.c:312:6:lv_group_set_editing	8	static
../lvgl/src/core/lv_group.c:223:6:lv_group_focus_obj.part.0	24	static
../lvgl/src/core/lv_group.c:223:6:lv_group_focus_obj	0	static
../lvgl/src/core/lv_group.c:142:6:lv_group_swap_obj	16	static
../lvgl/src/core/lv_group.c:330:6:lv_group_set_refocus_policy	0	static
../lvgl/src/core/lv_group.c:336:6:lv_group_set_wrap	0	static
../lvgl/src/core/lv_group.c:342:12:lv_group_get_focused	0	static
../lvgl/src/core/lv_group.c:350:21:lv_group_get_focus_cb	0	static
../lvgl/src/core/lv_group.c:356:20:lv_group_get_edge_cb	0	static
../lvgl/src/core/lv_group.c:362:6:lv_group_get_editing	0	static
../lvgl/src/core/lv_group.c:368:6:lv_group_get_wrap	0	static
../lvgl/src/core/lv_group.c:374:10:lv_group_get_obj_count	0	static
../lvgl/src/core/lv_group.c:380:12:lv_group_get_obj_by_index	16	static
../lvgl/src/core/lv_group.c:394:10:lv_group_get_count	0	static
../lvgl/src/core/lv_group.c:399:15:lv_group_by_index	16	static
