../lvgl/src/core/lv_indev_scroll.c:517:19:find_snap_point_y	64	static
../lvgl/src/core/lv_indev_scroll.c:462:19:find_snap_point_x	64	static
../lvgl/src/core/lv_indev_scroll.c:619:19:elastic_diff.part.0	32	static
../lvgl/src/core/lv_indev_scroll.c:46:6:_lv_indev_scroll_handler	88	static
../lvgl/src/core/lv_indev_scroll.c:112:6:_lv_indev_scroll_throw_handler	56	static
../lvgl/src/core/lv_indev_scroll.c:231:12:lv_indev_scroll_throw_predict	8	static
../lvgl/src/core/lv_indev_scroll.c:256:6:lv_indev_scroll_get_snap_dist	16	static
