../lvgl/src/core/lv_obj_style.c:679:13:refresh_children_style	24	static
../lvgl/src/core/lv_obj_style.c:519:21:get_local_style	24	static
../lvgl/src/core/lv_obj_style.c:557:26:get_trans_style	16	static
../lvgl/src/core/lv_obj_style.c:868:13:fade_anim_cb	0	static
../lvgl/src/core/lv_obj_style.c:702:13:trans_del.isra	48	static
../lvgl/src/core/lv_obj_style.c:71:6:_lv_obj_style_init	0	static
../lvgl/src/core/lv_obj_style.c:227:6:lv_obj_enable_style_refresh	0	static
../lvgl/src/core/lv_obj_style.c:232:18:lv_obj_get_style_prop	56	static
../lvgl/src/core/lv_obj_style.c:176:6:lv_obj_refresh_style.part.0	32	static
../lvgl/src/core/lv_obj_style.c:176:6:lv_obj_refresh_style	0	static
../lvgl/src/core/lv_obj_style.c:76:6:lv_obj_add_style	24	static
../lvgl/src/core/lv_obj_style.c:658:13:report_style_change_core	24	static
../lvgl/src/core/lv_obj_style.c:162:6:lv_obj_report_style_change	16	static
../lvgl/src/core/lv_obj_style.c:736:13:trans_anim_cb	32	static
../lvgl/src/core/lv_obj_style.c:110:6:lv_obj_remove_style	48	static
../lvgl/src/core/lv_obj_style.c:157:6:lv_obj_remove_style_all	0	static
../lvgl/src/core/lv_obj_style.c:821:13:trans_anim_ready_cb	32	static
../lvgl/src/core/lv_obj_style.c:799:13:trans_anim_start_cb	16	static
../lvgl/src/core/lv_obj_style.c:279:6:lv_obj_set_local_style_prop	24	static
../lvgl/src/core/lv_obj_style.c:287:6:lv_obj_set_local_style_prop_meta	24	static
../lvgl/src/core/lv_obj_style.c:296:16:lv_obj_get_local_style_prop	12	static
../lvgl/src/core/lv_obj_style.c:310:6:lv_obj_remove_local_style_prop	24	static
../lvgl/src/core/lv_obj_style.c:873:13:fade_in_anim_ready	0	static
../lvgl/src/core/lv_obj_style.c:334:6:_lv_obj_style_create_transition	112	static
../lvgl/src/core/lv_obj_style.c:391:18:_lv_obj_style_apply_color_filter	24	static
../lvgl/src/core/lv_obj_style.c:402:23:_lv_obj_style_state_compare	40	static
../lvgl/src/core/lv_obj_style.c:464:6:lv_obj_fade_in	96	static
../lvgl/src/core/lv_obj_style.c:477:6:lv_obj_fade_out	96	static
../lvgl/src/core/lv_obj_style.c:489:12:lv_obj_style_get_selector_state	0	static
../lvgl/src/core/lv_obj_style.c:494:11:lv_obj_style_get_selector_part	0	static
../lvgl/src/core/lv_obj_style.c:500:17:lv_obj_calculate_style_text_align	16	static
