../lvgl/src/hal/lv_hal_disp.c:584:31:invalidate_layout_cb	8	static
../lvgl/src/hal/lv_hal_disp.c:79:6:lv_disp_drv_init	8	static
../lvgl/src/hal/lv_hal_disp.c:149:6:lv_disp_draw_buf_init	24	static
../lvgl/src/hal/lv_hal_disp.c:165:13:lv_disp_drv_register	32	static
../lvgl/src/hal/lv_hal_disp.c:246:6:lv_disp_drv_update	32	static
../lvgl/src/hal/lv_hal_disp.c:287:6:lv_disp_remove	24	static
../lvgl/src/hal/lv_hal_disp.c:327:6:lv_disp_set_default	0	static
../lvgl/src/hal/lv_hal_disp.c:336:13:lv_disp_get_default	0	static
../lvgl/src/hal/lv_hal_disp.c:346:12:lv_disp_get_hor_res	0	static
../lvgl/src/hal/lv_hal_disp.c:369:12:lv_disp_get_ver_res	0	static
../lvgl/src/hal/lv_hal_disp.c:392:12:lv_disp_get_physical_hor_res	0	static
../lvgl/src/hal/lv_hal_disp.c:415:12:lv_disp_get_physical_ver_res	0	static
../lvgl/src/hal/lv_hal_disp.c:438:12:lv_disp_get_offset_x	8	static
../lvgl/src/hal/lv_hal_disp.c:464:12:lv_disp_get_offset_y	8	static
../lvgl/src/hal/lv_hal_disp.c:490:6:lv_disp_get_antialiasing	0	static
../lvgl/src/hal/lv_hal_disp.c:503:12:lv_disp_get_dpi	0	static
../lvgl/src/hal/lv_hal_disp.c:514:31:lv_disp_flush_ready	0	static
../lvgl/src/hal/lv_hal_disp.c:526:31:lv_disp_flush_is_last	0	static
../lvgl/src/hal/lv_hal_disp.c:536:13:lv_disp_get_next	0	static
../lvgl/src/hal/lv_hal_disp.c:549:22:lv_disp_get_draw_buf	0	static
../lvgl/src/hal/lv_hal_disp.c:559:6:lv_disp_set_rotation	0	static
../lvgl/src/hal/lv_hal_disp.c:573:15:lv_disp_get_rotation	0	static
