../lvgl/src/widgets/image/lv_image.c:574:13:lv_image_constructor	16	static
../lvgl/src/widgets/image/lv_image.c:600:13:lv_image_destructor	8	static
../lvgl/src/widgets/image/lv_image.c:818:13:scale_update	72	static
../lvgl/src/widgets/image/lv_image.c:136:12:lv_image_create	8	static
../lvgl/src/widgets/image/lv_image.c:250:6:lv_image_set_offset_x	0	static
../lvgl/src/widgets/image/lv_image.c:260:6:lv_image_set_offset_y	0	static
../lvgl/src/widgets/image/lv_image.c:270:6:lv_image_set_rotation	64	static
../lvgl/src/widgets/image/lv_image.c:315:6:lv_image_set_pivot	72	static
../lvgl/src/widgets/image/lv_image.c:853:13:update_align	16	static
../lvgl/src/widgets/image/lv_image.c:148:6:lv_image_set_src.part.0	64	static
../lvgl/src/widgets/image/lv_image.c:148:6:lv_image_set_src	0	static
../lvgl/src/widgets/image/lv_image.c:611:13:lv_image_event	200	static
../lvgl/src/widgets/image/lv_image.c:358:6:lv_image_set_scale	0	static
../lvgl/src/widgets/image/lv_image.c:374:6:lv_image_set_scale_x	0	static
../lvgl/src/widgets/image/lv_image.c:390:6:lv_image_set_scale_y	0	static
../lvgl/src/widgets/image/lv_image.c:406:6:lv_image_set_blend_mode	0	static
../lvgl/src/widgets/image/lv_image.c:420:6:lv_image_set_antialias	0	static
../lvgl/src/widgets/image/lv_image.c:431:6:lv_image_set_inner_align	16	static
../lvgl/src/widgets/image/lv_image.c:449:6:lv_image_set_bitmap_map_src	0	static
../lvgl/src/widgets/image/lv_image.c:461:14:lv_image_get_src	0	static
../lvgl/src/widgets/image/lv_image.c:470:9:lv_image_get_offset_x	0	static
../lvgl/src/widgets/image/lv_image.c:479:9:lv_image_get_offset_y	0	static
../lvgl/src/widgets/image/lv_image.c:488:9:lv_image_get_rotation	0	static
../lvgl/src/widgets/image/lv_image.c:497:6:lv_image_get_pivot	16	static
../lvgl/src/widgets/image/lv_image.c:507:9:lv_image_get_scale	0	static
../lvgl/src/widgets/image/lv_image.c:516:9:lv_image_get_scale_x	0	static
../lvgl/src/widgets/image/lv_image.c:525:9:lv_image_get_scale_y	0	static
../lvgl/src/widgets/image/lv_image.c:534:17:lv_image_get_blend_mode	0	static
../lvgl/src/widgets/image/lv_image.c:543:6:lv_image_get_antialias	0	static
../lvgl/src/widgets/image/lv_image.c:552:18:lv_image_get_inner_align	0	static
../lvgl/src/widgets/image/lv_image.c:561:24:lv_image_get_bitmap_map_src	0	static
