../lvgl/src/widgets/led/lv_led.c:151:13:lv_led_constructor	8	static
../lvgl/src/widgets/led/lv_led.c:159:13:lv_led_event	224	static
../lvgl/src/widgets/led/lv_led.c:55:12:lv_led_create	8	static
../lvgl/src/widgets/led/lv_led.c:72:6:lv_led_set_color	0	static
../lvgl/src/widgets/led/lv_led.c:86:6:lv_led_set_brightness	0	static
../lvgl/src/widgets/led/lv_led.c:103:6:lv_led_on	0	static
../lvgl/src/widgets/led/lv_led.c:112:6:lv_led_off	0	static
../lvgl/src/widgets/led/lv_led.c:121:6:lv_led_toggle	0	static
../lvgl/src/widgets/led/lv_led.c:139:9:lv_led_get_brightness	0	static
