../lvgl/src/widgets/bar/../../core/../misc/../font/../misc/lv_area.h:123:26:lv_area_get_width	0	static
../lvgl/src/widgets/bar/../../core/../misc/../font/../misc/lv_area.h:133:26:lv_area_get_height	0	static
../lvgl/src/widgets/bar/lv_bar.c:248:13:draw_indic	288	static
../lvgl/src/widgets/bar/lv_bar.c:239:13:lv_bar_destructor	8	static
../lvgl/src/widgets/bar/lv_bar.c:567:13:lv_bar_anim_ready	0	static
../lvgl/src/widgets/bar/lv_bar.c:560:13:lv_bar_anim	0	static
../lvgl/src/widgets/bar/lv_bar.c:519:13:lv_bar_event	24	static
../lvgl/src/widgets/bar/lv_bar.c:581:13:lv_bar_set_value_with_anim.part.0	96	static
../lvgl/src/widgets/bar/lv_bar.c:213:13:lv_bar_constructor	16	static
../lvgl/src/widgets/bar/lv_bar.c:78:12:lv_bar_create	8	static
../lvgl/src/widgets/bar/lv_bar.c:90:6:lv_bar_set_value	16	static
../lvgl/src/widgets/bar/lv_bar.c:104:6:lv_bar_set_start_value	16	static
../lvgl/src/widgets/bar/lv_bar.c:121:6:lv_bar_set_range	0	static
../lvgl/src/widgets/bar/lv_bar.c:151:6:lv_bar_set_mode	0	static
../lvgl/src/widgets/bar/lv_bar.c:168:9:lv_bar_get_value	0	static
../lvgl/src/widgets/bar/lv_bar.c:176:9:lv_bar_get_start_value	0	static
../lvgl/src/widgets/bar/lv_bar.c:186:9:lv_bar_get_min_value	0	static
../lvgl/src/widgets/bar/lv_bar.c:193:9:lv_bar_get_max_value	0	static
../lvgl/src/widgets/bar/lv_bar.c:201:15:lv_bar_get_mode	0	static
