../lvgl/src/widgets/bar/lv_bar.c:274:13:lv_bar_destructor	8	static
../lvgl/src/widgets/bar/lv_bar.c:637:13:lv_bar_anim_completed	0	static
../lvgl/src/widgets/bar/lv_bar.c:630:13:lv_bar_anim	0	static
../lvgl/src/widgets/bar/lv_bar.c:651:13:lv_bar_set_value_with_anim.part.0	120	static
../lvgl/src/widgets/bar/lv_bar.c:283:13:draw_indic	520	static
../lvgl/src/widgets/bar/lv_bar.c:589:13:lv_bar_event	32	static
../lvgl/src/widgets/bar/lv_bar.c:83:12:lv_bar_create	8	static
../lvgl/src/widgets/bar/lv_bar.c:95:6:lv_bar_set_value	24	static
../lvgl/src/widgets/bar/lv_bar.c:246:13:lv_bar_constructor	16	static
../lvgl/src/widgets/bar/lv_bar.c:110:6:lv_bar_set_start_value	32	static
../lvgl/src/widgets/bar/lv_bar.c:128:6:lv_bar_set_range	16	static
../lvgl/src/widgets/bar/lv_bar.c:158:6:lv_bar_set_mode	0	static
../lvgl/src/widgets/bar/lv_bar.c:171:6:lv_bar_set_orientation	0	static
../lvgl/src/widgets/bar/lv_bar.c:184:9:lv_bar_get_value	0	static
../lvgl/src/widgets/bar/lv_bar.c:192:9:lv_bar_get_start_value	0	static
../lvgl/src/widgets/bar/lv_bar.c:202:9:lv_bar_get_min_value	0	static
../lvgl/src/widgets/bar/lv_bar.c:209:9:lv_bar_get_max_value	0	static
../lvgl/src/widgets/bar/lv_bar.c:217:15:lv_bar_get_mode	0	static
../lvgl/src/widgets/bar/lv_bar.c:225:22:lv_bar_get_orientation	0	static
../lvgl/src/widgets/bar/lv_bar.c:233:6:lv_bar_is_symmetrical	0	static
