../lvgl/src/widgets/buttonmatrix/lv_buttonmatrix.c:925:17:get_button_from_point	96	static
../lvgl/src/widgets/buttonmatrix/lv_buttonmatrix.c:669:13:draw_main	552	static
../lvgl/src/widgets/buttonmatrix/lv_buttonmatrix.c:383:13:lv_buttonmatrix_destructor	8	static
../lvgl/src/widgets/buttonmatrix/lv_buttonmatrix.c:978:13:invalidate_button_area.part.0	72	static
../lvgl/src/widgets/buttonmatrix/lv_buttonmatrix.c:100:6:lv_buttonmatrix_set_map.part.0	120	static
../lvgl/src/widgets/buttonmatrix/lv_buttonmatrix.c:363:13:lv_buttonmatrix_constructor	4	static
../lvgl/src/widgets/buttonmatrix/lv_buttonmatrix.c:88:12:lv_buttonmatrix_create	8	static
../lvgl/src/widgets/buttonmatrix/lv_buttonmatrix.c:100:6:lv_buttonmatrix_set_map	0	static
../lvgl/src/widgets/buttonmatrix/lv_buttonmatrix.c:191:6:lv_buttonmatrix_set_ctrl_map	8	static
../lvgl/src/widgets/buttonmatrix/lv_buttonmatrix.c:201:6:lv_buttonmatrix_set_selected_button	16	static
../lvgl/src/widgets/buttonmatrix/lv_buttonmatrix.c:214:6:lv_buttonmatrix_set_button_ctrl	24	static
../lvgl/src/widgets/buttonmatrix/lv_buttonmatrix.c:1021:13:make_one_button_checked	24	static
../lvgl/src/widgets/buttonmatrix/lv_buttonmatrix.c:395:13:lv_buttonmatrix_event	48	static
../lvgl/src/widgets/buttonmatrix/lv_buttonmatrix.c:234:6:lv_buttonmatrix_clear_button_ctrl	16	static
../lvgl/src/widgets/buttonmatrix/lv_buttonmatrix.c:250:6:lv_buttonmatrix_set_button_ctrl_all	32	static
../lvgl/src/widgets/buttonmatrix/lv_buttonmatrix.c:261:6:lv_buttonmatrix_clear_button_ctrl_all	24	static
../lvgl/src/widgets/buttonmatrix/lv_buttonmatrix.c:272:6:lv_buttonmatrix_set_button_width	8	static
../lvgl/src/widgets/buttonmatrix/lv_buttonmatrix.c:284:6:lv_buttonmatrix_set_one_checked	0	static
../lvgl/src/widgets/buttonmatrix/lv_buttonmatrix.c:299:22:lv_buttonmatrix_get_map	0	static
../lvgl/src/widgets/buttonmatrix/lv_buttonmatrix.c:307:10:lv_buttonmatrix_get_selected_button	0	static
../lvgl/src/widgets/buttonmatrix/lv_buttonmatrix.c:315:14:lv_buttonmatrix_get_button_text	32	static
../lvgl/src/widgets/buttonmatrix/lv_buttonmatrix.c:340:6:lv_buttonmatrix_has_button_ctrl	0	static
../lvgl/src/widgets/buttonmatrix/lv_buttonmatrix.c:350:6:lv_buttonmatrix_get_one_checked	0	static
