../lvgl/src/others/observer/lv_observer.c:705:13:obj_flag_observer_cb	4	static
../lvgl/src/others/observer/lv_observer.c:732:13:obj_state_observer_cb	4	static
../lvgl/src/others/observer/lv_observer.c:769:13:label_text_observer_cb	4	static
../lvgl/src/others/observer/lv_observer.c:803:13:arc_value_observer_cb	0	static
../lvgl/src/others/observer/lv_observer.c:820:13:slider_value_observer_cb	0	static
../lvgl/src/others/observer/lv_observer.c:837:13:roller_value_observer_cb	16	static
../lvgl/src/others/observer/lv_observer.c:856:13:dropdown_value_observer_cb	0	static
../lvgl/src/others/observer/lv_observer.c:434:6:lv_subject_notify.part.0	16	static
../lvgl/src/others/observer/lv_observer.c:861:13:lv_subject_notify_if_changed	8	static
../lvgl/src/others/observer/lv_observer.c:665:13:group_notify_cb	0	static
../lvgl/src/others/observer/lv_observer.c:829:13:roller_value_changed_event_cb	16	static
../lvgl/src/others/observer/lv_observer.c:848:13:dropdown_value_changed_event_cb	16	static
../lvgl/src/others/observer/lv_observer.c:795:13:arc_value_changed_event_cb	16	static
../lvgl/src/others/observer/lv_observer.c:812:13:slider_value_changed_event_cb	16	static
../lvgl/src/others/observer/lv_observer.c:759:13:obj_value_changed_event_cb	16	static
../lvgl/src/others/observer/lv_observer.c:672:13:unsubscribe_on_delete_cb	8	static
../lvgl/src/others/observer/lv_observer.c:86:6:lv_subject_init_int	16	static
../lvgl/src/others/observer/lv_observer.c:95:6:lv_subject_set_int	0	static
../lvgl/src/others/observer/lv_observer.c:107:9:lv_subject_get_int	0	static
../lvgl/src/others/observer/lv_observer.c:117:9:lv_subject_get_previous_int	0	static
../lvgl/src/others/observer/lv_observer.c:127:6:lv_subject_init_string	24	static
../lvgl/src/others/observer/lv_observer.c:141:6:lv_subject_copy_string	16	static
../lvgl/src/others/observer/lv_observer.c:158:6:lv_subject_snprintf	20	static
../lvgl/src/others/observer/lv_observer.c:180:14:lv_subject_get_string	0	static
../lvgl/src/others/observer/lv_observer.c:190:14:lv_subject_get_previous_string	0	static
../lvgl/src/others/observer/lv_observer.c:200:6:lv_subject_init_pointer	16	static
../lvgl/src/others/observer/lv_observer.c:209:6:lv_subject_set_pointer	0	static
../lvgl/src/others/observer/lv_observer.c:221:14:lv_subject_get_pointer	0	static
../lvgl/src/others/observer/lv_observer.c:231:14:lv_subject_get_previous_pointer	0	static
../lvgl/src/others/observer/lv_observer.c:241:6:lv_subject_init_color	16	static
../lvgl/src/others/observer/lv_observer.c:250:6:lv_subject_set_color	8	static
../lvgl/src/others/observer/lv_observer.c:262:12:lv_subject_get_color	8	static
../lvgl/src/others/observer/lv_observer.c:272:12:lv_subject_get_previous_color	8	static
../lvgl/src/others/observer/lv_observer.c:282:6:lv_subject_init_group	32	static
../lvgl/src/others/observer/lv_observer.c:297:6:lv_subject_deinit	24	static
../lvgl/src/others/observer/lv_observer.c:315:16:lv_subject_get_group_element	0	static
../lvgl/src/others/observer/lv_observer.c:328:17:lv_subject_add_observer	24	static
../lvgl/src/others/observer/lv_observer.c:337:17:lv_subject_add_observer_obj	24	static
../lvgl/src/others/observer/lv_observer.c:367:17:lv_subject_add_observer_with_target	24	static
../lvgl/src/others/observer/lv_observer.c:393:6:lv_observer_remove	8	static
../lvgl/src/others/observer/lv_observer.c:407:6:lv_obj_remove_from_subject	24	static
../lvgl/src/others/observer/lv_observer.c:427:8:lv_observer_get_target	0	static
../lvgl/src/others/observer/lv_observer.c:434:6:lv_subject_notify	0	static
../lvgl/src/others/observer/lv_observer.c:455:17:lv_obj_bind_flag_if_eq	24	static
../lvgl/src/others/observer/lv_observer.c:461:17:lv_obj_bind_flag_if_not_eq	24	static
../lvgl/src/others/observer/lv_observer.c:467:17:lv_obj_bind_flag_if_gt	24	static
../lvgl/src/others/observer/lv_observer.c:474:17:lv_obj_bind_flag_if_ge	24	static
../lvgl/src/others/observer/lv_observer.c:481:17:lv_obj_bind_flag_if_lt	24	static
../lvgl/src/others/observer/lv_observer.c:488:17:lv_obj_bind_flag_if_le	24	static
../lvgl/src/others/observer/lv_observer.c:496:17:lv_obj_bind_state_if_eq	24	static
../lvgl/src/others/observer/lv_observer.c:503:17:lv_obj_bind_state_if_not_eq	24	static
../lvgl/src/others/observer/lv_observer.c:510:17:lv_obj_bind_state_if_gt	24	static
../lvgl/src/others/observer/lv_observer.c:518:17:lv_obj_bind_state_if_ge	24	static
../lvgl/src/others/observer/lv_observer.c:525:17:lv_obj_bind_state_if_lt	24	static
../lvgl/src/others/observer/lv_observer.c:534:17:lv_obj_bind_state_if_le	24	static
../lvgl/src/others/observer/lv_observer.c:544:17:lv_obj_bind_checked	16	static
../lvgl/src/others/observer/lv_observer.c:553:17:lv_label_bind_text	4	static
../lvgl/src/others/observer/lv_observer.c:578:17:lv_arc_bind_value	16	static
../lvgl/src/others/observer/lv_observer.c:596:17:lv_slider_bind_value	16	static
../lvgl/src/others/observer/lv_observer.c:614:17:lv_roller_bind_value	16	static
../lvgl/src/others/observer/lv_observer.c:632:17:lv_dropdown_bind_value	16	static
../lvgl/src/others/observer/lv_observer.c:649:12:lv_observer_get_target_obj	0	static
../lvgl/src/others/observer/lv_observer.c:654:8:lv_observer_get_user_data	0	static
