../lvgl/src/widgets/textarea/lv_textarea.c:1072:13:pwd_char_hider_anim	0	static
../lvgl/src/widgets/textarea/lv_textarea.c:1149:13:start_cursor_blink	112	static
../lvgl/src/widgets/textarea/lv_textarea.c:962:13:lv_textarea_destructor	8	static
../lvgl/src/widgets/textarea/lv_textarea.c:1171:13:refr_cursor_area	80	static
../lvgl/src/widgets/textarea/lv_textarea.c:1032:13:label_event_cb	16	static
../lvgl/src/widgets/textarea/lv_textarea.c:1050:13:cursor_blink_anim_cb	32	static
../lvgl/src/widgets/textarea/lv_textarea.c:185:12:lv_textarea_create	8	static
../lvgl/src/widgets/textarea/lv_textarea.c:422:6:lv_textarea_set_placeholder_text	16	static
../lvgl/src/widgets/textarea/lv_textarea.c:451:6:lv_textarea_set_cursor_pos	32	static
../lvgl/src/widgets/textarea/lv_textarea.c:923:13:lv_textarea_constructor	16	static
../lvgl/src/widgets/textarea/lv_textarea.c:866:6:lv_textarea_cursor_down.part.0	32	static
../lvgl/src/widgets/textarea/lv_textarea.c:895:6:lv_textarea_cursor_up.part.0	32	static
../lvgl/src/widgets/textarea/lv_textarea.c:503:6:lv_textarea_set_cursor_click_pos	0	static
../lvgl/src/widgets/textarea/lv_textarea.c:572:6:lv_textarea_set_one_line	16	static
../lvgl/src/widgets/textarea/lv_textarea.c:596:6:lv_textarea_set_accepted_chars	0	static
../lvgl/src/widgets/textarea/lv_textarea.c:605:6:lv_textarea_set_max_length	0	static
../lvgl/src/widgets/textarea/lv_textarea.c:614:6:lv_textarea_set_insert_replace	0	static
../lvgl/src/widgets/textarea/lv_textarea.c:647:6:lv_textarea_set_align	16	static
../lvgl/src/widgets/textarea/lv_textarea.c:670:14:lv_textarea_get_text	0	static
../lvgl/src/widgets/textarea/lv_textarea.c:687:14:lv_textarea_get_placeholder_text	0	static
../lvgl/src/widgets/textarea/lv_textarea.c:696:12:lv_textarea_get_label	0	static
../lvgl/src/widgets/textarea/lv_textarea.c:704:10:lv_textarea_get_cursor_pos	0	static
../lvgl/src/widgets/textarea/lv_textarea.c:712:6:lv_textarea_get_cursor_click_pos	0	static
../lvgl/src/widgets/textarea/lv_textarea.c:720:6:lv_textarea_get_password_mode	0	static
../lvgl/src/widgets/textarea/lv_textarea.c:728:14:lv_textarea_get_password_bullet	32	static
../lvgl/src/widgets/textarea/lv_textarea.c:1092:13:pwd_char_hider.part.0	40	static
../lvgl/src/widgets/textarea/lv_textarea.c:1082:13:pwd_char_hider_anim_completed	0	static
../lvgl/src/widgets/textarea/lv_textarea.c:638:6:lv_textarea_set_password_show_time	0	static
../lvgl/src/widgets/textarea/lv_textarea.c:1471:13:auto_hide_characters	104	static
../lvgl/src/widgets/textarea/lv_textarea.c:542:6:lv_textarea_set_password_bullet	16	static
../lvgl/src/widgets/textarea/lv_textarea.c:745:6:lv_textarea_get_one_line	0	static
../lvgl/src/widgets/textarea/lv_textarea.c:753:14:lv_textarea_get_accepted_chars	0	static
../lvgl/src/widgets/textarea/lv_textarea.c:762:10:lv_textarea_get_max_length	0	static
../lvgl/src/widgets/textarea/lv_textarea.c:770:6:lv_textarea_text_is_selected	16	static
../lvgl/src/widgets/textarea/lv_textarea.c:790:6:lv_textarea_get_text_selection	0	static
../lvgl/src/widgets/textarea/lv_textarea.c:803:10:lv_textarea_get_password_show_time	0	static
../lvgl/src/widgets/textarea/lv_textarea.c:812:10:lv_textarea_get_current_char	24	static
../lvgl/src/widgets/textarea/lv_textarea.c:829:6:lv_textarea_clear_selection	16	static
../lvgl/src/widgets/textarea/lv_textarea.c:269:6:lv_textarea_add_text.part.0	32	static
../lvgl/src/widgets/textarea/lv_textarea.c:269:6:lv_textarea_add_text	0	static
../lvgl/src/widgets/textarea/lv_textarea.c:1370:20:insert_handler	16	static
../lvgl/src/widgets/textarea/lv_textarea.c:197:6:lv_textarea_add_char	40	static
../lvgl/src/widgets/textarea/lv_textarea.c:319:6:lv_textarea_delete_char	24	static
../lvgl/src/widgets/textarea/lv_textarea.c:981:13:lv_textarea_event	264	static
../lvgl/src/widgets/textarea/lv_textarea.c:363:6:lv_textarea_delete_char_forward	16	static
../lvgl/src/widgets/textarea/lv_textarea.c:376:6:lv_textarea_set_text	32	static
../lvgl/src/widgets/textarea/lv_textarea.c:511:6:lv_textarea_set_password_mode	16	static
../lvgl/src/widgets/textarea/lv_textarea.c:622:6:lv_textarea_set_text_selection	0	static
../lvgl/src/widgets/textarea/lv_textarea.c:846:6:lv_textarea_cursor_right	0	static
../lvgl/src/widgets/textarea/lv_textarea.c:855:6:lv_textarea_cursor_left	0	static
../lvgl/src/widgets/textarea/lv_textarea.c:866:6:lv_textarea_cursor_down	0	static
../lvgl/src/widgets/textarea/lv_textarea.c:895:6:lv_textarea_cursor_up	0	static
