../lvgl/src/draw/sw/lv_draw_sw_mask.c:996:52:lv_draw_mask_map	32	static
../lvgl/src/draw/sw/lv_draw_sw_mask.c:950:52:lv_draw_mask_fade	12	static
../lvgl/src/draw/sw/lv_draw_sw_mask.c:840:52:lv_draw_mask_radius	64	static
../lvgl/src/draw/sw/lv_draw_sw_mask.c:382:52:lv_draw_mask_line	32	static
../lvgl/src/draw/sw/lv_draw_sw_mask.c:702:52:lv_draw_mask_angle	48	static
../lvgl/src/draw/sw/lv_draw_sw_mask.c:81:6:lv_draw_sw_mask_init	0	static
../lvgl/src/draw/sw/lv_draw_sw_mask.c:86:6:lv_draw_sw_mask_deinit	0	static
../lvgl/src/draw/sw/lv_draw_sw_mask.c:91:45:lv_draw_sw_mask_apply	40	static
../lvgl/src/draw/sw/lv_draw_sw_mask.c:110:6:lv_draw_sw_mask_free_param	8	static
../lvgl/src/draw/sw/lv_draw_sw_mask.c:130:6:lv_draw_sw_mask_cleanup	16	static
../lvgl/src/draw/sw/lv_draw_sw_mask.c:141:6:lv_draw_sw_mask_line_points_init	32	static
../lvgl/src/draw/sw/lv_draw_sw_mask.c:223:6:lv_draw_sw_mask_line_angle_init	32	static
../lvgl/src/draw/sw/lv_draw_sw_mask.c:241:6:lv_draw_sw_mask_angle_init	40	static
../lvgl/src/draw/sw/lv_draw_sw_mask.c:294:6:lv_draw_sw_mask_radius_init	96	static
../lvgl/src/draw/sw/lv_draw_sw_mask.c:357:6:lv_draw_sw_mask_fade_init	4	static
../lvgl/src/draw/sw/lv_draw_sw_mask.c:370:6:lv_draw_sw_mask_map_init	8	static
