../lvgl/src/layouts/grid/lv_grid.c:710:19:grid_align	28	static
../lvgl/src/layouts/grid/lv_grid.c:348:13:grid_update	128	static
../lvgl/src/layouts/grid/lv_grid.c:134:6:lv_grid_init	8	static
../lvgl/src/layouts/grid/lv_grid.c:151:6:lv_obj_set_grid_dsc_array	16	static
../lvgl/src/layouts/grid/lv_grid.c:158:6:lv_obj_set_grid_align	16	static
../lvgl/src/layouts/grid/lv_grid.c:165:6:lv_obj_set_grid_cell	32	static
../lvgl/src/layouts/grid/lv_grid.c:180:6:lv_style_set_grid_row_dsc_array	0	static
../lvgl/src/layouts/grid/lv_grid.c:188:6:lv_style_set_grid_column_dsc_array	0	static
../lvgl/src/layouts/grid/lv_grid.c:196:6:lv_style_set_grid_row_align	0	static
../lvgl/src/layouts/grid/lv_grid.c:204:6:lv_style_set_grid_column_align	0	static
../lvgl/src/layouts/grid/lv_grid.c:213:6:lv_style_set_grid_cell_column_pos	0	static
../lvgl/src/layouts/grid/lv_grid.c:221:6:lv_style_set_grid_cell_column_span	0	static
../lvgl/src/layouts/grid/lv_grid.c:229:6:lv_style_set_grid_cell_row_pos	0	static
../lvgl/src/layouts/grid/lv_grid.c:237:6:lv_style_set_grid_cell_row_span	0	static
../lvgl/src/layouts/grid/lv_grid.c:245:6:lv_style_set_grid_cell_x_align	0	static
../lvgl/src/layouts/grid/lv_grid.c:253:6:lv_style_set_grid_cell_y_align	0	static
../lvgl/src/layouts/grid/lv_grid.c:261:6:lv_obj_set_style_grid_row_dsc_array	4	static
../lvgl/src/layouts/grid/lv_grid.c:269:6:lv_obj_set_style_grid_column_dsc_array	4	static
../lvgl/src/layouts/grid/lv_grid.c:278:6:lv_obj_set_style_grid_row_align	4	static
../lvgl/src/layouts/grid/lv_grid.c:286:6:lv_obj_set_style_grid_column_align	4	static
../lvgl/src/layouts/grid/lv_grid.c:295:6:lv_obj_set_style_grid_cell_column_pos	4	static
../lvgl/src/layouts/grid/lv_grid.c:303:6:lv_obj_set_style_grid_cell_column_span	4	static
../lvgl/src/layouts/grid/lv_grid.c:311:6:lv_obj_set_style_grid_cell_row_pos	4	static
../lvgl/src/layouts/grid/lv_grid.c:319:6:lv_obj_set_style_grid_cell_row_span	4	static
../lvgl/src/layouts/grid/lv_grid.c:327:6:lv_obj_set_style_grid_cell_x_align	4	static
../lvgl/src/layouts/grid/lv_grid.c:335:6:lv_obj_set_style_grid_cell_y_align	4	static
