../lvgl/src/widgets/span/lv_span.c:754:13:lv_text_get_snippet	40	static
../lvgl/src/widgets/span/lv_span.c:668:13:lv_spangroup_destructor	16	static
../lvgl/src/widgets/span/lv_span.c:655:13:lv_spangroup_constructor	8	static
../lvgl/src/widgets/span/lv_span.c:1165:25:make_span_coords.constprop.isra	88	static
../lvgl/src/widgets/span/lv_span.c:403:9:lv_spangroup_get_max_line_height.part.0	32	static
../lvgl/src/widgets/span/lv_span.c:421:10:lv_spangroup_get_expand_width.part.0	64	static
../lvgl/src/widgets/span/lv_span.c:96:6:lv_span_stack_init	8	static
../lvgl/src/widgets/span/lv_span.c:105:6:lv_span_stack_deinit	0	static
../lvgl/src/widgets/span/lv_span.c:110:12:lv_spangroup_create	8	static
../lvgl/src/widgets/span/lv_span.c:117:13:lv_spangroup_add_span	16	static
../lvgl/src/widgets/span/lv_span.c:137:6:lv_spangroup_delete_span	24	static
../lvgl/src/widgets/span/lv_span.c:167:6:lv_span_set_text	16	static
../lvgl/src/widgets/span/lv_span.c:190:6:lv_spangroup_set_span_text	8	static
../lvgl/src/widgets/span/lv_span.c:196:6:lv_span_set_text_static	16	static
../lvgl/src/widgets/span/lv_span.c:210:6:lv_spangroup_set_span_text_static	16	static
../lvgl/src/widgets/span/lv_span.c:216:6:lv_spangroup_set_span_style	8	static
../lvgl/src/widgets/span/lv_span.c:226:6:lv_spangroup_set_align	0	static
../lvgl/src/widgets/span/lv_span.c:233:6:lv_spangroup_set_overflow	0	static
../lvgl/src/widgets/span/lv_span.c:243:6:lv_spangroup_set_indent	8	static
../lvgl/src/widgets/span/lv_span.c:254:6:lv_spangroup_set_mode	16	static
../lvgl/src/widgets/span/lv_span.c:285:6:lv_spangroup_set_max_lines	8	static
../lvgl/src/widgets/span/lv_span.c:298:14:lv_span_get_style	0	static
../lvgl/src/widgets/span/lv_span.c:303:14:lv_span_get_text	0	static
../lvgl/src/widgets/span/lv_span.c:308:13:lv_spangroup_get_child	16	static
../lvgl/src/widgets/span/lv_span.c:345:10:lv_spangroup_get_span_count	0	static
../lvgl/src/widgets/span/lv_span.c:358:17:lv_spangroup_get_align	16	static
../lvgl/src/widgets/span/lv_span.c:363:20:lv_spangroup_get_overflow	0	static
../lvgl/src/widgets/span/lv_span.c:370:9:lv_spangroup_get_indent	0	static
../lvgl/src/widgets/span/lv_span.c:377:16:lv_spangroup_get_mode	24	static
../lvgl/src/widgets/span/lv_span.c:453:9:lv_spangroup_get_expand_height.part.0	136	static
../lvgl/src/widgets/span/lv_span.c:685:13:lv_spangroup_event	328	static
../lvgl/src/widgets/span/lv_span.c:395:9:lv_spangroup_get_max_lines	0	static
../lvgl/src/widgets/span/lv_span.c:403:9:lv_spangroup_get_max_line_height	0	static
../lvgl/src/widgets/span/lv_span.c:421:10:lv_spangroup_get_expand_width	0	static
../lvgl/src/widgets/span/lv_span.c:453:9:lv_spangroup_get_expand_height	0	static
../lvgl/src/widgets/span/lv_span.c:575:18:lv_spangroup_get_span_coords	72	static
../lvgl/src/widgets/span/lv_span.c:603:13:lv_spangroup_get_span_by_point	112	static
../lvgl/src/widgets/span/lv_span.c:643:6:lv_spangroup_refresh	8	static
