../lvgl/src/widgets/spinbox/lv_spinbox.c:462:13:lv_spinbox_updatevalue	72	static
../lvgl/src/widgets/spinbox/lv_spinbox.c:336:13:lv_spinbox_constructor	16	static
../lvgl/src/widgets/spinbox/lv_spinbox.c:53:12:lv_spinbox_create	8	static
../lvgl/src/widgets/spinbox/lv_spinbox.c:70:6:lv_spinbox_set_value	4	static
../lvgl/src/widgets/spinbox/lv_spinbox.c:88:6:lv_spinbox_set_rollover	0	static
../lvgl/src/widgets/spinbox/lv_spinbox.c:103:6:lv_spinbox_set_digit_format	16	static
../lvgl/src/widgets/spinbox/lv_spinbox.c:129:6:lv_spinbox_set_step	0	static
../lvgl/src/widgets/spinbox/lv_spinbox.c:144:6:lv_spinbox_set_range	0	static
../lvgl/src/widgets/spinbox/lv_spinbox.c:163:6:lv_spinbox_set_cursor_pos	24	static
../lvgl/src/widgets/spinbox/lv_spinbox.c:182:6:lv_spinbox_set_digit_step_direction	0	static
../lvgl/src/widgets/spinbox/lv_spinbox.c:199:9:lv_spinbox_get_value	0	static
../lvgl/src/widgets/spinbox/lv_spinbox.c:211:9:lv_spinbox_get_step	0	static
../lvgl/src/widgets/spinbox/lv_spinbox.c:227:6:lv_spinbox_step_next	0	static
../lvgl/src/widgets/spinbox/lv_spinbox.c:242:6:lv_spinbox_step_prev	0	static
../lvgl/src/widgets/spinbox/lv_spinbox.c:258:6:lv_spinbox_get_rollover	0	static
../lvgl/src/widgets/spinbox/lv_spinbox.c:270:6:lv_spinbox_increment	0	static
../lvgl/src/widgets/spinbox/lv_spinbox.c:303:6:lv_spinbox_decrement	0	static
../lvgl/src/widgets/spinbox/lv_spinbox.c:361:13:lv_spinbox_event	24	static
