../lvgl/src/widgets/animimage/lv_animimage.c:184:13:lv_animimg_constructor	16	static
../lvgl/src/widgets/animimage/lv_animimage.c:203:13:index_change	0	static
../lvgl/src/widgets/animimage/lv_animimage.c:98:12:lv_animimg_create	8	static
../lvgl/src/widgets/animimage/lv_animimage.c:106:6:lv_animimg_set_src	0	static
../lvgl/src/widgets/animimage/lv_animimage.c:115:6:lv_animimg_start	0	static
../lvgl/src/widgets/animimage/lv_animimage.c:126:6:lv_animimg_set_duration	16	static
../lvgl/src/widgets/animimage/lv_animimage.c:134:6:lv_animimg_set_repeat_count	0	static
../lvgl/src/widgets/animimage/lv_animimage.c:145:15:lv_animimg_get_src	0	static
../lvgl/src/widgets/animimage/lv_animimage.c:152:9:lv_animimg_get_src_count	0	static
../lvgl/src/widgets/animimage/lv_animimage.c:159:10:lv_animimg_get_duration	0	static
../lvgl/src/widgets/animimage/lv_animimage.c:166:10:lv_animimg_get_repeat_count	0	static
../lvgl/src/widgets/animimage/lv_animimage.c:173:13:lv_animimg_get_anim	0	static
