../lvgl/src/widgets/chart/lv_chart.c:822:13:draw_series_line	352	static
../lvgl/src/widgets/chart/lv_chart.c:977:13:draw_series_scatter	304	static
../lvgl/src/widgets/chart/lv_chart.c:669:13:lv_chart_destructor	16	static
../lvgl/src/widgets/chart/lv_chart.c:640:13:lv_chart_constructor	16	static
../lvgl/src/widgets/chart/lv_chart.c:1369:13:new_points_alloc	24	static
../lvgl/src/widgets/chart/lv_chart.c:1307:13:invalidate_point.part.0	48	static
../lvgl/src/widgets/chart/lv_chart.c:212:6:lv_chart_get_point_pos_by_id.part.0	72	static
../lvgl/src/widgets/chart/lv_chart.c:1186:13:draw_cursors	456	static
../lvgl/src/widgets/chart/lv_chart.c:699:13:lv_chart_event	240	static
../lvgl/src/widgets/chart/lv_chart.c:71:12:lv_chart_create	8	static
../lvgl/src/widgets/chart/lv_chart.c:79:6:lv_chart_set_type	24	static
../lvgl/src/widgets/chart/lv_chart.c:108:6:lv_chart_set_point_count	24	static
../lvgl/src/widgets/chart/lv_chart.c:132:6:lv_chart_set_axis_range	0	static
../lvgl/src/widgets/chart/lv_chart.c:164:6:lv_chart_set_update_mode	0	static
../lvgl/src/widgets/chart/lv_chart.c:175:6:lv_chart_set_div_line_count	0	static
../lvgl/src/widgets/chart/lv_chart.c:188:17:lv_chart_get_type	0	static
../lvgl/src/widgets/chart/lv_chart.c:196:10:lv_chart_get_point_count	0	static
../lvgl/src/widgets/chart/lv_chart.c:204:10:lv_chart_get_x_start_point	0	static
../lvgl/src/widgets/chart/lv_chart.c:212:6:lv_chart_get_point_pos_by_id	12	static
../lvgl/src/widgets/chart/lv_chart.c:292:6:lv_chart_refresh	0	static
../lvgl/src/widgets/chart/lv_chart.c:303:21:lv_chart_add_series	32	static
../lvgl/src/widgets/chart/lv_chart.c:365:6:lv_chart_remove_series	16	static
../lvgl/src/widgets/chart/lv_chart.c:380:6:lv_chart_hide_series	0	static
../lvgl/src/widgets/chart/lv_chart.c:389:6:lv_chart_set_series_color	8	static
../lvgl/src/widgets/chart/lv_chart.c:398:12:lv_chart_get_series_color	8	static
../lvgl/src/widgets/chart/lv_chart.c:407:6:lv_chart_set_x_start_point	0	static
../lvgl/src/widgets/chart/lv_chart.c:417:21:lv_chart_get_series_next	0	static
../lvgl/src/widgets/chart/lv_chart.c:430:22:lv_chart_add_cursor	24	static
../lvgl/src/widgets/chart/lv_chart.c:448:6:lv_chart_set_cursor_pos	4	static
../lvgl/src/widgets/chart/lv_chart.c:458:6:lv_chart_set_cursor_point	16	static
../lvgl/src/widgets/chart/lv_chart.c:470:12:lv_chart_get_cursor_point	0	static
../lvgl/src/widgets/chart/lv_chart.c:482:6:lv_chart_set_all_values	4	static
../lvgl/src/widgets/chart/lv_chart.c:497:6:lv_chart_set_next_value	16	static
../lvgl/src/widgets/chart/lv_chart.c:509:6:lv_chart_set_next_value2	12	static
../lvgl/src/widgets/chart/lv_chart.c:527:6:lv_chart_set_series_values	24	static
../lvgl/src/widgets/chart/lv_chart.c:535:6:lv_chart_set_series_values2	32	static
../lvgl/src/widgets/chart/lv_chart.c:545:6:lv_chart_set_series_value_by_id	4	static
../lvgl/src/widgets/chart/lv_chart.c:556:6:lv_chart_set_series_value_by_id2	12	static
../lvgl/src/widgets/chart/lv_chart.c:574:6:lv_chart_set_series_ext_y_array	16	static
../lvgl/src/widgets/chart/lv_chart.c:585:6:lv_chart_set_series_ext_x_array	16	static
../lvgl/src/widgets/chart/lv_chart.c:596:11:lv_chart_get_series_y_array	0	static
../lvgl/src/widgets/chart/lv_chart.c:604:11:lv_chart_get_series_x_array	0	static
../lvgl/src/widgets/chart/lv_chart.c:612:10:lv_chart_get_pressed_point	0	static
../lvgl/src/widgets/chart/lv_chart.c:618:9:lv_chart_get_first_point_center_offset	24	static
