../lvgl/src/widgets/chart/lv_chart.c:1384:13:draw_y_ticks	240	static
../lvgl/src/widgets/chart/lv_chart.c:1515:13:draw_x_ticks	224	static
../lvgl/src/widgets/chart/lv_chart.c:675:13:lv_chart_destructor	16	static
../lvgl/src/widgets/chart/lv_chart.c:644:13:lv_chart_constructor	8	static
../lvgl/src/widgets/chart/lv_chart.c:1742:13:new_points_alloc	24	static
../lvgl/src/widgets/chart/lv_chart.c:1680:13:invalidate_point.part.0	40	static
../lvgl/src/widgets/chart/lv_chart.c:270:6:lv_chart_get_point_pos_by_id.part.0	56	static
../lvgl/src/widgets/chart/lv_chart.c:703:13:lv_chart_event	376	static
../lvgl/src/widgets/chart/lv_chart.c:67:12:lv_chart_create	8	static
../lvgl/src/widgets/chart/lv_chart.c:75:6:lv_chart_set_type	24	static
../lvgl/src/widgets/chart/lv_chart.c:104:6:lv_chart_set_point_count	24	static
../lvgl/src/widgets/chart/lv_chart.c:128:6:lv_chart_set_range	0	static
../lvgl/src/widgets/chart/lv_chart.c:160:6:lv_chart_set_update_mode	0	static
../lvgl/src/widgets/chart/lv_chart.c:171:6:lv_chart_set_div_line_count	0	static
../lvgl/src/widgets/chart/lv_chart.c:185:6:lv_chart_set_zoom_x	8	static
../lvgl/src/widgets/chart/lv_chart.c:199:6:lv_chart_set_zoom_y	8	static
../lvgl/src/widgets/chart/lv_chart.c:213:10:lv_chart_get_zoom_x	0	static
../lvgl/src/widgets/chart/lv_chart.c:221:10:lv_chart_get_zoom_y	0	static
../lvgl/src/widgets/chart/lv_chart.c:229:6:lv_chart_set_axis_tick	16	static
../lvgl/src/widgets/chart/lv_chart.c:246:17:lv_chart_get_type	0	static
../lvgl/src/widgets/chart/lv_chart.c:254:10:lv_chart_get_point_count	0	static
../lvgl/src/widgets/chart/lv_chart.c:262:10:lv_chart_get_x_start_point	0	static
../lvgl/src/widgets/chart/lv_chart.c:270:6:lv_chart_get_point_pos_by_id	12	static
../lvgl/src/widgets/chart/lv_chart.c:330:6:lv_chart_refresh	0	static
../lvgl/src/widgets/chart/lv_chart.c:341:21:lv_chart_add_series	24	static
../lvgl/src/widgets/chart/lv_chart.c:384:6:lv_chart_remove_series	16	static
../lvgl/src/widgets/chart/lv_chart.c:398:6:lv_chart_hide_series	0	static
../lvgl/src/widgets/chart/lv_chart.c:408:6:lv_chart_set_series_color	0	static
../lvgl/src/widgets/chart/lv_chart.c:417:6:lv_chart_set_x_start_point	0	static
../lvgl/src/widgets/chart/lv_chart.c:427:21:lv_chart_get_series_next	0	static
../lvgl/src/widgets/chart/lv_chart.c:447:22:lv_chart_add_cursor	16	static
../lvgl/src/widgets/chart/lv_chart.c:473:6:lv_chart_set_cursor_pos	0	static
../lvgl/src/widgets/chart/lv_chart.c:492:6:lv_chart_set_cursor_point	16	static
../lvgl/src/widgets/chart/lv_chart.c:510:12:lv_chart_get_cursor_point	8	static
../lvgl/src/widgets/chart/lv_chart.c:523:6:lv_chart_set_all_value	8	static
../lvgl/src/widgets/chart/lv_chart.c:537:6:lv_chart_set_next_value	16	static
../lvgl/src/widgets/chart/lv_chart.c:549:6:lv_chart_set_next_value2	8	static
../lvgl/src/widgets/chart/lv_chart.c:567:6:lv_chart_set_value_by_id	4	static
../lvgl/src/widgets/chart/lv_chart.c:578:6:lv_chart_set_value_by_id2	12	static
../lvgl/src/widgets/chart/lv_chart.c:596:6:lv_chart_set_ext_y_array	16	static
../lvgl/src/widgets/chart/lv_chart.c:607:6:lv_chart_set_ext_x_array	16	static
../lvgl/src/widgets/chart/lv_chart.c:618:14:lv_chart_get_y_array	0	static
../lvgl/src/widgets/chart/lv_chart.c:626:14:lv_chart_get_x_array	0	static
../lvgl/src/widgets/chart/lv_chart.c:634:10:lv_chart_get_pressed_point	0	static
../lvgl/src/widgets/chart/lv_chart.c:1788:23:get_tick_gsc	0	static
