../lvgl/src/draw/lv_draw_label.c:63:6:lv_draw_letter_dsc_init	8	static
../lvgl/src/draw/lv_draw_label.c:75:6:lv_draw_label_dsc_init	8	static
../lvgl/src/draw/lv_draw_label.c:90:23:lv_draw_task_get_label_dsc	0	static
../lvgl/src/draw/lv_draw_label.c:95:6:lv_draw_glyph_dsc_init	0	static
../lvgl/src/draw/lv_draw_label.c:100:28:lv_draw_label	16	static
../lvgl/src/draw/lv_draw_label.c:128:28:lv_draw_character	72	static
../lvgl/src/draw/lv_draw_label.c:168:28:lv_draw_letter	64	static
../lvgl/src/draw/lv_draw_label.c:542:6:lv_draw_unit_draw_letter	72	static
../lvgl/src/draw/lv_draw_label.c:204:6:lv_draw_label_iterate_characters	296	static
