../lvgl/src/draw/lv_draw_rect.c:40:28:lv_draw_rect_dsc_init	8	static
../lvgl/src/draw/lv_draw_rect.c:59:6:lv_draw_fill_dsc_init	8	static
../lvgl/src/draw/lv_draw_rect.c:66:22:lv_draw_task_get_fill_dsc	0	static
../lvgl/src/draw/lv_draw_rect.c:71:6:lv_draw_border_dsc_init	8	static
../lvgl/src/draw/lv_draw_rect.c:79:24:lv_draw_task_get_border_dsc	0	static
../lvgl/src/draw/lv_draw_rect.c:84:6:lv_draw_box_shadow_dsc_init	8	static
../lvgl/src/draw/lv_draw_rect.c:91:28:lv_draw_task_get_box_shadow_dsc	0	static
../lvgl/src/draw/lv_draw_rect.c:96:6:lv_draw_rect	120	static
