../lvgl/src/draw/lv_draw.c:431:6:lv_draw_layer_init.part.0	24	static
../lvgl/src/draw/lv_draw.c:56:6:lv_draw_init	0	static
../lvgl/src/draw/lv_draw.c:63:6:lv_draw_deinit	16	static
../lvgl/src/draw/lv_draw.c:80:8:lv_draw_create_unit	8	static
../lvgl/src/draw/lv_draw.c:94:18:lv_draw_add_task	32	static
../lvgl/src/draw/lv_draw.c:184:6:lv_draw_wait_for_finish	0	static
../lvgl/src/draw/lv_draw.c:224:6:lv_draw_dispatch_layer	32	static
../lvgl/src/draw/lv_draw.c:203:6:lv_draw_dispatch	24	static
../lvgl/src/draw/lv_draw.c:123:6:lv_draw_finalize_task_creation	24	static
../lvgl/src/draw/lv_draw.c:284:6:lv_draw_dispatch_wait_for_request	0	static
../lvgl/src/draw/lv_draw.c:296:6:lv_draw_dispatch_request	0	static
../lvgl/src/draw/lv_draw.c:307:10:lv_draw_get_unit_count	0	static
../lvgl/src/draw/lv_draw.c:312:18:lv_draw_get_next_available_task	40	static
../lvgl/src/draw/lv_draw.c:373:10:lv_draw_get_dependent_count	16	static
../lvgl/src/draw/lv_draw.c:394:6:lv_layer_init	8	static
../lvgl/src/draw/lv_draw.c:401:6:lv_layer_reset	0	static
../lvgl/src/draw/lv_draw.c:410:14:lv_draw_layer_create	24	static
../lvgl/src/draw/lv_draw.c:431:6:lv_draw_layer_init	0	static
../lvgl/src/draw/lv_draw.c:459:8:lv_draw_layer_alloc_buf	24	static
../lvgl/src/draw/lv_draw.c:501:8:lv_draw_layer_go_to_xy	0	static
../lvgl/src/draw/lv_draw.c:506:21:lv_draw_task_get_type	0	static
../lvgl/src/draw/lv_draw.c:511:8:lv_draw_task_get_draw_dsc	0	static
../lvgl/src/draw/lv_draw.c:516:6:lv_draw_task_get_area	0	static
