../lvgl/src/draw/lv_draw_image.c:280:13:img_decode_and_draw	136	static
../lvgl/src/draw/lv_draw_image.c:49:6:lv_draw_image_dsc_init	8	static
../lvgl/src/draw/lv_draw_image.c:61:23:lv_draw_task_get_image_dsc	0	static
../lvgl/src/draw/lv_draw_image.c:133:16:lv_image_src_get_type	0	static
../lvgl/src/draw/lv_draw_image.c:190:6:lv_draw_image_tiled_helper	192	static
../lvgl/src/draw/lv_draw_image.c:249:6:lv_image_buf_get_transformed_area	72	static
../lvgl/src/draw/lv_draw_image.c:66:6:lv_draw_layer	48	static
../lvgl/src/draw/lv_draw_image.c:95:6:lv_draw_image	48	static
../lvgl/src/draw/lv_draw_image.c:150:6:lv_draw_image_normal_helper	152	static
