../lvgl/src/draw/lv_image_decoder.c:293:29:image_decoder_get_info	64	static
../lvgl/src/draw/lv_image_decoder.c:59:6:lv_image_decoder_init	16	static
../lvgl/src/draw/lv_image_decoder.c:71:6:lv_image_decoder_deinit	8	static
../lvgl/src/draw/lv_image_decoder.c:79:13:lv_image_decoder_get_info	96	static
../lvgl/src/draw/lv_image_decoder.c:92:13:lv_image_decoder_open	40	static
../lvgl/src/draw/lv_image_decoder.c:146:13:lv_image_decoder_get_area	4	static
../lvgl/src/draw/lv_image_decoder.c:155:6:lv_image_decoder_close	8	static
../lvgl/src/draw/lv_image_decoder.c:171:22:lv_image_decoder_create	8	static
../lvgl/src/draw/lv_image_decoder.c:183:6:lv_image_decoder_delete	8	static
../lvgl/src/draw/lv_image_decoder.c:189:22:lv_image_decoder_get_next	0	static
../lvgl/src/draw/lv_image_decoder.c:197:6:lv_image_decoder_set_info_cb	0	static
../lvgl/src/draw/lv_image_decoder.c:202:6:lv_image_decoder_set_open_cb	0	static
../lvgl/src/draw/lv_image_decoder.c:207:6:lv_image_decoder_set_get_area_cb	0	static
../lvgl/src/draw/lv_image_decoder.c:212:6:lv_image_decoder_set_close_cb	0	static
../lvgl/src/draw/lv_image_decoder.c:217:20:lv_image_decoder_add_to_cache	24	static
../lvgl/src/draw/lv_image_decoder.c:240:17:lv_image_decoder_post_process	24	static
