../Display/display.c:779:27:LinesIntersection	4	static
../Display/display.c:48:6:Display_TC_Callback	24	static,ignoring_inline_asm
../Display/display.c:114:13:LCD_SetCS	0	static
../Display/display.c:119:13:LCD_ResCS	0	static
../Display/display.c:124:13:LCD_SetDC	0	static
../Display/display.c:129:13:LCD_ResDC	0	static
../Display/display.c:153:6:LCD_DelayMs	0	static
../Display/display.c:166:6:LCD_HardWareReset	4	static
../Display/display.c:177:6:LCD_String_Interpretator	16	static
../Display/display.c:228:14:LCD_DisplayAdd	48	static
../Display/display.c:351:6:LCD_Delete	8	static
../Display/display.c:375:16:LCD_GetBackLight	0	static
../Display/display.c:381:17:LCD_GetWidth	0	static
../Display/display.c:387:17:LCD_GetHeight	0	static
../Display/display.c:394:18:LCD_GetState	0	static
../Display/display.c:403:6:LCD_SetBackLight	4	static
../Display/display.c:367:6:LCD_Init	8	static
../Display/display.c:450:6:LCD_SleepIn	8	static
../Display/display.c:482:6:LCD_SleepOut	8	static
../Display/display.c:492:6:LCD_SetActiveWindow	16	static
../Display/display.c:498:6:LCD_WriteData	16	static
../Display/display.c:533:6:LCD_WriteDataDMA	32	static
../Display/display.c:580:6:LCD_FillWindow	32	static
../Display/display.c:655:6:LCD_Fill	16	static
../Display/display.c:661:6:LCD_DrawPixel	24	static
../Display/display.c:673:6:LCD_DrawLine	56	static
../Display/display.c:736:6:LCD_DrawRectangle	40	static
../Display/display.c:745:6:LCD_DrawFilledRectangle	8	static
../Display/display.c:758:6:LCD_DrawTriangle	48	static
../Display/display.c:806:6:LCD_DrawFilledTriangle	112	static
../Display/display.c:857:6:LCD_DrawCircle	64	static
../Display/display.c:893:6:LCD_DrawFilledCircle	64	static
../Display/display.c:928:6:LCD_DrawImage	32	static
../Display/display.c:958:6:LCD_ReadImage	64	static
../Display/display.c:1086:6:LCD_WriteChar	56	static
../Display/display.c:1162:6:LCD_WriteString	56	static
../Display/display.c:1180:17:LCD_Color	4	static
../Display/display.c:1189:17:LCD_Color_24b_to_16b	0	static
