../Core/Src/main.c:56:13:anim_x_cb	0	static
../Core/Src/main.c:61:13:anim_size_cb	0	static
../Core/Src/main.c:96:13:set_angle	0	static
../Drivers/CMSIS/Include/core_cm4.h:1861:26:NVIC_EncodePriority.constprop	0	static
../Core/Src/main.c:69:6:lv_example_anim_2	88	static
../Core/Src/main.c:101:6:lv_example_arc_2	88	static
../Core/Src/main.c:196:6:SystemClock_Config	8	static
../Core/Src/main.c:134:5:main	128	static,ignoring_inline_asm
../Core/Src/main.c:430:6:Error_Handler	0	static,ignoring_inline_asm
