../lvgl/src/indev/lv_indev.c:1831:13:indev_scroll_throw_anim_completed_cb	0	static
../lvgl/src/indev/lv_indev.c:1815:13:indev_scroll_throw_anim_cb	8	static
../lvgl/src/indev/lv_indev.c:115:14:lv_indev_create	8	static
../lvgl/src/indev/lv_indev.c:163:14:lv_indev_get_next	0	static
../lvgl/src/indev/lv_indev.c:275:6:lv_indev_enable	16	static
../lvgl/src/indev/lv_indev.c:289:14:lv_indev_active	0	static
../lvgl/src/indev/lv_indev.c:294:6:lv_indev_set_type	0	static
../lvgl/src/indev/lv_indev.c:302:6:lv_indev_set_read_cb	0	static
../lvgl/src/indev/lv_indev.c:309:6:lv_indev_set_user_data	0	static
../lvgl/src/indev/lv_indev.c:315:6:lv_indev_set_driver_data	0	static
../lvgl/src/indev/lv_indev.c:321:20:lv_indev_get_read_cb	0	static
../lvgl/src/indev/lv_indev.c:331:17:lv_indev_get_type	0	static
../lvgl/src/indev/lv_indev.c:338:18:lv_indev_get_state	0	static
../lvgl/src/indev/lv_indev.c:345:14:lv_indev_get_group	0	static
../lvgl/src/indev/lv_indev.c:352:16:lv_indev_get_display	0	static
../lvgl/src/indev/lv_indev.c:359:6:lv_indev_set_display	0	static
../lvgl/src/indev/lv_indev.c:366:6:lv_indev_set_long_press_time	0	static
../lvgl/src/indev/lv_indev.c:373:6:lv_indev_set_long_press_repeat_time	0	static
../lvgl/src/indev/lv_indev.c:380:6:lv_indev_set_scroll_limit	0	static
../lvgl/src/indev/lv_indev.c:387:6:lv_indev_set_scroll_throw	0	static
../lvgl/src/indev/lv_indev.c:394:8:lv_indev_get_user_data	0	static
../lvgl/src/indev/lv_indev.c:400:8:lv_indev_get_driver_data	0	static
../lvgl/src/indev/lv_indev.c:407:6:lv_indev_get_press_moved	0	static
../lvgl/src/indev/lv_indev.c:429:6:lv_indev_stop_processing	0	static
../lvgl/src/indev/lv_indev.c:435:6:lv_indev_reset_long_press	8	static
../lvgl/src/indev/lv_indev.c:442:6:lv_indev_set_cursor	16	static
../lvgl/src/indev/lv_indev.c:453:6:lv_indev_set_group	0	static
../lvgl/src/indev/lv_indev.c:460:6:lv_indev_set_button_points	0	static
../lvgl/src/indev/lv_indev.c:467:6:lv_indev_get_point	0	static
../lvgl/src/indev/lv_indev.c:483:10:lv_indev_get_gesture_dir	0	static
../lvgl/src/indev/lv_indev.c:488:10:lv_indev_get_key	0	static
../lvgl/src/indev/lv_indev.c:498:9:lv_indev_get_short_click_streak	0	static
../lvgl/src/indev/lv_indev.c:503:10:lv_indev_get_scroll_dir	0	static
../lvgl/src/indev/lv_indev.c:510:12:lv_indev_get_scroll_obj	0	static
../lvgl/src/indev/lv_indev.c:517:6:lv_indev_get_vect	0	static
../lvgl/src/indev/lv_indev.c:530:12:lv_indev_get_cursor	0	static
../lvgl/src/indev/lv_indev.c:536:6:lv_indev_wait_release	0	static
../lvgl/src/indev/lv_indev.c:542:12:lv_indev_get_active_obj	0	static
../lvgl/src/indev/lv_indev.c:547:14:lv_indev_get_read_timer	0	static
../lvgl/src/indev/lv_indev.c:557:17:lv_indev_get_mode	0	static
../lvgl/src/indev/lv_indev.c:563:6:lv_indev_set_mode	8	static
../lvgl/src/indev/lv_indev.c:581:12:lv_indev_search_obj	48	static
../lvgl/src/indev/lv_indev.c:1550:19:pointer_search_obj	16	static
../lvgl/src/indev/lv_indev.c:617:6:lv_indev_add_event_cb	0	static
../lvgl/src/indev/lv_indev.c:624:10:lv_indev_get_event_count	0	static
../lvgl/src/indev/lv_indev.c:630:18:lv_indev_get_event_dsc	0	static
../lvgl/src/indev/lv_indev.c:637:6:lv_indev_remove_event	0	static
../lvgl/src/indev/lv_indev.c:644:10:lv_indev_remove_event_cb_with_user_data	24	static
../lvgl/src/indev/lv_indev.c:663:13:lv_indev_send_event	56	static
../lvgl/src/indev/lv_indev.c:147:6:lv_indev_delete	8	static
../lvgl/src/indev/lv_indev.c:1788:20:send_event	24	static
../lvgl/src/indev/lv_indev.c:1482:20:indev_proc_short_click	16	static
../lvgl/src/indev/lv_indev.c:1181:13:indev_proc_press	32	static
../lvgl/src/indev/lv_indev.c:1362:13:indev_proc_release	152	static
../lvgl/src/indev/lv_indev.c:207:6:lv_indev_read.part.0	80	static
../lvgl/src/indev/lv_indev.c:207:6:lv_indev_read	0	static
../lvgl/src/indev/lv_indev.c:202:6:lv_indev_read_timer_cb	0	static
../lvgl/src/indev/lv_indev.c:1748:13:indev_reset_core.part.0	16	static
../lvgl/src/indev/lv_indev.c:414:6:lv_indev_reset	24	static
