../lvgl/src/libs/qrcode/qrcodegen.c:561:14:getAlignmentPatternPositions	8	static
../lvgl/src/libs/qrcode/qrcodegen.c:768:13:hasFinderLikePattern	0	static
../lvgl/src/libs/qrcode/qrcodegen.c:1061:12:numCharCountBits	8	static
../lvgl/src/libs/qrcode/qrcodegen.c:1037:14:getTotalBits	40	static
../lvgl/src/libs/qrcode/qrcodegen.c:188:15:appendBitsToBuffer	16	static
../lvgl/src/libs/qrcode/qrcodegen.c:812:15:setModule	8	static
../lvgl/src/libs/qrcode/qrcodegen.c:345:14:getNumRawDataModules	8	static
../lvgl/src/libs/qrcode/qrcodegen.c:802:15:getModule	8	static
../lvgl/src/libs/qrcode/qrcodegen.c:858:6:qrcodegen_isNumeric.part.0	8	static
../lvgl/src/libs/qrcode/qrcodegen.c:332:14:getNumDataCodewords	8	static
../lvgl/src/libs/qrcode/qrcodegen.c:526:13:drawFormatBits	24	static
../lvgl/src/libs/qrcode/qrcodegen.c:622:13:applyMask	56	static
../lvgl/src/libs/qrcode/qrcodegen.c:426:15:initializeFunctionModules	64	static
../lvgl/src/libs/qrcode/qrcodegen.c:209:6:qrcodegen_encodeSegmentsAdvanced	136	static
../lvgl/src/libs/qrcode/qrcodegen.c:169:6:qrcodegen_encodeBinary	56	static
../lvgl/src/libs/qrcode/qrcodegen.c:200:6:qrcodegen_encodeSegments	32	static
../lvgl/src/libs/qrcode/qrcodegen.c:782:5:qrcodegen_getSize	8	static
../lvgl/src/libs/qrcode/qrcodegen.c:793:6:qrcodegen_getModule	8	static
../lvgl/src/libs/qrcode/qrcodegen.c:846:6:qrcodegen_isAlphanumeric	16	static
../lvgl/src/libs/qrcode/qrcodegen.c:858:6:qrcodegen_isNumeric	8	static
../lvgl/src/libs/qrcode/qrcodegen.c:870:8:qrcodegen_calcSegmentBufferSize	8	static
../lvgl/src/libs/qrcode/qrcodegen.c:916:26:qrcodegen_makeBytes	16	static
../lvgl/src/libs/qrcode/qrcodegen.c:932:26:qrcodegen_makeNumeric	48	static
../lvgl/src/libs/qrcode/qrcodegen.c:967:26:qrcodegen_makeAlphanumeric	48	static
../lvgl/src/libs/qrcode/qrcodegen.c:128:6:qrcodegen_encodeText	88	static
../lvgl/src/libs/qrcode/qrcodegen.c:1002:26:qrcodegen_makeEci	16	static
../lvgl/src/libs/qrcode/qrcodegen.c:1090:5:qrcodegen_getMinFitVersion	48	static
../lvgl/src/libs/qrcode/qrcodegen.c:1106:5:qrcodegen_version2size	0	static
