../lvgl/src/widgets/checkbox/lv_checkbox.c:131:13:lv_checkbox_constructor	8	static
../lvgl/src/widgets/checkbox/lv_checkbox.c:167:13:lv_checkbox_event	344	static
../lvgl/src/widgets/checkbox/lv_checkbox.c:154:13:lv_checkbox_destructor	16	static
../lvgl/src/widgets/checkbox/lv_checkbox.c:60:12:lv_checkbox_create	8	static
../lvgl/src/widgets/checkbox/lv_checkbox.c:72:6:lv_checkbox_set_text	16	static
../lvgl/src/widgets/checkbox/lv_checkbox.c:104:6:lv_checkbox_set_text_static	16	static
../lvgl/src/widgets/checkbox/lv_checkbox.c:121:14:lv_checkbox_get_text	0	static
