../lvgl/src/widgets/roller/lv_roller.c:869:13:set_y_anim	0	static
../lvgl/src/widgets/roller/lv_roller.c:874:13:transform_vect_recursive	48	static
../lvgl/src/widgets/roller/lv_roller.c:850:16:get_selected_label_width	40	static
../lvgl/src/widgets/roller/lv_roller.c:645:13:get_sel_area	40	static
../lvgl/src/widgets/roller/lv_roller.c:511:13:draw_main	248	static
../lvgl/src/widgets/roller/lv_roller.c:818:13:inf_normalize.part.0	32	static
../lvgl/src/widgets/roller/lv_roller.c:669:13:refr_position	128	static
../lvgl/src/widgets/roller/lv_roller.c:480:13:lv_roller_label_event	208	static
../lvgl/src/widgets/roller/lv_roller.c:863:13:scroll_anim_completed_cb	8	static
../lvgl/src/widgets/roller/lv_roller.c:128:6:lv_roller_set_options.part.0	56	static
../lvgl/src/widgets/roller/lv_roller.c:334:13:lv_roller_constructor	16	static
../lvgl/src/widgets/roller/lv_roller.c:116:12:lv_roller_create	8	static
../lvgl/src/widgets/roller/lv_roller.c:128:6:lv_roller_set_options	0	static
../lvgl/src/widgets/roller/lv_roller.c:189:6:lv_roller_set_selected	16	static
../lvgl/src/widgets/roller/lv_roller.c:356:13:lv_roller_event	56	static
../lvgl/src/widgets/roller/lv_roller.c:223:6:lv_roller_set_selected_str	40	static
../lvgl/src/widgets/roller/lv_roller.c:250:6:lv_roller_set_visible_row_count	32	static
../lvgl/src/widgets/roller/lv_roller.c:264:10:lv_roller_get_selected	0	static
../lvgl/src/widgets/roller/lv_roller.c:278:6:lv_roller_get_selected_str	24	static
../lvgl/src/widgets/roller/lv_roller.c:310:14:lv_roller_get_options	8	static
../lvgl/src/widgets/roller/lv_roller.c:317:10:lv_roller_get_option_count	0	static
