../lvgl/src/widgets/roller/lv_roller.c:793:13:set_y_anim	0	static
../lvgl/src/widgets/roller/lv_roller.c:773:19:get_selected_label_width	40	static
../lvgl/src/widgets/roller/lv_roller.c:578:13:get_sel_area	32	static
../lvgl/src/widgets/roller/lv_roller.c:739:13:inf_normalize.part.0	24	static
../lvgl/src/widgets/roller/lv_roller.c:602:13:refr_position	120	static
../lvgl/src/widgets/roller/lv_roller.c:425:13:lv_roller_label_event	88	static
../lvgl/src/widgets/roller/lv_roller.c:786:13:scroll_anim_ready_cb	8	static
../lvgl/src/widgets/roller/lv_roller.c:97:6:lv_roller_set_options.part.0	32	static
../lvgl/src/widgets/roller/lv_roller.c:301:13:lv_roller_constructor	16	static
../lvgl/src/widgets/roller/lv_roller.c:79:12:lv_roller_create	8	static
../lvgl/src/widgets/roller/lv_roller.c:97:6:lv_roller_set_options	0	static
../lvgl/src/widgets/roller/lv_roller.c:159:6:lv_roller_set_selected	12	static
../lvgl/src/widgets/roller/lv_roller.c:322:13:lv_roller_event	144	static
../lvgl/src/widgets/roller/lv_roller.c:198:6:lv_roller_set_visible_row_count	24	static
../lvgl/src/widgets/roller/lv_roller.c:217:10:lv_roller_get_selected	0	static
../lvgl/src/widgets/roller/lv_roller.c:237:6:lv_roller_get_selected_str	24	static
../lvgl/src/widgets/roller/lv_roller.c:270:14:lv_roller_get_options	8	static
../lvgl/src/widgets/roller/lv_roller.c:283:10:lv_roller_get_option_cnt	0	static
