../lvgl/src/widgets/img/lv_img.c:427:19:lv_img_get_transformed_size	40	static
../lvgl/src/widgets/img/lv_img.c:389:13:lv_img_constructor	16	static
../lvgl/src/widgets/img/lv_img.c:416:13:lv_img_destructor	8	static
../lvgl/src/widgets/img/lv_img.c:58:12:lv_img_create	8	static
../lvgl/src/widgets/img/lv_img.c:70:6:lv_img_set_src	48	static
../lvgl/src/widgets/img/lv_img.c:441:13:lv_img_event	136	static
../lvgl/src/widgets/img/lv_img.c:163:6:lv_img_set_offset_x	0	static
../lvgl/src/widgets/img/lv_img.c:175:6:lv_img_set_offset_y	0	static
../lvgl/src/widgets/img/lv_img.c:187:6:lv_img_set_angle	40	static
../lvgl/src/widgets/img/lv_img.c:223:6:lv_img_set_pivot	48	static
../lvgl/src/widgets/img/lv_img.c:257:6:lv_img_set_zoom	40	static
../lvgl/src/widgets/img/lv_img.c:292:6:lv_img_set_antialias	0	static
../lvgl/src/widgets/img/lv_img.c:301:6:lv_img_set_size_mode	0	static
../lvgl/src/widgets/img/lv_img.c:315:14:lv_img_get_src	0	static
../lvgl/src/widgets/img/lv_img.c:324:12:lv_img_get_offset_x	0	static
../lvgl/src/widgets/img/lv_img.c:333:12:lv_img_get_offset_y	0	static
../lvgl/src/widgets/img/lv_img.c:342:10:lv_img_get_angle	0	static
../lvgl/src/widgets/img/lv_img.c:351:6:lv_img_get_pivot	0	static
../lvgl/src/widgets/img/lv_img.c:360:10:lv_img_get_zoom	0	static
../lvgl/src/widgets/img/lv_img.c:369:6:lv_img_get_antialias	0	static
../lvgl/src/widgets/img/lv_img.c:378:20:lv_img_get_size_mode	0	static
