../lvgl/src/widgets/calendar/lv_calendar_header_dropdown.c:101:13:my_constructor	16	static
../lvgl/src/widgets/calendar/lv_calendar_header_dropdown.c:163:13:value_changed_event_cb	16	static
../lvgl/src/widgets/calendar/lv_calendar_header_dropdown.c:126:13:month_event_cb	16	static
../lvgl/src/widgets/calendar/lv_calendar_header_dropdown.c:141:13:year_event_cb	24	static
../lvgl/src/widgets/calendar/lv_calendar_header_dropdown.c:64:12:lv_calendar_header_dropdown_create	8	static
../lvgl/src/widgets/calendar/lv_calendar_header_dropdown.c:72:6:lv_calendar_header_dropdown_set_year_list	16	static
