../lvgl/src/widgets/label/lv_label.c:1259:13:set_ofs_y_anim	0	static
../lvgl/src/widgets/label/lv_label.c:1252:13:set_ofs_x_anim	0	static
../lvgl/src/widgets/label/lv_label.c:1298:13:calculate_x_coordinate	16	static
../lvgl/src/widgets/label/lv_label.c:849:13:overwrite_anim_property	4	static
../lvgl/src/widgets/label/lv_label.c:1164:13:lv_label_revert_dots.part.0	16	static
../lvgl/src/widgets/label/lv_label.c:377:10:lv_label_get_letter_on.part.0	112	static
../lvgl/src/widgets/label/lv_label.c:686:13:lv_label_destructor	8	static
../lvgl/src/widgets/label/lv_label.c:878:13:lv_label_refr_text.part.0	160	static
../lvgl/src/widgets/label/lv_label.c:696:13:lv_label_event	104	static
../lvgl/src/widgets/label/lv_label.c:79:12:lv_label_create	8	static
../lvgl/src/widgets/label/lv_label.c:91:6:lv_label_set_text	24	static
../lvgl/src/widgets/label/lv_label.c:134:6:lv_label_set_text_fmt	28	static
../lvgl/src/widgets/label/lv_label.c:162:6:lv_label_set_text_static	16	static
../lvgl/src/widgets/label/lv_label.c:180:6:lv_label_set_long_mode	16	static
../lvgl/src/widgets/label/lv_label.c:650:13:lv_label_constructor	16	static
../lvgl/src/widgets/label/lv_label.c:206:6:lv_label_set_recolor	4	static
../lvgl/src/widgets/label/lv_label.c:219:6:lv_label_set_text_selection_start	0	static
../lvgl/src/widgets/label/lv_label.c:233:6:lv_label_set_text_selection_end	0	static
../lvgl/src/widgets/label/lv_label.c:251:8:lv_label_get_text	0	static
../lvgl/src/widgets/label/lv_label.c:258:22:lv_label_get_long_mode	0	static
../lvgl/src/widgets/label/lv_label.c:265:6:lv_label_get_recolor	0	static
../lvgl/src/widgets/label/lv_label.c:273:6:lv_label_get_letter_pos	104	static
../lvgl/src/widgets/label/lv_label.c:377:10:lv_label_get_letter_on	0	static
../lvgl/src/widgets/label/lv_label.c:491:6:lv_label_is_char_under_pos	96	static
../lvgl/src/widgets/label/lv_label.c:570:10:lv_label_get_text_selection_start	0	static
../lvgl/src/widgets/label/lv_label.c:583:10:lv_label_get_text_selection_end	0	static
../lvgl/src/widgets/label/lv_label.c:600:6:lv_label_ins_text	24	static
../lvgl/src/widgets/label/lv_label.c:628:6:lv_label_cut_text	16	static
