../lvgl/src/stdlib/builtin/lv_tlsf.c:653:25:block_split	8	static
../lvgl/src/stdlib/builtin/lv_tlsf.c:821:13:integrity_walker	4	static
../lvgl/src/stdlib/builtin/lv_tlsf.c:887:13:default_walker	0	static
../lvgl/src/stdlib/builtin/lv_tlsf.c:640:13:block_insert	8	static
../lvgl/src/stdlib/builtin/lv_tlsf.c:714:13:block_trim_free	16	static
../lvgl/src/stdlib/builtin/lv_tlsf.c:585:13:remove_free_block	8	static
../lvgl/src/stdlib/builtin/lv_tlsf.c:754:25:block_locate_free	16	static
../lvgl/src/stdlib/builtin/lv_tlsf.c:699:25:block_merge_next	16	static
../lvgl/src/stdlib/builtin/lv_tlsf.c:838:5:lv_tlsf_check	36	static
../lvgl/src/stdlib/builtin/lv_tlsf.c:893:6:lv_tlsf_walk_pool	24	static
../lvgl/src/stdlib/builtin/lv_tlsf.c:909:8:lv_tlsf_block_size	0	static
../lvgl/src/stdlib/builtin/lv_tlsf.c:919:5:lv_tlsf_check_pool	16	static
../lvgl/src/stdlib/builtin/lv_tlsf.c:932:8:lv_tlsf_size	0	static
../lvgl/src/stdlib/builtin/lv_tlsf.c:937:8:lv_tlsf_align_size	0	static
../lvgl/src/stdlib/builtin/lv_tlsf.c:942:8:lv_tlsf_block_size_min	0	static
../lvgl/src/stdlib/builtin/lv_tlsf.c:947:8:lv_tlsf_block_size_max	0	static
../lvgl/src/stdlib/builtin/lv_tlsf.c:957:8:lv_tlsf_pool_overhead	0	static
../lvgl/src/stdlib/builtin/lv_tlsf.c:962:8:lv_tlsf_alloc_overhead	0	static
../lvgl/src/stdlib/builtin/lv_tlsf.c:967:11:lv_tlsf_add_pool	16	static
../lvgl/src/stdlib/builtin/lv_tlsf.c:1014:6:lv_tlsf_remove_pool	0	static
../lvgl/src/stdlib/builtin/lv_tlsf.c:1060:11:lv_tlsf_create	8	static
../lvgl/src/stdlib/builtin/lv_tlsf.c:1079:11:lv_tlsf_create_with_pool	16	static
../lvgl/src/stdlib/builtin/lv_tlsf.c:1086:6:lv_tlsf_destroy	0	static
../lvgl/src/stdlib/builtin/lv_tlsf.c:1092:11:lv_tlsf_get_pool	0	static
../lvgl/src/stdlib/builtin/lv_tlsf.c:1097:8:lv_tlsf_malloc	16	static
../lvgl/src/stdlib/builtin/lv_tlsf.c:1105:8:lv_tlsf_memalign	32	static
../lvgl/src/stdlib/builtin/lv_tlsf.c:1159:8:lv_tlsf_free	24	static
../lvgl/src/stdlib/builtin/lv_tlsf.c:1190:8:lv_tlsf_realloc	40	static
