../lvgl/src/misc/lv_array.c:38:6:lv_array_init	8	static
../lvgl/src/misc/lv_array.c:49:6:lv_array_init_from_buf	4	static
../lvgl/src/misc/lv_array.c:60:6:lv_array_deinit	8	static
../lvgl/src/misc/lv_array.c:71:6:lv_array_copy	16	static
../lvgl/src/misc/lv_array.c:82:6:lv_array_shrink	16	static
../lvgl/src/misc/lv_array.c:89:13:lv_array_remove	16	static
../lvgl/src/misc/lv_array.c:111:13:lv_array_erase	16	static
../lvgl/src/misc/lv_array.c:137:6:lv_array_resize	16	static
../lvgl/src/misc/lv_array.c:157:13:lv_array_concat	24	static
../lvgl/src/misc/lv_array.c:174:13:lv_array_push_back	16	static
../lvgl/src/misc/lv_array.c:196:8:lv_array_at	0	static
../lvgl/src/misc/lv_array.c:206:13:lv_array_assign	8	static
../lvgl/src/misc/lv_array.c:215:10:lv_array_size	0	static
../lvgl/src/misc/lv_array.c:220:10:lv_array_capacity	0	static
../lvgl/src/misc/lv_array.c:225:6:lv_array_is_empty	0	static
../lvgl/src/misc/lv_array.c:230:6:lv_array_is_full	0	static
../lvgl/src/misc/lv_array.c:235:6:lv_array_clear	0	static
../lvgl/src/misc/lv_array.c:240:8:lv_array_front	0	static
../lvgl/src/misc/lv_array.c:245:8:lv_array_back	0	static
