../lvgl/src/misc/lv_anim.c:208:9:lv_anim_path_linear	16	static
../lvgl/src/misc/lv_anim.c:346:13:anim_timer	32	static
../lvgl/src/misc/lv_anim.c:57:6:_lv_anim_core_init	16	static
../lvgl/src/misc/lv_anim.c:65:6:lv_anim_init	8	static
../lvgl/src/misc/lv_anim.c:113:10:lv_anim_get_playtime	8	static
../lvgl/src/misc/lv_anim.c:134:6:lv_anim_del	40	static
../lvgl/src/misc/lv_anim.c:76:13:lv_anim_start	16	static
../lvgl/src/misc/lv_anim.c:159:6:lv_anim_del_all	8	static
../lvgl/src/misc/lv_anim.c:165:13:lv_anim_get	16	static
../lvgl/src/misc/lv_anim.c:177:22:lv_anim_get_timer	0	static
../lvgl/src/misc/lv_anim.c:182:10:lv_anim_count_running	16	static
../lvgl/src/misc/lv_anim.c:191:10:lv_anim_speed_to_time	0	static
../lvgl/src/misc/lv_anim.c:203:6:lv_anim_refr_now	0	static
../lvgl/src/misc/lv_anim.c:223:9:lv_anim_path_ease_in	24	static
../lvgl/src/misc/lv_anim.c:237:9:lv_anim_path_ease_out	24	static
../lvgl/src/misc/lv_anim.c:251:9:lv_anim_path_ease_in_out	24	static
../lvgl/src/misc/lv_anim.c:265:9:lv_anim_path_overshoot	24	static
../lvgl/src/misc/lv_anim.c:279:9:lv_anim_path_bounce	24	static
../lvgl/src/misc/lv_anim.c:330:9:lv_anim_path_step	0	static
