../lvgl/src/misc/lv_area.c:41:6:lv_area_set	0	static
../lvgl/src/misc/lv_area.c:49:6:lv_area_set_width	0	static
../lvgl/src/misc/lv_area.c:54:6:lv_area_set_height	0	static
../lvgl/src/misc/lv_area.c:59:6:lv_area_set_pos	4	static
../lvgl/src/misc/lv_area.c:69:10:lv_area_get_size	4	static
../lvgl/src/misc/lv_area.c:78:6:lv_area_increase	4	static
../lvgl/src/misc/lv_area.c:86:6:lv_area_move	4	static
../lvgl/src/misc/lv_area.c:94:6:lv_area_intersect	12	static
../lvgl/src/misc/lv_area.c:111:8:lv_area_diff	24	static
../lvgl/src/misc/lv_area.c:176:6:lv_area_join	8	static
../lvgl/src/misc/lv_area.c:184:6:lv_area_is_point_on	64	static
../lvgl/src/misc/lv_area.c:244:6:lv_area_is_on	0	static
../lvgl/src/misc/lv_area.c:254:6:lv_area_is_in	32	static
../lvgl/src/misc/lv_area.c:284:6:lv_area_is_out	32	static
../lvgl/src/misc/lv_area.c:311:6:lv_area_is_equal	0	static
../lvgl/src/misc/lv_area.c:316:6:lv_area_align	48	static
../lvgl/src/misc/lv_area.c:449:6:lv_point_array_transform	56	static
../lvgl/src/misc/lv_area.c:443:6:lv_point_transform	24	static
../lvgl/src/misc/lv_area.c:512:9:lv_area_get_width	0	static
../lvgl/src/misc/lv_area.c:517:9:lv_area_get_height	0	static
../lvgl/src/misc/lv_area.c:522:12:lv_point_from_precise	0	static
../lvgl/src/misc/lv_area.c:531:20:lv_point_to_precise	0	static
../lvgl/src/misc/lv_area.c:540:6:lv_point_set	0	static
../lvgl/src/misc/lv_area.c:546:6:lv_point_precise_set	0	static
../lvgl/src/misc/lv_area.c:552:6:lv_point_swap	8	static
../lvgl/src/misc/lv_area.c:559:6:lv_point_precise_swap	8	static
../lvgl/src/misc/lv_area.c:566:9:lv_pct	0	static
../lvgl/src/misc/lv_area.c:571:9:lv_pct_to_px	0	static
