../lvgl/src/misc/lv_circle_buf.c:53:19:lv_circle_buf_create	16	static
../lvgl/src/misc/lv_circle_buf.c:72:19:lv_circle_buf_create_from_buf	24	static
../lvgl/src/misc/lv_circle_buf.c:93:19:lv_circle_buf_create_from_array	16	static
../lvgl/src/misc/lv_circle_buf.c:117:13:lv_circle_buf_resize	16	static
../lvgl/src/misc/lv_circle_buf.c:133:6:lv_circle_buf_destroy	8	static
../lvgl/src/misc/lv_circle_buf.c:142:10:lv_circle_buf_size	0	static
../lvgl/src/misc/lv_circle_buf.c:149:10:lv_circle_buf_capacity	0	static
../lvgl/src/misc/lv_circle_buf.c:156:10:lv_circle_buf_remain	8	static
../lvgl/src/misc/lv_circle_buf.c:163:6:lv_circle_buf_is_empty	0	static
../lvgl/src/misc/lv_circle_buf.c:170:6:lv_circle_buf_is_full	8	static
../lvgl/src/misc/lv_circle_buf.c:177:6:lv_circle_buf_reset	8	static
../lvgl/src/misc/lv_circle_buf.c:186:8:lv_circle_buf_head	16	static
../lvgl/src/misc/lv_circle_buf.c:194:8:lv_circle_buf_tail	16	static
../lvgl/src/misc/lv_circle_buf.c:218:13:lv_circle_buf_write	16	static
../lvgl/src/misc/lv_circle_buf.c:232:10:lv_circle_buf_fill	32	static
../lvgl/src/misc/lv_circle_buf.c:253:13:lv_circle_buf_skip	0	static
../lvgl/src/misc/lv_circle_buf.c:276:13:lv_circle_buf_peek_at	16	static
../lvgl/src/misc/lv_circle_buf.c:202:13:lv_circle_buf_read	8	static
../lvgl/src/misc/lv_circle_buf.c:268:13:lv_circle_buf_peek	0	static
