../lvgl/src/misc/lv_color.c:404:19:lv_color_filter_shade_cb	32	static
../lvgl/src/misc/lv_color.c:43:9:lv_color_format_get_bpp	0	static
../lvgl/src/misc/lv_color.c:82:6:lv_color_format_has_alpha	0	static
../lvgl/src/misc/lv_color.c:106:14:lv_color_to_32	16	static
../lvgl/src/misc/lv_color.c:116:10:lv_color_to_u16	8	static
../lvgl/src/misc/lv_color.c:121:10:lv_color_to_u32	8	static
../lvgl/src/misc/lv_color.c:126:12:lv_color_lighten	16	static
../lvgl/src/misc/lv_color.c:132:12:lv_color_darken	16	static
../lvgl/src/misc/lv_color.c:137:12:lv_color_hsv_to_rgb	16	static
../lvgl/src/misc/lv_color.c:195:16:lv_color_rgb_to_hsv	32	static
../lvgl/src/misc/lv_color.c:246:16:lv_color_to_hsv	16	static
../lvgl/src/misc/lv_color.c:251:9:lv_color_format_get_size	0	static
../lvgl/src/misc/lv_color.c:256:10:lv_color_to_int	8	static
../lvgl/src/misc/lv_color.c:262:6:lv_color_eq	8	static
../lvgl/src/misc/lv_color.c:267:6:lv_color32_eq	8	static
../lvgl/src/misc/lv_color.c:272:12:lv_color_hex	8	static
../lvgl/src/misc/lv_color.c:281:12:lv_color_make	8	static
../lvgl/src/misc/lv_color.c:290:14:lv_color32_make	8	static
../lvgl/src/misc/lv_color.c:300:12:lv_color_hex3	8	static
../lvgl/src/misc/lv_color.c:306:32:lv_color_16_16_mix	0	static
../lvgl/src/misc/lv_color.c:326:12:lv_color_white	8	static
../lvgl/src/misc/lv_color.c:331:12:lv_color_black	8	static
../lvgl/src/misc/lv_color.c:336:6:lv_color_premultiply	0	static
../lvgl/src/misc/lv_color.c:352:6:lv_color16_premultiply	0	static
../lvgl/src/misc/lv_color.c:368:9:lv_color_luminance	8	static
../lvgl/src/misc/lv_color.c:373:9:lv_color16_luminance	0	static
../lvgl/src/misc/lv_color.c:378:9:lv_color24_luminance	4	static
../lvgl/src/misc/lv_color.c:383:9:lv_color32_luminance	8	static
