../lvgl/src/misc/lv_event.c:359:13:cleanup_event_list_core	24	static
../lvgl/src/misc/lv_event.c:57:6:lv_event_push	0	static
../lvgl/src/misc/lv_event.c:67:6:lv_event_pop	0	static
../lvgl/src/misc/lv_event.c:72:13:lv_event_send	56	static
../lvgl/src/misc/lv_event.c:120:18:lv_event_add	32	static
../lvgl/src/misc/lv_event.c:139:6:lv_event_remove_dsc	24	static
../lvgl/src/misc/lv_event.c:157:10:lv_event_get_count	0	static
../lvgl/src/misc/lv_event.c:163:18:lv_event_get_dsc	8	static
../lvgl/src/misc/lv_event.c:170:15:lv_event_dsc_get_cb	0	static
../lvgl/src/misc/lv_event.c:176:8:lv_event_dsc_get_user_data	0	static
../lvgl/src/misc/lv_event.c:183:6:lv_event_remove	16	static
../lvgl/src/misc/lv_event.c:193:6:lv_event_remove_all	16	static
../lvgl/src/misc/lv_event.c:202:8:lv_event_get_current_target	0	static
../lvgl/src/misc/lv_event.c:207:8:lv_event_get_target	0	static
../lvgl/src/misc/lv_event.c:212:17:lv_event_get_code	0	static
../lvgl/src/misc/lv_event.c:217:8:lv_event_get_param	0	static
../lvgl/src/misc/lv_event.c:222:8:lv_event_get_user_data	0	static
../lvgl/src/misc/lv_event.c:227:6:lv_event_stop_bubbling	0	static
../lvgl/src/misc/lv_event.c:232:6:lv_event_stop_processing	0	static
../lvgl/src/misc/lv_event.c:237:10:lv_event_register_id	0	static
../lvgl/src/misc/lv_event.c:243:6:lv_event_mark_deleted	0	static
../lvgl/src/misc/lv_event.c:253:14:lv_event_code_get_name	0	static
