../lvgl/src/misc/lv_fs.c:55:6:lv_fs_init	0	static
../lvgl/src/misc/lv_fs.c:60:6:lv_fs_deinit	0	static
../lvgl/src/misc/lv_fs.c:65:6:lv_fs_is_ready	16	static
../lvgl/src/misc/lv_fs.c:76:13:lv_fs_open	32	static
../lvgl/src/misc/lv_fs.c:145:6:lv_fs_make_path_from_buffer	0	static
../lvgl/src/misc/lv_fs.c:154:13:lv_fs_close	16	static
../lvgl/src/misc/lv_fs.c:186:13:lv_fs_read	56	static
../lvgl/src/misc/lv_fs.c:217:13:lv_fs_write	40	static
../lvgl/src/misc/lv_fs.c:248:13:lv_fs_seek	24	static
../lvgl/src/misc/lv_fs.c:276:13:lv_fs_tell	4	static
../lvgl/src/misc/lv_fs.c:304:13:lv_fs_dir_open	24	static
../lvgl/src/misc/lv_fs.c:343:13:lv_fs_dir_read	4	static
../lvgl/src/misc/lv_fs.c:368:13:lv_fs_dir_close	8	static
../lvgl/src/misc/lv_fs.c:390:6:lv_fs_drv_init	0	static
../lvgl/src/misc/lv_fs.c:395:6:lv_fs_drv_register	8	static
../lvgl/src/misc/lv_fs.c:406:15:lv_fs_get_drv	16	static
../lvgl/src/misc/lv_fs.c:419:8:lv_fs_get_letters	16	static
../lvgl/src/misc/lv_fs.c:434:14:lv_fs_get_ext	8	static
../lvgl/src/misc/lv_fs.c:449:8:lv_fs_up	8	static
../lvgl/src/misc/lv_fs.c:475:14:lv_fs_get_last	8	static
