../lvgl/src/misc/lv_malloc_builtin.c:172:13:lv_mem_walker	0	static
../lvgl/src/misc/lv_malloc_builtin.c:72:6:lv_mem_init_builtin	8	static
../lvgl/src/misc/lv_malloc_builtin.c:91:6:lv_mem_deinit_builtin	8	static
../lvgl/src/misc/lv_malloc_builtin.c:97:25:lv_mem_builtin_add_pool	4	static
../lvgl/src/misc/lv_malloc_builtin.c:102:6:lv_mem_builtin_remove_pool	0	static
../lvgl/src/misc/lv_malloc_builtin.c:107:6:lv_mem_monitor_builtin	8	static
../lvgl/src/misc/lv_malloc_builtin.c:130:8:lv_malloc_builtin	8	static
../lvgl/src/misc/lv_malloc_builtin.c:137:8:lv_realloc_builtin	4	static
../lvgl/src/misc/lv_malloc_builtin.c:142:6:lv_free_builtin	8	static
../lvgl/src/misc/lv_malloc_builtin.c:152:10:lv_mem_test_builtin	8	static
