../lvgl/src/misc/lv_style.c:176:6:lv_style_init	0	static
../lvgl/src/misc/lv_style.c:190:6:lv_style_reset	8	static
../lvgl/src/misc/lv_style.c:231:17:lv_style_register_prop	16	static
../lvgl/src/misc/lv_style.c:267:17:lv_style_get_num_custom_props	0	static
../lvgl/src/misc/lv_style.c:272:6:lv_style_remove_prop	24	static
../lvgl/src/misc/lv_style.c:325:6:lv_style_set_prop	24	static
../lvgl/src/misc/lv_style.c:202:6:lv_style_copy	24	static
../lvgl/src/misc/lv_style.c:380:16:lv_style_get_prop	8	static
../lvgl/src/misc/lv_style.c:385:6:lv_style_transition_dsc_init	24	static
../lvgl/src/misc/lv_style.c:396:18:lv_style_prop_get_default	8	static
../lvgl/src/misc/lv_style.c:464:6:lv_style_is_empty	0	static
../lvgl/src/misc/lv_style.c:471:9:lv_style_prop_lookup_flags	0	static
