../lvgl/src/widgets/animimg/lv_animimg.c:138:13:lv_animimg_constructor	16	static
../lvgl/src/widgets/animimg/lv_animimg.c:156:13:index_change	0	static
../lvgl/src/widgets/animimg/lv_animimg.c:59:12:lv_animimg_create	8	static
../lvgl/src/widgets/animimg/lv_animimg.c:67:6:lv_animimg_set_src	4	static
../lvgl/src/widgets/animimg/lv_animimg.c:76:6:lv_animimg_start	0	static
../lvgl/src/widgets/animimg/lv_animimg.c:87:6:lv_animimg_set_duration	0	static
../lvgl/src/widgets/animimg/lv_animimg.c:95:6:lv_animimg_set_repeat_count	0	static
../lvgl/src/widgets/animimg/lv_animimg.c:106:17:lv_animimg_get_src	0	static
../lvgl/src/widgets/animimg/lv_animimg.c:113:9:lv_animimg_get_src_count	0	static
../lvgl/src/widgets/animimg/lv_animimg.c:120:10:lv_animimg_get_duration	0	static
../lvgl/src/widgets/animimg/lv_animimg.c:127:10:lv_animimg_get_repeat_count	0	static
