../lvgl/src/layouts/flex/../../core/../misc/../font/../misc/lv_area.h:123:26:lv_area_get_width	0	static
../lvgl/src/layouts/flex/../../core/../misc/../font/../misc/lv_area.h:133:26:lv_area_get_height	0	static
../lvgl/src/layouts/flex/lv_flex.c:547:13:place_content	4	static
../lvgl/src/layouts/flex/lv_flex.c:587:19:get_next_item	0	static
../lvgl/src/layouts/flex/lv_flex.c:320:16:find_track_end	72	static
../lvgl/src/layouts/flex/lv_flex.c:213:13:flex_update	200	static
../lvgl/src/layouts/flex/lv_flex.c:96:6:lv_flex_init	8	static
../lvgl/src/layouts/flex/lv_flex.c:106:6:lv_obj_set_flex_flow	8	static
../lvgl/src/layouts/flex/lv_flex.c:112:6:lv_obj_set_flex_align	16	static
../lvgl/src/layouts/flex/lv_flex.c:121:6:lv_obj_set_flex_grow	8	static
../lvgl/src/layouts/flex/lv_flex.c:128:6:lv_style_set_flex_flow	0	static
../lvgl/src/layouts/flex/lv_flex.c:136:6:lv_style_set_flex_main_place	0	static
../lvgl/src/layouts/flex/lv_flex.c:144:6:lv_style_set_flex_cross_place	0	static
../lvgl/src/layouts/flex/lv_flex.c:152:6:lv_style_set_flex_track_place	0	static
../lvgl/src/layouts/flex/lv_flex.c:160:6:lv_style_set_flex_grow	0	static
../lvgl/src/layouts/flex/lv_flex.c:169:6:lv_obj_set_style_flex_flow	4	static
../lvgl/src/layouts/flex/lv_flex.c:177:6:lv_obj_set_style_flex_main_place	4	static
../lvgl/src/layouts/flex/lv_flex.c:185:6:lv_obj_set_style_flex_cross_place	4	static
../lvgl/src/layouts/flex/lv_flex.c:193:6:lv_obj_set_style_flex_track_place	4	static
../lvgl/src/layouts/flex/lv_flex.c:201:6:lv_obj_set_style_flex_grow	4	static
