Archive member included to satisfy reference by file (symbol)

F:/ST/STM32CubeIDE_1.1.0/STM32CubeIDE/plugins/com.st.stm32cube.ide.mcu.externaltools.gnu-tools-for-stm32.13.3.rel1.win32_1.0.0.202411081344/tools/bin/../lib/gcc/arm-none-eabi/13.3.1/../../../../arm-none-eabi/lib/thumb/v7e-m+fp/hard\libc_nano.a(libc_a-assert.o)
                              ./lvgl/src/libs/qrcode/qrcodegen.o (__assert_func)
F:/ST/STM32CubeIDE_1.1.0/STM32CubeIDE/plugins/com.st.stm32cube.ide.mcu.externaltools.gnu-tools-for-stm32.13.3.rel1.win32_1.0.0.202411081344/tools/bin/../lib/gcc/arm-none-eabi/13.3.1/../../../../arm-none-eabi/lib/thumb/v7e-m+fp/hard\libc_nano.a(libc_a-calloc.o)
                              ./Display/display.o (calloc)
F:/ST/STM32CubeIDE_1.1.0/STM32CubeIDE/plugins/com.st.stm32cube.ide.mcu.externaltools.gnu-tools-for-stm32.13.3.rel1.win32_1.0.0.202411081344/tools/bin/../lib/gcc/arm-none-eabi/13.3.1/../../../../arm-none-eabi/lib/thumb/v7e-m+fp/hard\libc_nano.a(libc_a-callocr.o)
                              F:/ST/STM32CubeIDE_1.1.0/STM32CubeIDE/plugins/com.st.stm32cube.ide.mcu.externaltools.gnu-tools-for-stm32.13.3.rel1.win32_1.0.0.202411081344/tools/bin/../lib/gcc/arm-none-eabi/13.3.1/../../../../arm-none-eabi/lib/thumb/v7e-m+fp/hard\libc_nano.a(libc_a-calloc.o) (_calloc_r)
F:/ST/STM32CubeIDE_1.1.0/STM32CubeIDE/plugins/com.st.stm32cube.ide.mcu.externaltools.gnu-tools-for-stm32.13.3.rel1.win32_1.0.0.202411081344/tools/bin/../lib/gcc/arm-none-eabi/13.3.1/../../../../arm-none-eabi/lib/thumb/v7e-m+fp/hard\libc_nano.a(libc_a-exit.o)
                              F:/ST/STM32CubeIDE_1.1.0/STM32CubeIDE/plugins/com.st.stm32cube.ide.mcu.externaltools.gnu-tools-for-stm32.13.3.rel1.win32_1.0.0.202411081344/tools/bin/../lib/gcc/arm-none-eabi/13.3.1/../../../../arm-none-eabi/lib/thumb/v7e-m+fp/hard/crt0.o (exit)
F:/ST/STM32CubeIDE_1.1.0/STM32CubeIDE/plugins/com.st.stm32cube.ide.mcu.externaltools.gnu-tools-for-stm32.13.3.rel1.win32_1.0.0.202411081344/tools/bin/../lib/gcc/arm-none-eabi/13.3.1/../../../../arm-none-eabi/lib/thumb/v7e-m+fp/hard\libc_nano.a(libc_a-malloc.o)
                              ./Display/display.o (free)
F:/ST/STM32CubeIDE_1.1.0/STM32CubeIDE/plugins/com.st.stm32cube.ide.mcu.externaltools.gnu-tools-for-stm32.13.3.rel1.win32_1.0.0.202411081344/tools/bin/../lib/gcc/arm-none-eabi/13.3.1/../../../../arm-none-eabi/lib/thumb/v7e-m+fp/hard\libc_nano.a(libc_a-mallocr.o)
                              F:/ST/STM32CubeIDE_1.1.0/STM32CubeIDE/plugins/com.st.stm32cube.ide.mcu.externaltools.gnu-tools-for-stm32.13.3.rel1.win32_1.0.0.202411081344/tools/bin/../lib/gcc/arm-none-eabi/13.3.1/../../../../arm-none-eabi/lib/thumb/v7e-m+fp/hard\libc_nano.a(libc_a-callocr.o) (_malloc_r)
F:/ST/STM32CubeIDE_1.1.0/STM32CubeIDE/plugins/com.st.stm32cube.ide.mcu.externaltools.gnu-tools-for-stm32.13.3.rel1.win32_1.0.0.202411081344/tools/bin/../lib/gcc/arm-none-eabi/13.3.1/../../../../arm-none-eabi/lib/thumb/v7e-m+fp/hard\libc_nano.a(libc_a-mlock.o)
                              F:/ST/STM32CubeIDE_1.1.0/STM32CubeIDE/plugins/com.st.stm32cube.ide.mcu.externaltools.gnu-tools-for-stm32.13.3.rel1.win32_1.0.0.202411081344/tools/bin/../lib/gcc/arm-none-eabi/13.3.1/../../../../arm-none-eabi/lib/thumb/v7e-m+fp/hard\libc_nano.a(libc_a-mallocr.o) (__malloc_lock)
F:/ST/STM32CubeIDE_1.1.0/STM32CubeIDE/plugins/com.st.stm32cube.ide.mcu.externaltools.gnu-tools-for-stm32.13.3.rel1.win32_1.0.0.202411081344/tools/bin/../lib/gcc/arm-none-eabi/13.3.1/../../../../arm-none-eabi/lib/thumb/v7e-m+fp/hard\libc_nano.a(libc_a-findfp.o)
                              F:/ST/STM32CubeIDE_1.1.0/STM32CubeIDE/plugins/com.st.stm32cube.ide.mcu.externaltools.gnu-tools-for-stm32.13.3.rel1.win32_1.0.0.202411081344/tools/bin/../lib/gcc/arm-none-eabi/13.3.1/../../../../arm-none-eabi/lib/thumb/v7e-m+fp/hard\libc_nano.a(libc_a-exit.o) (__stdio_exit_handler)
F:/ST/STM32CubeIDE_1.1.0/STM32CubeIDE/plugins/com.st.stm32cube.ide.mcu.externaltools.gnu-tools-for-stm32.13.3.rel1.win32_1.0.0.202411081344/tools/bin/../lib/gcc/arm-none-eabi/13.3.1/../../../../arm-none-eabi/lib/thumb/v7e-m+fp/hard\libc_nano.a(libc_a-fprintf.o)
                              F:/ST/STM32CubeIDE_1.1.0/STM32CubeIDE/plugins/com.st.stm32cube.ide.mcu.externaltools.gnu-tools-for-stm32.13.3.rel1.win32_1.0.0.202411081344/tools/bin/../lib/gcc/arm-none-eabi/13.3.1/../../../../arm-none-eabi/lib/thumb/v7e-m+fp/hard\libc_nano.a(libc_a-assert.o) (fiprintf)
F:/ST/STM32CubeIDE_1.1.0/STM32CubeIDE/plugins/com.st.stm32cube.ide.mcu.externaltools.gnu-tools-for-stm32.13.3.rel1.win32_1.0.0.202411081344/tools/bin/../lib/gcc/arm-none-eabi/13.3.1/../../../../arm-none-eabi/lib/thumb/v7e-m+fp/hard\libc_nano.a(libc_a-fwalk.o)
                              F:/ST/STM32CubeIDE_1.1.0/STM32CubeIDE/plugins/com.st.stm32cube.ide.mcu.externaltools.gnu-tools-for-stm32.13.3.rel1.win32_1.0.0.202411081344/tools/bin/../lib/gcc/arm-none-eabi/13.3.1/../../../../arm-none-eabi/lib/thumb/v7e-m+fp/hard\libc_nano.a(libc_a-findfp.o) (_fwalk_sglue)
[...]
Memory Configuration

Name             Origin             Length             Attributes
RAM              0x20000000         0x00020000         xrw
FLASH            0x08000000         0x00080000         xr
*default*        0x00000000         0xffffffff

Linker script and memory map

LOAD F:/ST/STM32CubeIDE_1.1.0/STM32CubeIDE/plugins/com.st.stm32cube.ide.mcu.externaltools.gnu-tools-for-stm32.13.3.rel1.win32_1.0.0.202411081344/tools/bin/../lib/gcc/arm-none-eabi/13.3.1/thumb/v7e-m+fp/hard/crti.o
LOAD F:/ST/STM32CubeIDE_1.1.0/STM32CubeIDE/plugins/com.st.stm32cube.ide.mcu.externaltools.gnu-tools-for-stm32.13.3.rel1.win32_1.0.0.202411081344/tools/bin/../lib/gcc/arm-none-eabi/13.3.1/thumb/v7e-m+fp/hard/crtbegin.o
LOAD F:/ST/STM32CubeIDE_1.1.0/STM32CubeIDE/plugins/com.st.stm32cube.ide.mcu.externaltools.gnu-tools-for-stm32.13.3.rel1.win32_1.0.0.202411081344/tools/bin/../lib/gcc/arm-none-eabi/13.3.1/../../../../arm-none-eabi/lib/thumb/v7e-m+fp/hard/crt0.o
LOAD ./Core/Src/RussoOne_RegularFont.o
LOAD ./Core/Src/lcd_lvgl.o
LOAD ./Core/Src/main.o
LOAD ./Core/Src/stm32f4xx_it.o
LOAD ./Core/Src/syscalls.o
LOAD ./Core/Src/sysmem.o
LOAD ./Core/Src/system_stm32f4xx.o
LOAD ./Core/Startup/startup_stm32f411ceux.o
LOAD ./Display/display.o
LOAD ./Display/fonts.o
LOAD ./Display/ili9341.o
LOAD ./Display/st7789.o
LOAD ./Drivers/STM32F4xx_HAL_Driver/Src/stm32f4xx_ll_dma.o
LOAD ./Drivers/STM32F4xx_HAL_Driver/Src/stm32f4xx_ll_exti.o
LOAD ./Drivers/STM32F4xx_HAL_Driver/Src/stm32f4xx_ll_gpio.o
LOAD ./Drivers/STM32F4xx_HAL_Driver/Src/stm32f4xx_ll_rcc.o
LOAD ./Drivers/STM32F4xx_HAL_Driver/Src/stm32f4xx_ll_spi.o
LOAD ./Drivers/STM32F4xx_HAL_Driver/Src/stm32f4xx_ll_tim.o
LOAD ./Drivers/STM32F4xx_HAL_Driver/Src/stm32f4xx_ll_utils.o
LOAD ./lvgl/demos/benchmark/assets/img_benchmark_cogwheel_alpha16.o
LOAD ./lvgl/demos/benchmark/assets/img_benchmark_cogwheel_argb.o
LOAD ./lvgl/demos/benchmark/assets/img_benchmark_cogwheel_chroma_keyed.o
LOAD ./lvgl/demos/benchmark/assets/img_benchmark_cogwheel_indexed16.o
LOAD ./lvgl/demos/benchmark/assets/img_benchmark_cogwheel_rgb.o
LOAD ./lvgl/demos/benchmark/assets/img_benchmark_cogwheel_rgb565a8.o
LOAD ./lvgl/demos/benchmark/assets/lv_font_bechmark_montserrat_12_compr_az.c.o
LOAD ./lvgl/demos/benchmark/assets/lv_font_bechmark_montserrat_16_compr_az.c.o
LOAD ./lvgl/demos/benchmark/assets/lv_font_bechmark_montserrat_28_compr_az.c.o
LOAD ./lvgl/demos/benchmark/lv_demo_benchmark.o
LOAD ./lvgl/demos/flex_layout/lv_demo_flex_layout_ctrl_pad.o
LOAD ./lvgl/demos/flex_layout/lv_demo_flex_layout_flex_loader.o
LOAD ./lvgl/demos/flex_layout/lv_demo_flex_layout_main.o
LOAD ./lvgl/demos/flex_layout/lv_demo_flex_layout_view.o
LOAD ./lvgl/demos/flex_layout/lv_demo_flex_layout_view_child_node.o
LOAD ./lvgl/demos/flex_layout/lv_demo_flex_layout_view_ctrl_pad.o
LOAD ./lvgl/demos/keypad_encoder/lv_demo_keypad_encoder.o
LOAD ./lvgl/demos/music/assets/img_lv_demo_music_btn_corner_large.o
LOAD ./lvgl/demos/music/assets/img_lv_demo_music_btn_list_pause.o
LOAD ./lvgl/demos/music/assets/img_lv_demo_music_btn_list_pause_large.o
LOAD ./lvgl/demos/music/assets/img_lv_demo_music_btn_list_play.o
LOAD ./lvgl/demos/music/assets/img_lv_demo_music_btn_list_play_large.o
LOAD ./lvgl/demos/music/assets/img_lv_demo_music_btn_loop.o
LOAD ./lvgl/demos/music/assets/img_lv_demo_music_btn_loop_large.o
LOAD ./lvgl/demos/music/assets/img_lv_demo_music_btn_next.o
LOAD ./lvgl/demos/music/assets/img_lv_demo_music_btn_next_large.o
LOAD ./lvgl/demos/music/assets/img_lv_demo_music_btn_pause.o
LOAD ./lvgl/demos/music/assets/img_lv_demo_music_btn_pause_large.o
LOAD ./lvgl/demos/music/assets/img_lv_demo_music_btn_play.o
LOAD ./lvgl/demos/music/assets/img_lv_demo_music_btn_play_large.o
LOAD ./lvgl/demos/music/assets/img_lv_demo_music_btn_prev.o
LOAD ./lvgl/demos/music/assets/img_lv_demo_music_btn_prev_large.o
LOAD ./lvgl/demos/music/assets/img_lv_demo_music_btn_rnd.o
LOAD ./lvgl/demos/music/assets/img_lv_demo_music_btn_rnd_large.o
LOAD ./lvgl/demos/music/assets/img_lv_demo_music_corner_left.o
LOAD ./lvgl/demos/music/assets/img_lv_demo_music_corner_left_large.o
LOAD ./lvgl/demos/music/assets/img_lv_demo_music_corner_right.o
LOAD ./lvgl/demos/music/assets/img_lv_demo_music_corner_right_large.o
LOAD ./lvgl/demos/music/assets/img_lv_demo_music_cover_1.o
LOAD ./lvgl/demos/music/assets/img_lv_demo_music_cover_1_large.o
LOAD ./lvgl/demos/music/assets/img_lv_demo_music_cover_2.o
LOAD ./lvgl/demos/music/assets/img_lv_demo_music_cover_2_large.o
LOAD ./lvgl/demos/music/assets/img_lv_demo_music_cover_3.o
LOAD ./lvgl/demos/music/assets/img_lv_demo_music_cover_3_large.o
LOAD ./lvgl/demos/music/assets/img_lv_demo_music_icon_1.o
LOAD ./lvgl/demos/music/assets/img_lv_demo_music_icon_1_large.o
LOAD ./lvgl/demos/music/assets/img_lv_demo_music_icon_2.o
LOAD ./lvgl/demos/music/assets/img_lv_demo_music_icon_2_large.o
LOAD ./lvgl/demos/music/assets/img_lv_demo_music_icon_3.o
LOAD ./lvgl/demos/music/assets/img_lv_demo_music_icon_3_large.o
LOAD ./lvgl/demos/music/assets/img_lv_demo_music_icon_4.o
LOAD ./lvgl/demos/music/assets/img_lv_demo_music_icon_4_large.o
LOAD ./lvgl/demos/music/assets/img_lv_demo_music_list_border.o
LOAD ./lvgl/demos/music/assets/img_lv_demo_music_list_border_large.o
LOAD ./lvgl/demos/music/assets/img_lv_demo_music_logo.o
LOAD ./lvgl/demos/music/assets/img_lv_demo_music_slider_knob.o
LOAD ./lvgl/demos/music/assets/img_lv_demo_music_slider_knob_large.o
LOAD ./lvgl/demos/music/assets/img_lv_demo_music_wave_bottom.o
LOAD ./lvgl/demos/music/assets/img_lv_demo_music_wave_bottom_large.o
LOAD ./lvgl/demos/music/assets/img_lv_demo_music_wave_top.o
LOAD ./lvgl/demos/music/assets/img_lv_demo_music_wave_top_large.o
LOAD ./lvgl/demos/music/lv_demo_music.o
LOAD ./lvgl/demos/music/lv_demo_music_list.o
LOAD ./lvgl/demos/music/lv_demo_music_main.o
LOAD ./lvgl/demos/stress/lv_demo_stress.o
LOAD ./lvgl/demos/widgets/assets/img_clothes.o
LOAD ./lvgl/demos/widgets/assets/img_demo_widgets_avatar.o
LOAD ./lvgl/demos/widgets/assets/img_lvgl_logo.o
LOAD ./lvgl/demos/widgets/lv_demo_widgets.o
LOAD ./lvgl/env_support/pikascript/pika_lv_point_t.o
LOAD ./lvgl/env_support/pikascript/pika_lv_timer_t.o
LOAD ./lvgl/env_support/pikascript/pika_lv_wegit.o
LOAD ./lvgl/env_support/pikascript/pika_lvgl.o
LOAD ./lvgl/env_support/pikascript/pika_lvgl_indev_t.o
LOAD ./lvgl/env_support/pikascript/pika_lvgl_lv_event.o
LOAD ./lvgl/env_support/pikascript/pika_lvgl_lv_obj.o
LOAD ./lvgl/env_support/pikascript/pika_lvgl_lv_style_t.o
LOAD ./lvgl/env_support/rt-thread/lv_rt_thread_port.o
LOAD ./lvgl/env_support/rt-thread/squareline/lv_ui_entry.o
LOAD ./lvgl/examples/anim/lv_example_anim_1.o
LOAD ./lvgl/examples/anim/lv_example_anim_2.o
LOAD ./lvgl/examples/anim/lv_example_anim_3.o
LOAD ./lvgl/examples/anim/lv_example_anim_timeline_1.o
LOAD ./lvgl/examples/assets/animimg001.o
LOAD ./lvgl/examples/assets/animimg002.o
LOAD ./lvgl/examples/assets/animimg003.o
LOAD ./lvgl/examples/assets/img_caret_down.o
LOAD ./lvgl/examples/assets/img_cogwheel_alpha16.o
LOAD ./lvgl/examples/assets/img_cogwheel_argb.o
LOAD ./lvgl/examples/assets/img_cogwheel_chroma_keyed.o
LOAD ./lvgl/examples/assets/img_cogwheel_indexed16.o
LOAD ./lvgl/examples/assets/img_cogwheel_rgb.o
LOAD ./lvgl/examples/assets/img_hand.o
LOAD ./lvgl/examples/assets/img_skew_strip.o
LOAD ./lvgl/examples/assets/img_star.o
LOAD ./lvgl/examples/assets/imgbtn_left.o
LOAD ./lvgl/examples/assets/imgbtn_mid.o
LOAD ./lvgl/examples/assets/imgbtn_right.o
LOAD ./lvgl/examples/assets/emoji/img_emoji_F617.o
LOAD ./lvgl/examples/event/lv_example_event_1.o
LOAD ./lvgl/examples/event/lv_example_event_2.o
LOAD ./lvgl/examples/event/lv_example_event_3.o
LOAD ./lvgl/examples/event/lv_example_event_4.o
LOAD ./lvgl/examples/get_started/lv_example_get_started_1.o
LOAD ./lvgl/examples/get_started/lv_example_get_started_2.o
LOAD ./lvgl/examples/get_started/lv_example_get_started_3.o
LOAD ./lvgl/examples/get_started/lv_example_get_started_4.o
LOAD ./lvgl/examples/layouts/flex/lv_example_flex_1.o
LOAD ./lvgl/examples/layouts/flex/lv_example_flex_2.o
LOAD ./lvgl/examples/layouts/flex/lv_example_flex_3.o
LOAD ./lvgl/examples/layouts/flex/lv_example_flex_4.o
LOAD ./lvgl/examples/layouts/flex/lv_example_flex_5.o
LOAD ./lvgl/examples/layouts/flex/lv_example_flex_6.o
LOAD ./lvgl/examples/layouts/grid/lv_example_grid_1.o
LOAD ./lvgl/examples/layouts/grid/lv_example_grid_2.o
LOAD ./lvgl/examples/layouts/grid/lv_example_grid_3.o
LOAD ./lvgl/examples/layouts/grid/lv_example_grid_4.o
LOAD ./lvgl/examples/layouts/grid/lv_example_grid_5.o
LOAD ./lvgl/examples/layouts/grid/lv_example_grid_6.o
LOAD ./lvgl/examples/libs/barcode/lv_example_barcode_1.o
LOAD ./lvgl/examples/libs/bmp/lv_example_bmp_1.o
LOAD ./lvgl/examples/libs/ffmpeg/lv_example_ffmpeg_1.o
LOAD ./lvgl/examples/libs/ffmpeg/lv_example_ffmpeg_2.o
LOAD ./lvgl/examples/libs/freetype/lv_example_freetype_1.o
LOAD ./lvgl/examples/libs/gif/img_bulb_gif.o
LOAD ./lvgl/examples/libs/gif/lv_example_gif_1.o
LOAD ./lvgl/examples/libs/png/img_wink_png.o
LOAD ./lvgl/examples/libs/png/lv_example_png_1.o
LOAD ./lvgl/examples/libs/qrcode/lv_example_qrcode_1.o
LOAD ./lvgl/examples/libs/rlottie/lv_example_rlottie_1.o
LOAD ./lvgl/examples/libs/rlottie/lv_example_rlottie_2.o
LOAD ./lvgl/examples/libs/rlottie/lv_example_rlottie_approve.o
LOAD ./lvgl/examples/libs/sjpg/lv_example_sjpg_1.o
LOAD ./lvgl/examples/libs/tiny_ttf/lv_example_tiny_ttf_1.o
LOAD ./lvgl/examples/libs/tiny_ttf/lv_example_tiny_ttf_2.o
LOAD ./lvgl/examples/others/file_explorer/lv_example_file_explorer_1.o
LOAD ./lvgl/examples/others/file_explorer/lv_example_file_explorer_2.o
LOAD ./lvgl/examples/others/file_explorer/lv_example_file_explorer_3.o
LOAD ./lvgl/examples/others/fragment/lv_example_fragment_1.o
LOAD ./lvgl/examples/others/fragment/lv_example_fragment_2.o
LOAD ./lvgl/examples/others/gridnav/lv_example_gridnav_1.o
LOAD ./lvgl/examples/others/gridnav/lv_example_gridnav_2.o
LOAD ./lvgl/examples/others/gridnav/lv_example_gridnav_3.o
LOAD ./lvgl/examples/others/gridnav/lv_example_gridnav_4.o
LOAD ./lvgl/examples/others/ime/lv_example_ime_pinyin_1.o
LOAD ./lvgl/examples/others/ime/lv_example_ime_pinyin_2.o
LOAD ./lvgl/examples/others/imgfont/lv_example_imgfont_1.o
LOAD ./lvgl/examples/others/monkey/lv_example_monkey_1.o
LOAD ./lvgl/examples/others/monkey/lv_example_monkey_2.o
LOAD ./lvgl/examples/others/monkey/lv_example_monkey_3.o
LOAD ./lvgl/examples/others/msg/lv_example_msg_1.o
LOAD ./lvgl/examples/others/msg/lv_example_msg_2.o
LOAD ./lvgl/examples/others/msg/lv_example_msg_3.o
LOAD ./lvgl/examples/others/snapshot/lv_example_snapshot_1.o
LOAD ./lvgl/examples/porting/lv_port_disp_template.o
LOAD ./lvgl/examples/porting/lv_port_fs_template.o
LOAD ./lvgl/examples/porting/lv_port_indev_template.o
LOAD ./lvgl/examples/scroll/lv_example_scroll_1.o
LOAD ./lvgl/examples/scroll/lv_example_scroll_2.o
LOAD ./lvgl/examples/scroll/lv_example_scroll_3.o
LOAD ./lvgl/examples/scroll/lv_example_scroll_4.o
LOAD ./lvgl/examples/scroll/lv_example_scroll_5.o
LOAD ./lvgl/examples/scroll/lv_example_scroll_6.o
LOAD ./lvgl/examples/styles/lv_example_style_1.o
LOAD ./lvgl/examples/styles/lv_example_style_10.o
LOAD ./lvgl/examples/styles/lv_example_style_11.o
LOAD ./lvgl/examples/styles/lv_example_style_12.o
LOAD ./lvgl/examples/styles/lv_example_style_13.o
LOAD ./lvgl/examples/styles/lv_example_style_14.o
LOAD ./lvgl/examples/styles/lv_example_style_15.o
LOAD ./lvgl/examples/styles/lv_example_style_2.o
LOAD ./lvgl/examples/styles/lv_example_style_3.o
LOAD ./lvgl/examples/styles/lv_example_style_4.o
LOAD ./lvgl/examples/styles/lv_example_style_5.o
LOAD ./lvgl/examples/styles/lv_example_style_6.o
LOAD ./lvgl/examples/styles/lv_example_style_7.o
LOAD ./lvgl/examples/styles/lv_example_style_8.o
LOAD ./lvgl/examples/styles/lv_example_style_9.o
LOAD ./lvgl/examples/widgets/animimg/lv_example_animimg_1.o
LOAD ./lvgl/examples/widgets/arc/lv_example_arc_1.o
LOAD ./lvgl/examples/widgets/arc/lv_example_arc_2.o
LOAD ./lvgl/examples/widgets/bar/lv_example_bar_1.o
LOAD ./lvgl/examples/widgets/bar/lv_example_bar_2.o
LOAD ./lvgl/examples/widgets/bar/lv_example_bar_3.o
LOAD ./lvgl/examples/widgets/bar/lv_example_bar_4.o
LOAD ./lvgl/examples/widgets/bar/lv_example_bar_5.o
LOAD ./lvgl/examples/widgets/bar/lv_example_bar_6.o
LOAD ./lvgl/examples/widgets/btn/lv_example_btn_1.o
LOAD ./lvgl/examples/widgets/btn/lv_example_btn_2.o
LOAD ./lvgl/examples/widgets/btn/lv_example_btn_3.o
LOAD ./lvgl/examples/widgets/btnmatrix/lv_example_btnmatrix_1.o
LOAD ./lvgl/examples/widgets/btnmatrix/lv_example_btnmatrix_2.o
LOAD ./lvgl/examples/widgets/btnmatrix/lv_example_btnmatrix_3.o
LOAD ./lvgl/examples/widgets/calendar/lv_example_calendar_1.o
LOAD ./lvgl/examples/widgets/canvas/lv_example_canvas_1.o
LOAD ./lvgl/examples/widgets/canvas/lv_example_canvas_2.o
LOAD ./lvgl/examples/widgets/canvas/lv_example_canvas_3.o
LOAD ./lvgl/examples/widgets/canvas/lv_example_canvas_4.o
LOAD ./lvgl/examples/widgets/canvas/lv_example_canvas_5.o
LOAD ./lvgl/examples/widgets/canvas/lv_example_canvas_6.o
LOAD ./lvgl/examples/widgets/canvas/lv_example_canvas_7.o
LOAD ./lvgl/examples/widgets/chart/lv_example_chart_1.o
LOAD ./lvgl/examples/widgets/chart/lv_example_chart_2.o
LOAD ./lvgl/examples/widgets/chart/lv_example_chart_3.o
LOAD ./lvgl/examples/widgets/chart/lv_example_chart_4.o
LOAD ./lvgl/examples/widgets/chart/lv_example_chart_5.o
LOAD ./lvgl/examples/widgets/chart/lv_example_chart_6.o
LOAD ./lvgl/examples/widgets/chart/lv_example_chart_7.o
LOAD ./lvgl/examples/widgets/chart/lv_example_chart_8.o
LOAD ./lvgl/examples/widgets/chart/lv_example_chart_9.o
LOAD ./lvgl/examples/widgets/checkbox/lv_example_checkbox_1.o
LOAD ./lvgl/examples/widgets/checkbox/lv_example_checkbox_2.o
LOAD ./lvgl/examples/widgets/colorwheel/lv_example_colorwheel_1.o
LOAD ./lvgl/examples/widgets/dropdown/lv_example_dropdown_1.o
LOAD ./lvgl/examples/widgets/dropdown/lv_example_dropdown_2.o
LOAD ./lvgl/examples/widgets/dropdown/lv_example_dropdown_3.o
LOAD ./lvgl/examples/widgets/img/lv_example_img_1.o
LOAD ./lvgl/examples/widgets/img/lv_example_img_2.o
LOAD ./lvgl/examples/widgets/img/lv_example_img_3.o
LOAD ./lvgl/examples/widgets/img/lv_example_img_4.o
LOAD ./lvgl/examples/widgets/imgbtn/lv_example_imgbtn_1.o
LOAD ./lvgl/examples/widgets/keyboard/lv_example_keyboard_1.o
LOAD ./lvgl/examples/widgets/keyboard/lv_example_keyboard_2.o
LOAD ./lvgl/examples/widgets/label/lv_example_label_1.o
LOAD ./lvgl/examples/widgets/label/lv_example_label_2.o
LOAD ./lvgl/examples/widgets/label/lv_example_label_3.o
LOAD ./lvgl/examples/widgets/label/lv_example_label_4.o
LOAD ./lvgl/examples/widgets/label/lv_example_label_5.o
LOAD ./lvgl/examples/widgets/led/lv_example_led_1.o
LOAD ./lvgl/examples/widgets/line/lv_example_line_1.o
LOAD ./lvgl/examples/widgets/list/lv_example_list_1.o
LOAD ./lvgl/examples/widgets/list/lv_example_list_2.o
LOAD ./lvgl/examples/widgets/menu/lv_example_menu_1.o
LOAD ./lvgl/examples/widgets/menu/lv_example_menu_2.o
LOAD ./lvgl/examples/widgets/menu/lv_example_menu_3.o
LOAD ./lvgl/examples/widgets/menu/lv_example_menu_4.o
LOAD ./lvgl/examples/widgets/menu/lv_example_menu_5.o
LOAD ./lvgl/examples/widgets/meter/lv_example_meter_1.o
LOAD ./lvgl/examples/widgets/meter/lv_example_meter_2.o
LOAD ./lvgl/examples/widgets/meter/lv_example_meter_3.o
LOAD ./lvgl/examples/widgets/meter/lv_example_meter_4.o
LOAD ./lvgl/examples/widgets/msgbox/lv_example_msgbox_1.o
LOAD ./lvgl/examples/widgets/obj/lv_example_obj_1.o
LOAD ./lvgl/examples/widgets/obj/lv_example_obj_2.o
LOAD ./lvgl/examples/widgets/roller/lv_example_roller_1.o
LOAD ./lvgl/examples/widgets/roller/lv_example_roller_2.o
LOAD ./lvgl/examples/widgets/roller/lv_example_roller_3.o
LOAD ./lvgl/examples/widgets/slider/lv_example_slider_1.o
LOAD ./lvgl/examples/widgets/slider/lv_example_slider_2.o
LOAD ./lvgl/examples/widgets/slider/lv_example_slider_3.o
LOAD ./lvgl/examples/widgets/span/lv_example_span_1.o
LOAD ./lvgl/examples/widgets/spinbox/lv_example_spinbox_1.o
LOAD ./lvgl/examples/widgets/spinner/lv_example_spinner_1.o
LOAD ./lvgl/examples/widgets/switch/lv_example_switch_1.o
LOAD ./lvgl/examples/widgets/table/lv_example_table_1.o
LOAD ./lvgl/examples/widgets/table/lv_example_table_2.o
LOAD ./lvgl/examples/widgets/tabview/lv_example_tabview_1.o
LOAD ./lvgl/examples/widgets/tabview/lv_example_tabview_2.o
LOAD ./lvgl/examples/widgets/textarea/lv_example_textarea_1.o
LOAD ./lvgl/examples/widgets/textarea/lv_example_textarea_2.o
LOAD ./lvgl/examples/widgets/textarea/lv_example_textarea_3.o
LOAD ./lvgl/examples/widgets/tileview/lv_example_tileview_1.o
LOAD ./lvgl/examples/widgets/win/lv_example_win_1.o
LOAD ./lvgl/src/core/lv_disp.o
LOAD ./lvgl/src/core/lv_event.o
LOAD ./lvgl/src/core/lv_group.o
LOAD ./lvgl/src/core/lv_indev.o
LOAD ./lvgl/src/core/lv_indev_scroll.o
LOAD ./lvgl/src/core/lv_obj.o
LOAD ./lvgl/src/core/lv_obj_class.o
LOAD ./lvgl/src/core/lv_obj_draw.o
LOAD ./lvgl/src/core/lv_obj_pos.o
LOAD ./lvgl/src/core/lv_obj_scroll.o
LOAD ./lvgl/src/core/lv_obj_style.o
LOAD ./lvgl/src/core/lv_obj_style_gen.o
LOAD ./lvgl/src/core/lv_obj_tree.o
LOAD ./lvgl/src/core/lv_refr.o
LOAD ./lvgl/src/core/lv_theme.o
LOAD ./lvgl/src/draw/arm2d/lv_gpu_arm2d.o
LOAD ./lvgl/src/draw/gd32_ipa/lv_gpu_gd32_ipa.o
LOAD ./lvgl/src/draw/lv_draw.o
LOAD ./lvgl/src/draw/lv_draw_arc.o
LOAD ./lvgl/src/draw/lv_draw_img.o
LOAD ./lvgl/src/draw/lv_draw_label.o
LOAD ./lvgl/src/draw/lv_draw_layer.o
LOAD ./lvgl/src/draw/lv_draw_line.o
LOAD ./lvgl/src/draw/lv_draw_mask.o
LOAD ./lvgl/src/draw/lv_draw_rect.o
LOAD ./lvgl/src/draw/lv_draw_transform.o
LOAD ./lvgl/src/draw/lv_draw_triangle.o
LOAD ./lvgl/src/draw/lv_img_buf.o
LOAD ./lvgl/src/draw/lv_img_cache.o
LOAD ./lvgl/src/draw/lv_img_cache_builtin.o
LOAD ./lvgl/src/draw/lv_img_decoder.o
LOAD ./lvgl/src/draw/nxp/lv_gpu_nxp.o
LOAD ./lvgl/src/draw/nxp/pxp/lv_draw_pxp_blend.o
LOAD ./lvgl/src/draw/nxp/pxp/lv_gpu_nxp_pxp.o
LOAD ./lvgl/src/draw/nxp/pxp/lv_gpu_nxp_pxp_osa.o
LOAD ./lvgl/src/draw/nxp/vglite/lv_draw_vglite_arc.o
LOAD ./lvgl/src/draw/nxp/vglite/lv_draw_vglite_blend.o
LOAD ./lvgl/src/draw/nxp/vglite/lv_draw_vglite_rect.o
LOAD ./lvgl/src/draw/nxp/vglite/lv_gpu_nxp_vglite.o
LOAD ./lvgl/src/draw/sdl/lv_draw_sdl.o
LOAD ./lvgl/src/draw/sdl/lv_draw_sdl_arc.o
LOAD ./lvgl/src/draw/sdl/lv_draw_sdl_bg.o
LOAD ./lvgl/src/draw/sdl/lv_draw_sdl_composite.o
LOAD ./lvgl/src/draw/sdl/lv_draw_sdl_img.o
LOAD ./lvgl/src/draw/sdl/lv_draw_sdl_label.o
LOAD ./lvgl/src/draw/sdl/lv_draw_sdl_layer.o
LOAD ./lvgl/src/draw/sdl/lv_draw_sdl_line.o
LOAD ./lvgl/src/draw/sdl/lv_draw_sdl_mask.o
LOAD ./lvgl/src/draw/sdl/lv_draw_sdl_polygon.o
LOAD ./lvgl/src/draw/sdl/lv_draw_sdl_rect.o
LOAD ./lvgl/src/draw/sdl/lv_draw_sdl_stack_blur.o
LOAD ./lvgl/src/draw/sdl/lv_draw_sdl_texture_cache.o
LOAD ./lvgl/src/draw/sdl/lv_draw_sdl_utils.o
LOAD ./lvgl/src/draw/stm32_dma2d/lv_gpu_stm32_dma2d.o
LOAD ./lvgl/src/draw/sw/lv_draw_sw.o
LOAD ./lvgl/src/draw/sw/lv_draw_sw_arc.o
LOAD ./lvgl/src/draw/sw/lv_draw_sw_blend.o
LOAD ./lvgl/src/draw/sw/lv_draw_sw_dither.o
LOAD ./lvgl/src/draw/sw/lv_draw_sw_gradient.o
LOAD ./lvgl/src/draw/sw/lv_draw_sw_img.o
LOAD ./lvgl/src/draw/sw/lv_draw_sw_layer.o
LOAD ./lvgl/src/draw/sw/lv_draw_sw_letter.o
LOAD ./lvgl/src/draw/sw/lv_draw_sw_line.o
LOAD ./lvgl/src/draw/sw/lv_draw_sw_polygon.o
LOAD ./lvgl/src/draw/sw/lv_draw_sw_rect.o
LOAD ./lvgl/src/draw/sw/lv_draw_sw_transform.o
LOAD ./lvgl/src/draw/swm341_dma2d/lv_gpu_swm341_dma2d.o
LOAD ./lvgl/src/font/lv_font.o
LOAD ./lvgl/src/font/lv_font_dejavu_16_persian_hebrew.o
LOAD ./lvgl/src/font/lv_font_fmt_txt.o
LOAD ./lvgl/src/font/lv_font_loader.o
LOAD ./lvgl/src/font/lv_font_montserrat_10.o
LOAD ./lvgl/src/font/lv_font_montserrat_12.o
LOAD ./lvgl/src/font/lv_font_montserrat_12_subpx.o
LOAD ./lvgl/src/font/lv_font_montserrat_14.o
LOAD ./lvgl/src/font/lv_font_montserrat_16.o
LOAD ./lvgl/src/font/lv_font_montserrat_18.o
LOAD ./lvgl/src/font/lv_font_montserrat_20.o
LOAD ./lvgl/src/font/lv_font_montserrat_22.o
LOAD ./lvgl/src/font/lv_font_montserrat_24.o
LOAD ./lvgl/src/font/lv_font_montserrat_26.o
LOAD ./lvgl/src/font/lv_font_montserrat_28.o
LOAD ./lvgl/src/font/lv_font_montserrat_28_compressed.o
LOAD ./lvgl/src/font/lv_font_montserrat_30.o
LOAD ./lvgl/src/font/lv_font_montserrat_32.o
LOAD ./lvgl/src/font/lv_font_montserrat_34.o
LOAD ./lvgl/src/font/lv_font_montserrat_36.o
LOAD ./lvgl/src/font/lv_font_montserrat_38.o
LOAD ./lvgl/src/font/lv_font_montserrat_40.o
LOAD ./lvgl/src/font/lv_font_montserrat_42.o
LOAD ./lvgl/src/font/lv_font_montserrat_44.o
LOAD ./lvgl/src/font/lv_font_montserrat_46.o
LOAD ./lvgl/src/font/lv_font_montserrat_48.o
LOAD ./lvgl/src/font/lv_font_montserrat_8.o
LOAD ./lvgl/src/font/lv_font_simsun_16_cjk.o
LOAD ./lvgl/src/font/lv_font_unscii_16.o
LOAD ./lvgl/src/font/lv_font_unscii_8.o
LOAD ./lvgl/src/font/ubuntu_condensed_regular_26.o
LOAD ./lvgl/src/hal/lv_hal_disp.o
LOAD ./lvgl/src/hal/lv_hal_indev.o
LOAD ./lvgl/src/hal/lv_hal_tick.o
LOAD ./lvgl/src/layouts/flex/lv_flex.o
LOAD ./lvgl/src/layouts/grid/lv_grid.o
LOAD ./lvgl/src/libs/barcode/code128.o
LOAD ./lvgl/src/libs/barcode/lv_barcode.o
LOAD ./lvgl/src/libs/bmp/lv_bmp.o
LOAD ./lvgl/src/libs/ffmpeg/lv_ffmpeg.o
LOAD ./lvgl/src/libs/freetype/lv_freetype.o
LOAD ./lvgl/src/libs/freetype/lv_ftsystem.o
LOAD ./lvgl/src/libs/fsdrv/lv_fs_cbfs.o
LOAD ./lvgl/src/libs/fsdrv/lv_fs_fatfs.o
LOAD ./lvgl/src/libs/fsdrv/lv_fs_posix.o
LOAD ./lvgl/src/libs/fsdrv/lv_fs_stdio.o
LOAD ./lvgl/src/libs/fsdrv/lv_fs_win32.o
LOAD ./lvgl/src/libs/gif/gifdec.o
LOAD ./lvgl/src/libs/gif/lv_gif.o
LOAD ./lvgl/src/libs/png/lodepng.o
LOAD ./lvgl/src/libs/png/lv_png.o
LOAD ./lvgl/src/libs/qrcode/lv_qrcode.o
LOAD ./lvgl/src/libs/qrcode/qrcodegen.o
LOAD ./lvgl/src/libs/rlottie/lv_rlottie.o
LOAD ./lvgl/src/libs/sjpg/lv_sjpg.o
LOAD ./lvgl/src/libs/sjpg/tjpgd.o
LOAD ./lvgl/src/libs/tiny_ttf/lv_tiny_ttf.o
LOAD ./lvgl/src/misc/lv_anim.o
LOAD ./lvgl/src/misc/lv_anim_timeline.o
LOAD ./lvgl/src/misc/lv_area.o
LOAD ./lvgl/src/misc/lv_async.o
LOAD ./lvgl/src/misc/lv_bidi.o
LOAD ./lvgl/src/misc/lv_color.o
LOAD ./lvgl/src/misc/lv_fs.o
LOAD ./lvgl/src/misc/lv_gc.o
LOAD ./lvgl/src/misc/lv_ll.o
LOAD ./lvgl/src/misc/lv_log.o
LOAD ./lvgl/src/misc/lv_lru.o
LOAD ./lvgl/src/misc/lv_malloc_builtin.o
LOAD ./lvgl/src/misc/lv_math.o
LOAD ./lvgl/src/misc/lv_mem.o
LOAD ./lvgl/src/misc/lv_memcpy_builtin.o
LOAD ./lvgl/src/misc/lv_printf.o
LOAD ./lvgl/src/misc/lv_style.o
LOAD ./lvgl/src/misc/lv_style_gen.o
LOAD ./lvgl/src/misc/lv_templ.o
LOAD ./lvgl/src/misc/lv_timer.o
LOAD ./lvgl/src/misc/lv_tlsf.o
LOAD ./lvgl/src/misc/lv_txt.o
LOAD ./lvgl/src/misc/lv_txt_ap.o
LOAD ./lvgl/src/misc/lv_utils.o
LOAD ./lvgl/src/others/file_explorer/lv_file_explorer.o
LOAD ./lvgl/src/others/fragment/lv_fragment.o
LOAD ./lvgl/src/others/fragment/lv_fragment_manager.o
LOAD ./lvgl/src/others/gridnav/lv_gridnav.o
LOAD ./lvgl/src/others/ime/lv_ime_pinyin.o
LOAD ./lvgl/src/others/imgfont/lv_imgfont.o
LOAD ./lvgl/src/others/monkey/lv_monkey.o
LOAD ./lvgl/src/others/msg/lv_msg.o
LOAD ./lvgl/src/others/snapshot/lv_snapshot.o
LOAD ./lvgl/src/themes/basic/lv_theme_basic.o
LOAD ./lvgl/src/themes/default/lv_theme_default.o
LOAD ./lvgl/src/themes/mono/lv_theme_mono.o
LOAD ./lvgl/src/widgets/animimg/lv_animimg.o
LOAD ./lvgl/src/widgets/arc/lv_arc.o
LOAD ./lvgl/src/widgets/bar/lv_bar.o
LOAD ./lvgl/src/widgets/btn/lv_btn.o
LOAD ./lvgl/src/widgets/btnmatrix/lv_btnmatrix.o
LOAD ./lvgl/src/widgets/calendar/lv_calendar.o
LOAD ./lvgl/src/widgets/calendar/lv_calendar_header_arrow.o
LOAD ./lvgl/src/widgets/calendar/lv_calendar_header_dropdown.o
LOAD ./lvgl/src/widgets/canvas/lv_canvas.o
LOAD ./lvgl/src/widgets/chart/lv_chart.o
LOAD ./lvgl/src/widgets/checkbox/lv_checkbox.o
LOAD ./lvgl/src/widgets/colorwheel/lv_colorwheel.o
LOAD ./lvgl/src/widgets/dropdown/lv_dropdown.o
LOAD ./lvgl/src/widgets/img/lv_img.o
LOAD ./lvgl/src/widgets/imgbtn/lv_imgbtn.o
LOAD ./lvgl/src/widgets/keyboard/lv_keyboard.o
LOAD ./lvgl/src/widgets/label/lv_label.o
LOAD ./lvgl/src/widgets/led/lv_led.o
LOAD ./lvgl/src/widgets/line/lv_line.o
LOAD ./lvgl/src/widgets/list/lv_list.o
LOAD ./lvgl/src/widgets/menu/lv_menu.o
LOAD ./lvgl/src/widgets/meter/lv_meter.o
LOAD ./lvgl/src/widgets/msgbox/lv_msgbox.o
LOAD ./lvgl/src/widgets/objx_templ/lv_objx_templ.o
LOAD ./lvgl/src/widgets/roller/lv_roller.o
LOAD ./lvgl/src/widgets/slider/lv_slider.o
LOAD ./lvgl/src/widgets/span/lv_span.o
LOAD ./lvgl/src/widgets/spinbox/lv_spinbox.o
LOAD ./lvgl/src/widgets/spinner/lv_spinner.o
LOAD ./lvgl/src/widgets/switch/lv_switch.o
LOAD ./lvgl/src/widgets/table/lv_table.o
LOAD ./lvgl/src/widgets/tabview/lv_tabview.o
LOAD ./lvgl/src/widgets/textarea/lv_textarea.o
LOAD ./lvgl/src/widgets/tileview/lv_tileview.o
LOAD ./lvgl/src/widgets/win/lv_win.o
LOAD ./lvgl/tests/makefile/test.o
LOAD ./lvgl/tests/src/lv_test_indev.o
LOAD ./lvgl/tests/src/lv_test_init.o
LOAD ./lvgl/tests/src/test_assets/font_1.o
LOAD ./lvgl/tests/src/test_assets/font_2.o
LOAD ./lvgl/tests/src/test_assets/font_3.o
LOAD ./lvgl/tests/src/test_assets/ubuntu_font.o
LOAD ./lvgl/tests/src/test_cases/_test_template.o
LOAD ./lvgl/tests/src/test_cases/test_animimg.o
LOAD ./lvgl/tests/src/test_cases/test_arc.o
LOAD ./lvgl/tests/src/test_cases/test_bar.o
LOAD ./lvgl/tests/src/test_cases/test_barcode.o
LOAD ./lvgl/tests/src/test_cases/test_btn.o
LOAD ./lvgl/tests/src/test_cases/test_btnmatrix.o
LOAD ./lvgl/tests/src/test_cases/test_calendar.o
LOAD ./lvgl/tests/src/test_cases/test_checkbox.o
LOAD ./lvgl/tests/src/test_cases/test_colorwheel.o
LOAD ./lvgl/tests/src/test_cases/test_config.o
LOAD ./lvgl/tests/src/test_cases/test_demo_stress.o
LOAD ./lvgl/tests/src/test_cases/test_demo_widgets.o
LOAD ./lvgl/tests/src/test_cases/test_dropdown.o
LOAD ./lvgl/tests/src/test_cases/test_event.o
LOAD ./lvgl/tests/src/test_cases/test_font_loader.o
LOAD ./lvgl/tests/src/test_cases/test_fs.o
LOAD ./lvgl/tests/src/test_cases/test_label.o
LOAD ./lvgl/tests/src/test_cases/test_led.o
LOAD ./lvgl/tests/src/test_cases/test_line.o
LOAD ./lvgl/tests/src/test_cases/test_mem.o
LOAD ./lvgl/tests/src/test_cases/test_msg.o
LOAD ./lvgl/tests/src/test_cases/test_msgbox.o
LOAD ./lvgl/tests/src/test_cases/test_obj_tree.o
LOAD ./lvgl/tests/src/test_cases/test_roller.o
LOAD ./lvgl/tests/src/test_cases/test_slider.o
LOAD ./lvgl/tests/src/test_cases/test_snapshot.o
LOAD ./lvgl/tests/src/test_cases/test_spinbox.o
LOAD ./lvgl/tests/src/test_cases/test_style.o
LOAD ./lvgl/tests/src/test_cases/test_switch.o
LOAD ./lvgl/tests/src/test_cases/test_table.o
LOAD ./lvgl/tests/src/test_cases/test_tabview.o
LOAD ./lvgl/tests/src/test_cases/test_textarea.o
LOAD ./lvgl/tests/src/test_cases/test_tiny_ttf.o
LOAD ./lvgl/tests/src/test_cases/test_txt.o
LOAD ./lvgl/tests/src/test_cases/test_win.o
LOAD ./lvgl/tests/unity/unity.o
LOAD ./lvgl/tests/unity/unity_support.o
START GROUP
LOAD F:/ST/STM32CubeIDE_1.1.0/STM32CubeIDE/plugins/com.st.stm32cube.ide.mcu.externaltools.gnu-tools-for-stm32.13.3.rel1.win32_1.0.0.202411081344/tools/bin/../lib/gcc/arm-none-eabi/13.3.1/../../../../arm-none-eabi/lib/thumb/v7e-m+fp/hard\libc_nano.a
LOAD F:/ST/STM32CubeIDE_1.1.0/STM32CubeIDE/plugins/com.st.stm32cube.ide.mcu.externaltools.gnu-tools-for-stm32.13.3.rel1.win32_1.0.0.202411081344/tools/bin/../lib/gcc/arm-none-eabi/13.3.1/../../../../arm-none-eabi/lib/thumb/v7e-m+fp/hard\libm.a
END GROUP
START GROUP
LOAD F:/ST/STM32CubeIDE_1.1.0/STM32CubeIDE/plugins/com.st.stm32cube.ide.mcu.externaltools.gnu-tools-for-stm32.13.3.rel1.win32_1.0.0.202411081344/tools/bin/../lib/gcc/arm-none-eabi/13.3.1/thumb/v7e-m+fp/hard\libgcc.a
LOAD F:/ST/STM32CubeIDE_1.1.0/STM32CubeIDE/plugins/com.st.stm32cube.ide.mcu.externaltools.gnu-tools-for-stm32.13.3.rel1.win32_1.0.0.202411081344/tools/bin/../lib/gcc/arm-none-eabi/13.3.1/../../../../arm-none-eabi/lib/thumb/v7e-m+fp/hard\libc_nano.a
END GROUP
START GROUP
LOAD F:/ST/STM32CubeIDE_1.1.0/STM32CubeIDE/plugins/com.st.stm32cube.ide.mcu.externaltools.gnu-tools-for-stm32.13.3.rel1.win32_1.0.0.202411081344/tools/bin/../lib/gcc/arm-none-eabi/13.3.1/thumb/v7e-m+fp/hard\libgcc.a
LOAD F:/ST/STM32CubeIDE_1.1.0/STM32CubeIDE/plugins/com.st.stm32cube.ide.mcu.externaltools.gnu-tools-for-stm32.13.3.rel1.win32_1.0.0.202411081344/tools/bin/../lib/gcc/arm-none-eabi/13.3.1/../../../../arm-none-eabi/lib/thumb/v7e-m+fp/hard\libc_nano.a
LOAD F:/ST/STM32CubeIDE_1.1.0/STM32CubeIDE/plugins/com.st.stm32cube.ide.mcu.externaltools.gnu-tools-for-stm32.13.3.rel1.win32_1.0.0.202411081344/tools/bin/../lib/gcc/arm-none-eabi/13.3.1/../../../../arm-none-eabi/lib/thumb/v7e-m+fp/hard\libnosys.a
END GROUP
START GROUP
LOAD F:/ST/STM32CubeIDE_1.1.0/STM32CubeIDE/plugins/com.st.stm32cube.ide.mcu.externaltools.gnu-tools-for-stm32.13.3.rel1.win32_1.0.0.202411081344/tools/bin/../lib/gcc/arm-none-eabi/13.3.1/thumb/v7e-m+fp/hard\libgcc.a
LOAD F:/ST/STM32CubeIDE_1.1.0/STM32CubeIDE/plugins/com.st.stm32cube.ide.mcu.externaltools.gnu-tools-for-stm32.13.3.rel1.win32_1.0.0.202411081344/tools/bin/../lib/gcc/arm-none-eabi/13.3.1/../../../../arm-none-eabi/lib/thumb/v7e-m+fp/hard\libc_nano.a
LOAD F:/ST/STM32CubeIDE_1.1.0/STM32CubeIDE/plugins/com.st.stm32cube.ide.mcu.externaltools.gnu-tools-for-stm32.13.3.rel1.win32_1.0.0.202411081344/tools/bin/../lib/gcc/arm-none-eabi/13.3.1/../../../../arm-none-eabi/lib/thumb/v7e-m+fp/hard\libnosys.a
END GROUP
LOAD F:/ST/STM32CubeIDE_1.1.0/STM32CubeIDE/plugins/com.st.stm32cube.ide.mcu.externaltools.gnu-tools-for-stm32.13.3.rel1.win32_1.0.0.202411081344/tools/bin/../lib/gcc/arm-none-eabi/13.3.1/thumb/v7e-m+fp/hard/crtend.o
LOAD F:/ST/STM32CubeIDE_1.1.0/STM32CubeIDE/plugins/com.st.stm32cube.ide.mcu.externaltools.gnu-tools-for-stm32.13.3.rel1.win32_1.0.0.202411081344/tools/bin/../lib/gcc/arm-none-eabi/13.3.1/thumb/v7e-m+fp/hard/crtn.o
                0x20020000                        _estack = (ORIGIN (RAM) + LENGTH (RAM))
                0x00000200                        _Min_Heap_Size = 0x200
                0x00000400                        _Min_Stack_Size = 0x400

.isr_vector     0x08000000      0x198
                0x08000000                        . = ALIGN (0x4)
 *(.isr_vector)
 .isr_vector    0x08000000      0x198 ./Core/Startup/startup_stm32f411ceux.o
                0x08000000                g_pfnVectors
                0x08000198                        . = ALIGN (0x4)

.text           0x08000198    0x28e94
                0x08000198                        . = ALIGN (0x4)
 *(.text)
 .text          0x08000198       0x40 F:/ST/STM32CubeIDE_1.1.0/STM32CubeIDE/plugins/com.st.stm32cube.ide.mcu.externaltools.gnu-tools-for-stm32.13.3.rel1.win32_1.0.0.202411081344/tools/bin/../lib/gcc/arm-none-eabi/13.3.1/thumb/v7e-m+fp/hard/crtbegin.o
 .text          0x080001d8       0x14 F:/ST/STM32CubeIDE_1.1.0/STM32CubeIDE/plugins/com.st.stm32cube.ide.mcu.externaltools.gnu-tools-for-stm32.13.3.rel1.win32_1.0.0.202411081344/tools/bin/../lib/gcc/arm-none-eabi/13.3.1/../../../../arm-none-eabi/lib/thumb/v7e-m+fp/hard\libc_nano.a(libc_a-strcmp.o)
                0x080001d8                strcmp
 .text          0x080001ec       0x10 F:/ST/STM32CubeIDE_1.1.0/STM32CubeIDE/plugins/com.st.stm32cube.ide.mcu.externaltools.gnu-tools-for-stm32.13.3.rel1.win32_1.0.0.202411081344/tools/bin/../lib/gcc/arm-none-eabi/13.3.1/../../../../arm-none-eabi/lib/thumb/v7e-m+fp/hard\libc_nano.a(libc_a-strlen.o)
                0x080001ec                strlen
 .text          0x080001fc       0x30 F:/ST/STM32CubeIDE_1.1.0/STM32CubeIDE/plugins/com.st.stm32cube.ide.mcu.externaltools.gnu-tools-for-stm32.13.3.rel1.win32_1.0.0.202411081344/tools/bin/../lib/gcc/arm-none-eabi/13.3.1/thumb/v7e-m+fp/hard\libgcc.a(_aeabi_uldivmod.o)
                0x080001fc                __aeabi_uldivmod
 .text          0x0800022c      0x2f8 F:/ST/STM32CubeIDE_1.1.0/STM32CubeIDE/plugins/com.st.stm32cube.ide.mcu.externaltools.gnu-tools-for-stm32.13.3.rel1.win32_1.0.0.202411081344/tools/bin/../lib/gcc/arm-none-eabi/13.3.1/thumb/v7e-m+fp/hard\libgcc.a(_udivmoddi4.o)
                0x0800022c                __udivmoddi4
 .text          0x08000524        0x4 F:/ST/STM32CubeIDE_1.1.0/STM32CubeIDE/plugins/com.st.stm32cube.ide.mcu.externaltools.gnu-tools-for-stm32.13.3.rel1.win32_1.0.0.202411081344/tools/bin/../lib/gcc/arm-none-eabi/13.3.1/thumb/v7e-m+fp/hard\libgcc.a(_dvmd_tls.o)
                0x08000524                __aeabi_idiv0
                0x08000524                __aeabi_ldiv0
 *(.text*)
 .text.monitor_cb
                0x08000528        0xc ./Core/Src/lcd_lvgl.o
                0x08000528                monitor_cb
 .text.tft_flush
                0x08000534       0x64 ./Core/Src/lcd_lvgl.o
 .text.Display_init
                0x08000598      0x100 ./Core/Src/lcd_lvgl.o
                0x08000598                Display_init
 .text.set_angle
                0x08000698        0x8 ./Core/Src/main.o
 .text.NVIC_EncodePriority.constprop.0
                0x080006a0       0x28 ./Core/Src/main.o
 .text.lv_example_arc_2
                0x080006c8       0x8c ./Core/Src/main.o
                0x080006c8                lv_example_arc_2
 .text.SystemClock_Config
                0x08000754       0xc8 ./Core/Src/main.o
                0x08000754                SystemClock_Config
 .text.startup.main
                0x0800081c      0x2f4 ./Core/Src/main.o
                0x0800081c                main
 .text.NMI_Handler
                0x08000b10        0x4 ./Core/Src/stm32f4xx_it.o
                0x08000b10                NMI_Handler
 .text.HardFault_Handler
                0x08000b14        0x4 ./Core/Src/stm32f4xx_it.o
                0x08000b14                HardFault_Handler
 .text.MemManage_Handler
                0x08000b18        0x4 ./Core/Src/stm32f4xx_it.o
                0x08000b18                MemManage_Handler
 .text.BusFault_Handler
                0x08000b1c        0x4 ./Core/Src/stm32f4xx_it.o
                0x08000b1c                BusFault_Handler
 .text.UsageFault_Handler
                0x08000b20        0x4 ./Core/Src/stm32f4xx_it.o
                0x08000b20                UsageFault_Handler
 .text.SVC_Handler
                0x08000b24        0x4 ./Core/Src/stm32f4xx_it.o
                0x08000b24                SVC_Handler
 .text.DebugMon_Handler
                0x08000b28        0x4 ./Core/Src/stm32f4xx_it.o
                0x08000b28                DebugMon_Handler
 .text.PendSV_Handler
                0x08000b2c        0x4 ./Core/Src/stm32f4xx_it.o
                0x08000b2c                PendSV_Handler
 .text.SysTick_Handler
                0x08000b30       0x14 ./Core/Src/stm32f4xx_it.o
                0x08000b30                SysTick_Handler
 .text.DMA2_Stream2_IRQHandler
                0x08000b44        0xc ./Core/Src/stm32f4xx_it.o
                0x08000b44                DMA2_Stream2_IRQHandler
 .text._sbrk    0x08000b50       0x44 ./Core/Src/sysmem.o
                0x08000b50                _sbrk
 .text.SystemInit
                0x08000b94       0x14 ./Core/Src/system_stm32f4xx.o
                0x08000b94                SystemInit
 .text.Reset_Handler
                0x08000ba8       0x50 ./Core/Startup/startup_stm32f411ceux.o
                0x08000ba8                Reset_Handler
 .text.Default_Handler
                0x08000bf8        0x2 ./Core/Startup/startup_stm32f411ceux.o
                0x08000bf8                RTC_Alarm_IRQHandler
                0x08000bf8                EXTI2_IRQHandler
                0x08000bf8                SPI4_IRQHandler
                0x08000bf8                TIM1_CC_IRQHandler
                0x08000bf8                DMA2_Stream5_IRQHandler
                0x08000bf8                DMA1_Stream5_IRQHandler
                0x08000bf8                PVD_IRQHandler
                0x08000bf8                SDIO_IRQHandler
                0x08000bf8                TAMP_STAMP_IRQHandler
                0x08000bf8                EXTI3_IRQHandler
                0x08000bf8                TIM1_UP_TIM10_IRQHandler
                0x08000bf8                I2C3_ER_IRQHandler
                0x08000bf8                EXTI0_IRQHandler
                0x08000bf8                I2C2_EV_IRQHandler
                0x08000bf8                DMA1_Stream2_IRQHandler
                0x08000bf8                FPU_IRQHandler
                0x08000bf8                SPI1_IRQHandler
                0x08000bf8                TIM1_BRK_TIM9_IRQHandler
                0x08000bf8                DMA2_Stream3_IRQHandler
                0x08000bf8                USART6_IRQHandler
                0x08000bf8                DMA2_Stream0_IRQHandler
                0x08000bf8                TIM4_IRQHandler
                0x08000bf8                I2C1_EV_IRQHandler
                0x08000bf8                DMA1_Stream6_IRQHandler
                0x08000bf8                DMA1_Stream1_IRQHandler
                0x08000bf8                TIM3_IRQHandler
                0x08000bf8                RCC_IRQHandler
                0x08000bf8                Default_Handler
                0x08000bf8                EXTI15_10_IRQHandler
                0x08000bf8                ADC_IRQHandler
                0x08000bf8                DMA1_Stream7_IRQHandler
                0x08000bf8                SPI5_IRQHandler
                0x08000bf8                TIM5_IRQHandler
                0x08000bf8                DMA2_Stream7_IRQHandler
                0x08000bf8                I2C3_EV_IRQHandler
                0x08000bf8                EXTI9_5_IRQHandler
                0x08000bf8                RTC_WKUP_IRQHandler
                0x08000bf8                SPI2_IRQHandler
                0x08000bf8                DMA1_Stream0_IRQHandler
                0x08000bf8                EXTI4_IRQHandler
                0x08000bf8                WWDG_IRQHandler
                0x08000bf8                TIM2_IRQHandler
                0x08000bf8                OTG_FS_WKUP_IRQHandler
                0x08000bf8                TIM1_TRG_COM_TIM11_IRQHandler
                0x08000bf8                EXTI1_IRQHandler
                0x08000bf8                USART2_IRQHandler
                0x08000bf8                I2C2_ER_IRQHandler
                0x08000bf8                DMA2_Stream1_IRQHandler
                0x08000bf8                FLASH_IRQHandler
                0x08000bf8                DMA2_Stream4_IRQHandler
                0x08000bf8                USART1_IRQHandler
                0x08000bf8                OTG_FS_IRQHandler
                0x08000bf8                SPI3_IRQHandler
                0x08000bf8                DMA1_Stream4_IRQHandler
                0x08000bf8                I2C1_ER_IRQHandler
                0x08000bf8                DMA2_Stream6_IRQHandler
                0x08000bf8                DMA1_Stream3_IRQHandler
 *fill*         0x08000bfa        0x2 
 .text.Display_TC_Callback
                0x08000bfc       0xec ./Display/display.o
                0x08000bfc                Display_TC_Callback
 .text.LCD_DelayMs
                0x08000ce8       0x20 ./Display/display.o
                0x08000ce8                LCD_DelayMs
 .text.LCD_HardWareReset
                0x08000d08       0x44 ./Display/display.o
                0x08000d08                LCD_HardWareReset
 .text.LCD_String_Interpretator
                0x08000d4c       0xf0 ./Display/display.o
                0x08000d4c                LCD_String_Interpretator
 .text.LCD_DisplayAdd
                0x08000e3c      0x1a0 ./Display/display.o
                0x08000e3c                LCD_DisplayAdd
 .text.LCD_SetBackLight
                0x08000fdc       0x7c ./Display/display.o
                0x08000fdc                LCD_SetBackLight
 .text.LCD_Init
                0x08001058       0x24 ./Display/display.o
                0x08001058                LCD_Init
 .text.LCD_WriteData
                0x0800107c       0xb0 ./Display/display.o
                0x0800107c                LCD_WriteData
 .text.LCD_WriteDataDMA
                0x0800112c       0xf4 ./Display/display.o
                0x0800112c                LCD_WriteDataDMA
 .text.LCD_DrawImage
                0x08001220       0x7c ./Display/display.o
                0x08001220                LCD_DrawImage
 .text.ILI9341_Init
                0x0800129c       0x1c ./Display/ili9341.o
                0x0800129c                ILI9341_Init
 .text.ILI9341_SetWindow
                0x080012b8       0x48 ./Display/ili9341.o
                0x080012b8                ILI9341_SetWindow
 .text.ILI9341_SleepIn
                0x08001300        0x8 ./Display/ili9341.o
                0x08001300                ILI9341_SleepIn
 .text.ILI9341_SleepOut
                0x08001308        0x8 ./Display/ili9341.o
                0x08001308                ILI9341_SleepOut
 .text.LL_GPIO_Init
                0x08001310      0x14c ./Drivers/STM32F4xx_HAL_Driver/Src/stm32f4xx_ll_gpio.o
                0x08001310                LL_GPIO_Init
 .text.LL_SPI_Init
                0x0800145c       0x70 ./Drivers/STM32F4xx_HAL_Driver/Src/stm32f4xx_ll_spi.o
                0x0800145c                LL_SPI_Init
 .text.LL_TIM_Init
                0x080014cc       0x8c ./Drivers/STM32F4xx_HAL_Driver/Src/stm32f4xx_ll_tim.o
                0x080014cc                LL_TIM_Init
 .text.LL_TIM_OC_Init
                0x08001558      0x1a4 ./Drivers/STM32F4xx_HAL_Driver/Src/stm32f4xx_ll_tim.o
                0x08001558                LL_TIM_OC_Init
 .text.LL_Init1msTick
                0x080016fc       0x20 ./Drivers/STM32F4xx_HAL_Driver/Src/stm32f4xx_ll_utils.o
                0x080016fc                LL_Init1msTick
 .text.LL_SetSystemCoreClock
                0x0800171c        0xc ./Drivers/STM32F4xx_HAL_Driver/Src/stm32f4xx_ll_utils.o
                0x0800171c                LL_SetSystemCoreClock
 .text.lv_disp_get_scr_act
                0x08001728       0x14 ./lvgl/src/core/lv_disp.o
                0x08001728                lv_disp_get_scr_act
 .text.lv_disp_get_scr_prev
                0x0800173c       0x14 ./lvgl/src/core/lv_disp.o
                0x0800173c                lv_disp_get_scr_prev
 .text.lv_disp_get_layer_top
                0x08001750       0x14 ./lvgl/src/core/lv_disp.o
                0x08001750                lv_disp_get_layer_top
 .text.lv_disp_get_layer_sys
                0x08001764       0x14 ./lvgl/src/core/lv_disp.o
                0x08001764                lv_disp_get_layer_sys
 .text.lv_disp_get_theme
                0x08001778       0x10 ./lvgl/src/core/lv_disp.o
                0x08001778                lv_disp_get_theme
 .text.lv_disp_is_invalidation_enabled
                0x08001788       0x1c ./lvgl/src/core/lv_disp.o
                0x08001788                lv_disp_is_invalidation_enabled
 .text.lv_obj_event_base
                0x080017a4       0x34 ./lvgl/src/core/lv_event.o
                0x080017a4                lv_obj_event_base
 .text.event_send_core
                0x080017d8      0x184 ./lvgl/src/core/lv_event.o
 .text.lv_event_send
                0x0800195c       0x40 ./lvgl/src/core/lv_event.o
                0x0800195c                lv_event_send
 .text.lv_event_get_target
                0x0800199c        0x4 ./lvgl/src/core/lv_event.o
                0x0800199c                lv_event_get_target
 .text.lv_event_get_current_target
                0x080019a0        0x4 ./lvgl/src/core/lv_event.o
                0x080019a0                lv_event_get_current_target
 .text.lv_event_get_code
                0x080019a4        0x8 ./lvgl/src/core/lv_event.o
                0x080019a4                lv_event_get_code
 .text.lv_event_get_param
                0x080019ac        0x4 ./lvgl/src/core/lv_event.o
                0x080019ac                lv_event_get_param
 .text.lv_event_get_user_data
                0x080019b0        0x4 ./lvgl/src/core/lv_event.o
                0x080019b0                lv_event_get_user_data
 .text._lv_event_mark_deleted
                0x080019b4       0x2c ./lvgl/src/core/lv_event.o
                0x080019b4                _lv_event_mark_deleted
 .text.lv_obj_add_event_cb
                0x080019e0       0x60 ./lvgl/src/core/lv_event.o
                0x080019e0                lv_obj_add_event_cb
 .text.lv_event_get_indev
                0x08001a40       0x18 ./lvgl/src/core/lv_event.o
                0x08001a40                lv_event_get_indev
 .text.lv_event_get_draw_ctx
                0x08001a58       0x10 ./lvgl/src/core/lv_event.o
                0x08001a58                lv_event_get_draw_ctx
 .text.lv_event_set_ext_draw_size
                0x08001a68       0x18 ./lvgl/src/core/lv_event.o
                0x08001a68                lv_event_set_ext_draw_size
 .text.get_indev
                0x08001a80       0x60 ./lvgl/src/core/lv_group.o
 .text.focus_next_core
                0x08001ae0       0xd4 ./lvgl/src/core/lv_group.o
 .text.lv_group_refocus
                0x08001bb4       0x64 ./lvgl/src/core/lv_group.o
 .text._lv_group_init
                0x08001c18        0xc ./lvgl/src/core/lv_group.o
                0x08001c18                _lv_group_init
 .text.lv_group_get_default
                0x08001c24        0xc ./lvgl/src/core/lv_group.o
                0x08001c24                lv_group_get_default
 .text.lv_group_remove_obj
                0x08001c30       0xa0 ./lvgl/src/core/lv_group.o
                0x08001c30                lv_group_remove_obj
 .text.lv_group_add_obj
                0x08001cd0       0x7c ./lvgl/src/core/lv_group.o
                0x08001cd0                lv_group_add_obj
 .text.lv_group_set_editing
                0x08001d4c       0x3c ./lvgl/src/core/lv_group.o
                0x08001d4c                lv_group_set_editing
 .text.lv_group_get_editing
                0x08001d88        0xc ./lvgl/src/core/lv_group.o
                0x08001d88                lv_group_get_editing
 .text.lv_indev_get_act
                0x08001d94        0xc ./lvgl/src/core/lv_indev.o
                0x08001d94                lv_indev_get_act
 .text.lv_indev_get_type
                0x08001da0        0x8 ./lvgl/src/core/lv_indev.o
                0x08001da0                lv_indev_get_type
 .text.lv_indev_reset
                0x08001da8       0xb0 ./lvgl/src/core/lv_indev.o
                0x08001da8                lv_indev_reset
 .text.lv_indev_reset_long_press
                0x08001e58       0x1c ./lvgl/src/core/lv_indev.o
                0x08001e58                lv_indev_reset_long_press
 .text.lv_indev_get_point
                0x08001e74       0x30 ./lvgl/src/core/lv_indev.o
                0x08001e74                lv_indev_get_point
 .text.lv_indev_get_scroll_dir
                0x08001ea4       0x1c ./lvgl/src/core/lv_indev.o
                0x08001ea4                lv_indev_get_scroll_dir
 .text.lv_indev_get_scroll_obj
                0x08001ec0       0x18 ./lvgl/src/core/lv_indev.o
                0x08001ec0                lv_indev_get_scroll_obj
 .text.lv_indev_get_vect
                0x08001ed8       0x20 ./lvgl/src/core/lv_indev.o
                0x08001ed8                lv_indev_get_vect
 .text.lv_indev_wait_release
                0x08001ef8        0xc ./lvgl/src/core/lv_indev.o
                0x08001ef8                lv_indev_wait_release
 .text.lv_indev_get_obj_act
                0x08001f04        0xc ./lvgl/src/core/lv_indev.o
                0x08001f04                lv_indev_get_obj_act
 .text.lv_indev_scroll_throw_predict
                0x08001f10       0x4c ./lvgl/src/core/lv_indev_scroll.o
                0x08001f10                lv_indev_scroll_throw_predict
 .text.lv_obj_draw
                0x08001f5c      0x4a4 ./lvgl/src/core/lv_obj.o
 .text.lv_obj_destructor
                0x08002400       0x64 ./lvgl/src/core/lv_obj.o
 .text.lv_obj_constructor
                0x08002464       0x60 ./lvgl/src/core/lv_obj.o
 .text.lv_obj_set_state
                0x080024c4      0x2c8 ./lvgl/src/core/lv_obj.o
 .text.lv_obj_event
                0x0800278c      0x3fc ./lvgl/src/core/lv_obj.o
 .text.lv_init  0x08002b88       0x60 ./lvgl/src/core/lv_obj.o
                0x08002b88                lv_init
 .text.lv_obj_create
                0x08002be8       0x18 ./lvgl/src/core/lv_obj.o
                0x08002be8                lv_obj_create
 .text.lv_obj_add_flag
                0x08002c00       0x78 ./lvgl/src/core/lv_obj.o
                0x08002c00                lv_obj_add_flag
 .text.lv_obj_clear_flag
                0x08002c78       0x80 ./lvgl/src/core/lv_obj.o
                0x08002c78                lv_obj_clear_flag
 .text.lv_obj_add_state
                0x08002cf8       0x34 ./lvgl/src/core/lv_obj.o
                0x08002cf8                lv_obj_add_state
 .text.lv_obj_clear_state
                0x08002d2c       0x14 ./lvgl/src/core/lv_obj.o
                0x08002d2c                lv_obj_clear_state
 .text.lv_obj_has_flag
                0x08002d40        0xc ./lvgl/src/core/lv_obj.o
                0x08002d40                lv_obj_has_flag
 .text.lv_obj_has_flag_any
                0x08002d4c        0xc ./lvgl/src/core/lv_obj.o
                0x08002d4c                lv_obj_has_flag_any
 .text.lv_obj_get_state
                0x08002d58        0x4 ./lvgl/src/core/lv_obj.o
                0x08002d58                lv_obj_get_state
 .text.lv_obj_get_group
                0x08002d5c        0x8 ./lvgl/src/core/lv_obj.o
                0x08002d5c                lv_obj_get_group
 .text.lv_obj_allocate_spec_attr
                0x08002d64       0x3c ./lvgl/src/core/lv_obj.o
                0x08002d64                lv_obj_allocate_spec_attr
 .text.lv_obj_check_type
                0x08002da0       0x10 ./lvgl/src/core/lv_obj.o
                0x08002da0                lv_obj_check_type
 .text.lv_obj_construct
                0x08002db0       0x64 ./lvgl/src/core/lv_obj_class.o
 .text.lv_obj_class_create_obj
                0x08002e14       0xf0 ./lvgl/src/core/lv_obj_class.o
                0x08002e14                lv_obj_class_create_obj
 .text.lv_obj_class_init_obj
                0x08002f04       0xd8 ./lvgl/src/core/lv_obj_class.o
                0x08002f04                lv_obj_class_init_obj
 .text._lv_obj_destruct
                0x08002fdc       0x1c ./lvgl/src/core/lv_obj_class.o
                0x08002fdc                _lv_obj_destruct
 .text.lv_obj_is_editable
                0x08002ff8       0x20 ./lvgl/src/core/lv_obj_class.o
                0x08002ff8                lv_obj_is_editable
 .text.lv_obj_init_draw_rect_dsc
                0x08003018      0x2d8 ./lvgl/src/core/lv_obj_draw.o
                0x08003018                lv_obj_init_draw_rect_dsc
 .text.lv_obj_init_draw_label_dsc
                0x080032f0       0xac ./lvgl/src/core/lv_obj_draw.o
                0x080032f0                lv_obj_init_draw_label_dsc
 .text.lv_obj_init_draw_img_dsc
                0x0800339c       0xb0 ./lvgl/src/core/lv_obj_draw.o
                0x0800339c                lv_obj_init_draw_img_dsc
 .text.lv_obj_init_draw_line_dsc
                0x0800344c       0xb8 ./lvgl/src/core/lv_obj_draw.o
                0x0800344c                lv_obj_init_draw_line_dsc
 .text.lv_obj_init_draw_arc_dsc
                0x08003504       0xa0 ./lvgl/src/core/lv_obj_draw.o
                0x08003504                lv_obj_init_draw_arc_dsc
 .text.lv_obj_calculate_ext_draw_size
                0x080035a4       0xd4 ./lvgl/src/core/lv_obj_draw.o
                0x080035a4                lv_obj_calculate_ext_draw_size
 .text.lv_obj_draw_dsc_init
                0x08003678       0x14 ./lvgl/src/core/lv_obj_draw.o
                0x08003678                lv_obj_draw_dsc_init
 .text.lv_obj_refresh_ext_draw_size
                0x0800368c       0x64 ./lvgl/src/core/lv_obj_draw.o
                0x0800368c                lv_obj_refresh_ext_draw_size
 .text._lv_obj_get_ext_draw_size
                0x080036f0        0xc ./lvgl/src/core/lv_obj_draw.o
                0x080036f0                _lv_obj_get_ext_draw_size
 .text._lv_obj_get_layer_type
                0x080036fc        0xc ./lvgl/src/core/lv_obj_draw.o
                0x080036fc                _lv_obj_get_layer_type
 .text.transform_point
                0x08003708       0x84 ./lvgl/src/core/lv_obj_pos.o
 .text.lv_obj_set_pos
                0x0800378c       0x58 ./lvgl/src/core/lv_obj_pos.o
                0x0800378c                lv_obj_set_pos
 .text.lv_obj_set_x
                0x080037e4       0x30 ./lvgl/src/core/lv_obj_pos.o
                0x080037e4                lv_obj_set_x
 .text.lv_obj_set_y
                0x08003814       0x30 ./lvgl/src/core/lv_obj_pos.o
                0x08003814                lv_obj_set_y
 .text.lv_obj_set_size
                0x08003844       0x58 ./lvgl/src/core/lv_obj_pos.o
                0x08003844                lv_obj_set_size
 .text.lv_obj_set_width
                0x0800389c       0x30 ./lvgl/src/core/lv_obj_pos.o
                0x0800389c                lv_obj_set_width
 .text.lv_obj_set_height
                0x080038cc       0x30 ./lvgl/src/core/lv_obj_pos.o
                0x080038cc                lv_obj_set_height
 .text.lv_obj_set_layout
                0x080038fc       0x3c ./lvgl/src/core/lv_obj_pos.o
                0x080038fc                lv_obj_set_layout
 .text.lv_obj_is_layout_positioned
                0x08003938       0x34 ./lvgl/src/core/lv_obj_pos.o
                0x08003938                lv_obj_is_layout_positioned
 .text.lv_obj_mark_layout_as_dirty
                0x0800396c       0x30 ./lvgl/src/core/lv_obj_pos.o
                0x0800396c                lv_obj_mark_layout_as_dirty
 .text.lv_layout_register
                0x0800399c       0x3c ./lvgl/src/core/lv_obj_pos.o
                0x0800399c                lv_layout_register
 .text.lv_obj_align
                0x080039d8       0x60 ./lvgl/src/core/lv_obj_pos.o
                0x080039d8                lv_obj_align
 .text.lv_obj_get_coords
                0x08003a38        0xc ./lvgl/src/core/lv_obj_pos.o
                0x08003a38                lv_obj_get_coords
 .text.lv_obj_get_x
                0x08003a44       0x54 ./lvgl/src/core/lv_obj_pos.o
                0x08003a44                lv_obj_get_x
 .text.lv_obj_get_y
                0x08003a98       0x54 ./lvgl/src/core/lv_obj_pos.o
                0x08003a98                lv_obj_get_y
 .text.lv_obj_get_y2
                0x08003aec       0x64 ./lvgl/src/core/lv_obj_pos.o
                0x08003aec                lv_obj_get_y2
 .text.lv_obj_get_width
                0x08003b50        0xc ./lvgl/src/core/lv_obj_pos.o
                0x08003b50                lv_obj_get_width
 .text.lv_obj_get_height
                0x08003b5c        0xc ./lvgl/src/core/lv_obj_pos.o
                0x08003b5c                lv_obj_get_height
 .text.lv_obj_get_content_width
                0x08003b68       0x6c ./lvgl/src/core/lv_obj_pos.o
                0x08003b68                lv_obj_get_content_width
 .text.lv_obj_get_content_height
                0x08003bd4       0x6c ./lvgl/src/core/lv_obj_pos.o
                0x08003bd4                lv_obj_get_content_height
 .text.lv_obj_get_content_coords
                0x08003c40       0xd0 ./lvgl/src/core/lv_obj_pos.o
                0x08003c40                lv_obj_get_content_coords
 .text.lv_obj_get_self_width
                0x08003d10       0x20 ./lvgl/src/core/lv_obj_pos.o
                0x08003d10                lv_obj_get_self_width
 .text.lv_obj_get_self_height
                0x08003d30       0x1c ./lvgl/src/core/lv_obj_pos.o
                0x08003d30                lv_obj_get_self_height
 .text.lv_obj_refresh_self_size
                0x08003d4c       0x5c ./lvgl/src/core/lv_obj_pos.o
                0x08003d4c                lv_obj_refresh_self_size
 .text.lv_obj_move_children_by
                0x08003da8       0x80 ./lvgl/src/core/lv_obj_pos.o
                0x08003da8                lv_obj_move_children_by
 .text.lv_obj_transform_point
                0x08003e28       0x84 ./lvgl/src/core/lv_obj_pos.o
                0x08003e28                lv_obj_transform_point
 .text.lv_obj_get_transformed_area
                0x08003eac       0xf8 ./lvgl/src/core/lv_obj_pos.o
                0x08003eac                lv_obj_get_transformed_area
 .text.lv_obj_area_is_visible
                0x08003fa4       0xfc ./lvgl/src/core/lv_obj_pos.o
                0x08003fa4                lv_obj_area_is_visible
 .text.lv_obj_invalidate_area
                0x080040a0       0x3c ./lvgl/src/core/lv_obj_pos.o
                0x080040a0                lv_obj_invalidate_area
 .text.lv_obj_invalidate
                0x080040dc       0x48 ./lvgl/src/core/lv_obj_pos.o
                0x080040dc                lv_obj_invalidate
 .text.lv_obj_move_to
                0x08004124      0x1dc ./lvgl/src/core/lv_obj_pos.o
                0x08004124                lv_obj_move_to
 .text.lv_obj_refr_pos.part.0
                0x08004300      0x2bc ./lvgl/src/core/lv_obj_pos.o
 .text.lv_obj_is_visible
                0x080045bc       0x48 ./lvgl/src/core/lv_obj_pos.o
                0x080045bc                lv_obj_is_visible
 .text.lv_obj_set_ext_click_area
                0x08004604       0x10 ./lvgl/src/core/lv_obj_pos.o
                0x08004604                lv_obj_set_ext_click_area
 .text.lv_obj_get_click_area
                0x08004614       0x38 ./lvgl/src/core/lv_obj_pos.o
                0x08004614                lv_obj_get_click_area
 .text.lv_clamp_width
                0x0800464c       0x94 ./lvgl/src/core/lv_obj_pos.o
                0x0800464c                lv_clamp_width
 .text.lv_obj_refr_size
                0x080046e0      0x7bc ./lvgl/src/core/lv_obj_pos.o
                0x080046e0                lv_obj_refr_size
 .text.layout_update_core
                0x08004e9c       0x88 ./lvgl/src/core/lv_obj_pos.o
 .text.lv_obj_align_to
                0x08004f24      0x4f4 ./lvgl/src/core/lv_obj_pos.o
                0x08004f24                lv_obj_align_to
 .text.lv_obj_update_layout
                0x08005418       0x40 ./lvgl/src/core/lv_obj_pos.o
                0x08005418                lv_obj_update_layout
 .text.scroll_anim_ready_cb
                0x08005458        0xc ./lvgl/src/core/lv_obj_scroll.o
 .text.lv_obj_set_scrollbar_mode
                0x08005464       0x28 ./lvgl/src/core/lv_obj_scroll.o
                0x08005464                lv_obj_set_scrollbar_mode
 .text.lv_obj_set_scroll_dir
                0x0800548c       0x20 ./lvgl/src/core/lv_obj_scroll.o
                0x0800548c                lv_obj_set_scroll_dir
 .text.lv_obj_set_scroll_snap_x
                0x080054ac       0x18 ./lvgl/src/core/lv_obj_scroll.o
                0x080054ac                lv_obj_set_scroll_snap_x
 .text.lv_obj_set_scroll_snap_y
                0x080054c4       0x18 ./lvgl/src/core/lv_obj_scroll.o
                0x080054c4                lv_obj_set_scroll_snap_y
 .text.lv_obj_get_scrollbar_mode
                0x080054dc       0x10 ./lvgl/src/core/lv_obj_scroll.o
                0x080054dc                lv_obj_get_scrollbar_mode
 .text.lv_obj_get_scroll_dir
                0x080054ec       0x10 ./lvgl/src/core/lv_obj_scroll.o
                0x080054ec                lv_obj_get_scroll_dir
 .text.lv_obj_get_scroll_x
                0x080054fc        0xc ./lvgl/src/core/lv_obj_scroll.o
                0x080054fc                lv_obj_get_scroll_x
 .text.lv_obj_get_scroll_y
                0x08005508        0xc ./lvgl/src/core/lv_obj_scroll.o
                0x08005508                lv_obj_get_scroll_y
 .text.lv_obj_get_scroll_top
                0x08005514        0xc ./lvgl/src/core/lv_obj_scroll.o
                0x08005514                lv_obj_get_scroll_top
 .text.lv_obj_get_scroll_bottom
                0x08005520       0xd8 ./lvgl/src/core/lv_obj_scroll.o
                0x08005520                lv_obj_get_scroll_bottom
 .text.lv_obj_get_scroll_left
                0x080055f8       0xfc ./lvgl/src/core/lv_obj_scroll.o
                0x080055f8                lv_obj_get_scroll_left
 .text.lv_obj_get_scroll_right
                0x080056f4       0xec ./lvgl/src/core/lv_obj_scroll.o
                0x080056f4                lv_obj_get_scroll_right
 .text.lv_obj_get_scroll_end
                0x080057e0       0x5c ./lvgl/src/core/lv_obj_scroll.o
                0x080057e0                lv_obj_get_scroll_end
 .text._lv_obj_scroll_by_raw
                0x0800583c       0x4c ./lvgl/src/core/lv_obj_scroll.o
                0x0800583c                _lv_obj_scroll_by_raw
 .text.scroll_y_anim
                0x08005888       0x14 ./lvgl/src/core/lv_obj_scroll.o
 .text.scroll_x_anim
                0x0800589c       0x14 ./lvgl/src/core/lv_obj_scroll.o
 .text.lv_obj_scroll_by
                0x080058b0      0x148 ./lvgl/src/core/lv_obj_scroll.o
                0x080058b0                lv_obj_scroll_by
 .text.lv_obj_scroll_by_bounded
                0x080059f8      0x110 ./lvgl/src/core/lv_obj_scroll.o
                0x080059f8                lv_obj_scroll_by_bounded
 .text.lv_obj_scroll_to_x
                0x08005b08       0x30 ./lvgl/src/core/lv_obj_scroll.o
                0x08005b08                lv_obj_scroll_to_x
 .text.lv_obj_scroll_to_y
                0x08005b38       0x30 ./lvgl/src/core/lv_obj_scroll.o
                0x08005b38                lv_obj_scroll_to_y
 .text.lv_obj_scroll_to
                0x08005b68       0x58 ./lvgl/src/core/lv_obj_scroll.o
                0x08005b68                lv_obj_scroll_to
 .text.scroll_area_into_view
                0x08005bc0      0x408 ./lvgl/src/core/lv_obj_scroll.o
 .text.lv_obj_scroll_to_view_recursive
                0x08005fc8       0x3c ./lvgl/src/core/lv_obj_scroll.o
                0x08005fc8                lv_obj_scroll_to_view_recursive
 .text.lv_obj_get_scrollbar_area
                0x08006004      0x838 ./lvgl/src/core/lv_obj_scroll.o
                0x08006004                lv_obj_get_scrollbar_area
 .text.lv_obj_scrollbar_invalidate
                0x0800683c       0x50 ./lvgl/src/core/lv_obj_scroll.o
                0x0800683c                lv_obj_scrollbar_invalidate
 .text.lv_obj_readjust_scroll
                0x0800688c       0xc0 ./lvgl/src/core/lv_obj_scroll.o
                0x0800688c                lv_obj_readjust_scroll
 .text.refresh_children_style
                0x0800694c       0x3c ./lvgl/src/core/lv_obj_style.o
 .text.get_local_style
                0x08006988       0xd8 ./lvgl/src/core/lv_obj_style.o
 .text.get_trans_style
                0x08006a60       0xc0 ./lvgl/src/core/lv_obj_style.o
 .text.trans_del.isra.0
                0x08006b20       0xcc ./lvgl/src/core/lv_obj_style.o
 .text._lv_obj_style_init
                0x08006bec        0xc ./lvgl/src/core/lv_obj_style.o
                0x08006bec                _lv_obj_style_init
 .text.lv_obj_enable_style_refresh
                0x08006bf8        0xc ./lvgl/src/core/lv_obj_style.o
                0x08006bf8                lv_obj_enable_style_refresh
 .text.lv_obj_get_style_prop
                0x08006c04      0x188 ./lvgl/src/core/lv_obj_style.o
                0x08006c04                lv_obj_get_style_prop
 .text.lv_obj_refresh_style.part.0
                0x08006d8c      0x1c4 ./lvgl/src/core/lv_obj_style.o
 .text.lv_obj_refresh_style
                0x08006f50       0x10 ./lvgl/src/core/lv_obj_style.o
                0x08006f50                lv_obj_refresh_style
 .text.lv_obj_add_style
                0x08006f60      0x104 ./lvgl/src/core/lv_obj_style.o
                0x08006f60                lv_obj_add_style
 .text.report_style_change_core
                0x08007064       0x68 ./lvgl/src/core/lv_obj_style.o
 .text.lv_obj_report_style_change
                0x080070cc       0x44 ./lvgl/src/core/lv_obj_style.o
                0x080070cc                lv_obj_report_style_change
 .text.trans_anim_cb
                0x08007110      0x184 ./lvgl/src/core/lv_obj_style.o
 .text.lv_obj_remove_style
                0x08007294      0x124 ./lvgl/src/core/lv_obj_style.o
                0x08007294                lv_obj_remove_style
 .text.lv_obj_remove_style_all
                0x080073b8        0xc ./lvgl/src/core/lv_obj_style.o
                0x080073b8                lv_obj_remove_style_all
 .text.trans_anim_ready_cb
                0x080073c4       0xc0 ./lvgl/src/core/lv_obj_style.o
 .text.trans_anim_start_cb
                0x08007484       0x40 ./lvgl/src/core/lv_obj_style.o
 .text.lv_obj_set_local_style_prop
                0x080074c4       0x34 ./lvgl/src/core/lv_obj_style.o
                0x080074c4                lv_obj_set_local_style_prop
 .text.lv_obj_get_local_style_prop
                0x080074f8       0x44 ./lvgl/src/core/lv_obj_style.o
                0x080074f8                lv_obj_get_local_style_prop
 .text.lv_obj_remove_local_style_prop
                0x0800753c       0x70 ./lvgl/src/core/lv_obj_style.o
                0x0800753c                lv_obj_remove_local_style_prop
 .text._lv_obj_style_create_transition
                0x080075ac      0x160 ./lvgl/src/core/lv_obj_style.o
                0x080075ac                _lv_obj_style_create_transition
 .text._lv_obj_style_apply_color_filter
                0x0800770c       0x38 ./lvgl/src/core/lv_obj_style.o
                0x0800770c                _lv_obj_style_apply_color_filter
 .text._lv_obj_style_state_compare
                0x08007744      0x264 ./lvgl/src/core/lv_obj_style.o
                0x08007744                _lv_obj_style_state_compare
 .text.lv_obj_style_get_selector_state
                0x080079a8        0x4 ./lvgl/src/core/lv_obj_style.o
                0x080079a8                lv_obj_style_get_selector_state
 .text.lv_obj_style_get_selector_part
                0x080079ac        0x8 ./lvgl/src/core/lv_obj_style.o
                0x080079ac                lv_obj_style_get_selector_part
 .text.lv_obj_calculate_style_text_align
                0x080079b4       0x24 ./lvgl/src/core/lv_obj_style.o
                0x080079b4                lv_obj_calculate_style_text_align
 .text.lv_obj_set_style_width
                0x080079d8        0xc ./lvgl/src/core/lv_obj_style_gen.o
                0x080079d8                lv_obj_set_style_width
 .text.lv_obj_set_style_min_width
                0x080079e4        0xc ./lvgl/src/core/lv_obj_style_gen.o
                0x080079e4                lv_obj_set_style_min_width
 .text.lv_obj_set_style_height
                0x080079f0        0xc ./lvgl/src/core/lv_obj_style_gen.o
                0x080079f0                lv_obj_set_style_height
 .text.lv_obj_set_style_x
                0x080079fc        0xc ./lvgl/src/core/lv_obj_style_gen.o
                0x080079fc                lv_obj_set_style_x
 .text.lv_obj_set_style_y
                0x08007a08        0xc ./lvgl/src/core/lv_obj_style_gen.o
                0x08007a08                lv_obj_set_style_y
 .text.lv_obj_set_style_align
                0x08007a14        0xc ./lvgl/src/core/lv_obj_style_gen.o
                0x08007a14                lv_obj_set_style_align
 .text.lv_obj_set_style_layout
                0x08007a20        0xc ./lvgl/src/core/lv_obj_style_gen.o
                0x08007a20                lv_obj_set_style_layout
 .text.lv_obj_get_screen
                0x08007a2c       0x10 ./lvgl/src/core/lv_obj_tree.o
                0x08007a2c                lv_obj_get_screen
 .text.lv_obj_get_disp
                0x08007a3c       0x50 ./lvgl/src/core/lv_obj_tree.o
                0x08007a3c                lv_obj_get_disp
 .text.lv_obj_get_parent
                0x08007a8c        0x8 ./lvgl/src/core/lv_obj_tree.o
                0x08007a8c                lv_obj_get_parent
 .text.lv_obj_get_child
                0x08007a94       0x20 ./lvgl/src/core/lv_obj_tree.o
                0x08007a94                lv_obj_get_child
 .text.lv_obj_get_child_cnt
                0x08007ab4        0x8 ./lvgl/src/core/lv_obj_tree.o
                0x08007ab4                lv_obj_get_child_cnt
 .text.lv_obj_get_index
                0x08007abc       0x48 ./lvgl/src/core/lv_obj_tree.o
                0x08007abc                lv_obj_get_index
 .text.obj_del_core.part.0
                0x08007b04      0x150 ./lvgl/src/core/lv_obj_tree.o
 .text.lv_obj_del
                0x08007c54       0x90 ./lvgl/src/core/lv_obj_tree.o
                0x08007c54                lv_obj_del
 .text.lv_obj_set_parent
                0x08007ce4       0xd0 ./lvgl/src/core/lv_obj_tree.o
                0x08007ce4                lv_obj_set_parent
 .text.lv_obj_move_to_index
                0x08007db4       0x80 ./lvgl/src/core/lv_obj_tree.o
                0x08007db4                lv_obj_move_to_index
 .text.lv_refr_get_top_obj
                0x08007e34       0x6c ./lvgl/src/core/lv_refr.o
 .text.call_flush_cb.isra.0
                0x08007ea0       0x48 ./lvgl/src/core/lv_refr.o
 .text.draw_buf_flush
                0x08007ee8      0x4f8 ./lvgl/src/core/lv_refr.o
 .text._lv_refr_init
                0x080083e0        0x4 ./lvgl/src/core/lv_refr.o
                0x080083e0                _lv_refr_init
 .text.lv_obj_redraw
                0x080083e4      0x114 ./lvgl/src/core/lv_refr.o
                0x080083e4                lv_obj_redraw
 .text.refr_obj.part.0
                0x080084f8      0x2ec ./lvgl/src/core/lv_refr.o
 .text.refr_obj_and_children
                0x080087e4       0xb8 ./lvgl/src/core/lv_refr.o
 .text.refr_area_part
                0x0800889c      0x208 ./lvgl/src/core/lv_refr.o
 .text._lv_inv_area
                0x08008aa4       0xf8 ./lvgl/src/core/lv_refr.o
                0x08008aa4                _lv_inv_area
 .text._lv_refr_get_disp_refreshing
                0x08008b9c        0xc ./lvgl/src/core/lv_refr.o
                0x08008b9c                _lv_refr_get_disp_refreshing
 .text._lv_disp_refr_timer
                0x08008ba8      0x49c ./lvgl/src/core/lv_refr.o
                0x08008ba8                _lv_disp_refr_timer
 .text.apply_theme
                0x08009044       0x58 ./lvgl/src/core/lv_theme.o
 .text.apply_theme_recursion
                0x0800909c       0x70 ./lvgl/src/core/lv_theme.o
 .text.lv_theme_apply
                0x0800910c       0x2c ./lvgl/src/core/lv_theme.o
                0x0800910c                lv_theme_apply
 .text.lv_theme_get_color_primary
                0x08009138       0x28 ./lvgl/src/core/lv_theme.o
                0x08009138                lv_theme_get_color_primary
 .text.lv_draw_init
                0x08009160        0x4 ./lvgl/src/draw/lv_draw.o
                0x08009160                lv_draw_init
 .text.lv_draw_wait_for_finish
                0x08009164        0x8 ./lvgl/src/draw/lv_draw.o
                0x08009164                lv_draw_wait_for_finish
 .text.lv_draw_arc_dsc_init
                0x0800916c       0x18 ./lvgl/src/draw/lv_draw_arc.o
                0x0800916c                lv_draw_arc_dsc_init
 .text.lv_draw_arc
                0x08009184       0x2c ./lvgl/src/draw/lv_draw_arc.o
                0x08009184                lv_draw_arc
 .text.lv_draw_arc_get_area
                0x080091b0      0x4bc ./lvgl/src/draw/lv_draw_arc.o
                0x080091b0                lv_draw_arc_get_area
 .text.lv_draw_img_dsc_init
                0x0800966c       0x24 ./lvgl/src/draw/lv_draw_img.o
                0x0800966c                lv_draw_img_dsc_init
 .text.lv_draw_img
                0x08009690      0x288 ./lvgl/src/draw/lv_draw_img.o
                0x08009690                lv_draw_img
 .text.lv_img_cf_get_px_size
                0x08009918       0x14 ./lvgl/src/draw/lv_draw_img.o
                0x08009918                lv_img_cf_get_px_size
 .text.lv_img_cf_is_chroma_keyed
                0x0800992c       0x10 ./lvgl/src/draw/lv_draw_img.o
                0x0800992c                lv_img_cf_is_chroma_keyed
 .text.lv_img_cf_has_alpha
                0x0800993c       0x14 ./lvgl/src/draw/lv_draw_img.o
                0x0800993c                lv_img_cf_has_alpha
 .text.lv_img_src_get_type
                0x08009950       0x1c ./lvgl/src/draw/lv_draw_img.o
                0x08009950                lv_img_src_get_type
 .text.lv_draw_label_dsc_init
                0x0800996c       0x30 ./lvgl/src/draw/lv_draw_label.o
                0x0800996c                lv_draw_label_dsc_init
 .text.lv_draw_label
                0x0800999c      0x66c ./lvgl/src/draw/lv_draw_label.o
                0x0800999c                lv_draw_label
 .text.lv_draw_layer_create
                0x0800a008       0x5c ./lvgl/src/draw/lv_draw_layer.o
                0x0800a008                lv_draw_layer_create
 .text.lv_draw_layer_adjust
                0x0800a064        0x8 ./lvgl/src/draw/lv_draw_layer.o
                0x0800a064                lv_draw_layer_adjust
 .text.lv_draw_layer_blend
                0x0800a06c        0x8 ./lvgl/src/draw/lv_draw_layer.o
                0x0800a06c                lv_draw_layer_blend
 .text.lv_draw_layer_destroy
                0x0800a074       0x30 ./lvgl/src/draw/lv_draw_layer.o
                0x0800a074                lv_draw_layer_destroy
 .text.lv_draw_line_dsc_init
                0x0800a0a4       0x1c ./lvgl/src/draw/lv_draw_line.o
                0x0800a0a4                lv_draw_line_dsc_init
 .text.lv_draw_line
                0x0800a0c0       0x1c ./lvgl/src/draw/lv_draw_line.o
                0x0800a0c0                lv_draw_line
 .text.lv_draw_mask_radius
                0x0800a0dc      0x364 ./lvgl/src/draw/lv_draw_mask.o
 .text.lv_draw_mask_line
                0x0800a440      0x550 ./lvgl/src/draw/lv_draw_mask.o
 .text.lv_draw_mask_angle
                0x0800a990      0x39c ./lvgl/src/draw/lv_draw_mask.o
 .text.lv_draw_mask_add
                0x0800ad2c       0x34 ./lvgl/src/draw/lv_draw_mask.o
                0x0800ad2c                lv_draw_mask_add
 .text.lv_draw_mask_apply
                0x0800ad60       0x50 ./lvgl/src/draw/lv_draw_mask.o
                0x0800ad60                lv_draw_mask_apply
 .text.lv_draw_mask_remove_id
                0x0800adb0       0x24 ./lvgl/src/draw/lv_draw_mask.o
                0x0800adb0                lv_draw_mask_remove_id
 .text.lv_draw_mask_remove_custom
                0x0800add4       0x2c ./lvgl/src/draw/lv_draw_mask.o
                0x0800add4                lv_draw_mask_remove_custom
 .text.lv_draw_mask_free_param
                0x0800ae00       0x40 ./lvgl/src/draw/lv_draw_mask.o
                0x0800ae00                lv_draw_mask_free_param
 .text._lv_draw_mask_cleanup
                0x0800ae40       0x28 ./lvgl/src/draw/lv_draw_mask.o
                0x0800ae40                _lv_draw_mask_cleanup
 .text.lv_draw_mask_is_any
                0x0800ae68       0x5c ./lvgl/src/draw/lv_draw_mask.o
                0x0800ae68                lv_draw_mask_is_any
 .text.lv_draw_mask_line_points_init
                0x0800aec4      0x154 ./lvgl/src/draw/lv_draw_mask.o
                0x0800aec4                lv_draw_mask_line_points_init
 .text.lv_draw_mask_line_angle_init
                0x0800b018       0x58 ./lvgl/src/draw/lv_draw_mask.o
                0x0800b018                lv_draw_mask_line_angle_init
 .text.lv_draw_mask_angle_init
                0x0800b070       0xa4 ./lvgl/src/draw/lv_draw_mask.o
                0x0800b070                lv_draw_mask_angle_init
 .text.lv_draw_mask_radius_init
                0x0800b114      0x4e8 ./lvgl/src/draw/lv_draw_mask.o
                0x0800b114                lv_draw_mask_radius_init
 .text.lv_draw_rect_dsc_init
                0x0800b5fc       0x50 ./lvgl/src/draw/lv_draw_rect.o
                0x0800b5fc                lv_draw_rect_dsc_init
 .text.lv_draw_rect
                0x0800b64c       0x30 ./lvgl/src/draw/lv_draw_rect.o
                0x0800b64c                lv_draw_rect
 .text.lv_draw_transform
                0x0800b67c       0x38 ./lvgl/src/draw/lv_draw_transform.o
                0x0800b67c                lv_draw_transform
 .text._lv_img_buf_get_transformed_area
                0x0800b6b4      0x104 ./lvgl/src/draw/lv_img_buf.o
                0x0800b6b4                _lv_img_buf_get_transformed_area
 .text.lv_img_cache_manager_init
                0x0800b7b8        0xc ./lvgl/src/draw/lv_img_cache.o
                0x0800b7b8                lv_img_cache_manager_init
 .text.lv_img_cache_manager_apply
                0x0800b7c4       0x14 ./lvgl/src/draw/lv_img_cache.o
                0x0800b7c4                lv_img_cache_manager_apply
 .text._lv_img_cache_open
                0x0800b7d8       0x10 ./lvgl/src/draw/lv_img_cache.o
                0x0800b7d8                _lv_img_cache_open
 .text.lv_img_cache_invalidate_src
                0x0800b7e8       0x10 ./lvgl/src/draw/lv_img_cache.o
                0x0800b7e8                lv_img_cache_invalidate_src
 .text.lv_img_cache_set_size_builtin
                0x0800b7f8        0x4 ./lvgl/src/draw/lv_img_cache_builtin.o
 .text.lv_img_cache_invalidate_src_builtin
                0x0800b7fc        0x4 ./lvgl/src/draw/lv_img_cache_builtin.o
 .text._lv_img_cache_open_builtin
                0x0800b800       0x58 ./lvgl/src/draw/lv_img_cache_builtin.o
 .text._lv_img_cache_builtin_init
                0x0800b858       0x30 ./lvgl/src/draw/lv_img_cache_builtin.o
                0x0800b858                _lv_img_cache_builtin_init
 .text.lv_img_decoder_built_in_info
                0x0800b888       0xb8 ./lvgl/src/draw/lv_img_decoder.o
                0x0800b888                lv_img_decoder_built_in_info
 .text.lv_img_decoder_built_in_close
                0x0800b940       0x34 ./lvgl/src/draw/lv_img_decoder.o
                0x0800b940                lv_img_decoder_built_in_close
 .text.lv_img_decoder_built_in_open
                0x0800b974      0x220 ./lvgl/src/draw/lv_img_decoder.o
                0x0800b974                lv_img_decoder_built_in_open
 .text.lv_img_decoder_built_in_read_line
                0x0800bb94      0x34c ./lvgl/src/draw/lv_img_decoder.o
                0x0800bb94                lv_img_decoder_built_in_read_line
 .text._lv_img_decoder_init
                0x0800bee0       0x44 ./lvgl/src/draw/lv_img_decoder.o
                0x0800bee0                _lv_img_decoder_init
 .text.lv_img_decoder_get_info
                0x0800bf24       0x64 ./lvgl/src/draw/lv_img_decoder.o
                0x0800bf24                lv_img_decoder_get_info
 .text.lv_img_decoder_open
                0x0800bf88       0xe0 ./lvgl/src/draw/lv_img_decoder.o
                0x0800bf88                lv_img_decoder_open
 .text.lv_img_decoder_read_line
                0x0800c068       0x24 ./lvgl/src/draw/lv_img_decoder.o
                0x0800c068                lv_img_decoder_read_line
 .text.lv_img_decoder_close
                0x0800c08c       0x24 ./lvgl/src/draw/lv_img_decoder.o
                0x0800c08c                lv_img_decoder_close
 .text.lv_draw_sw_wait_for_finish
                0x0800c0b0        0x4 ./lvgl/src/draw/sw/lv_draw_sw.o
                0x0800c0b0                lv_draw_sw_wait_for_finish
 .text.lv_draw_sw_buffer_copy
                0x0800c0b4       0x64 ./lvgl/src/draw/sw/lv_draw_sw.o
                0x0800c0b4                lv_draw_sw_buffer_copy
 .text.lv_draw_sw_buffer_convert
                0x0800c118      0x1cc ./lvgl/src/draw/sw/lv_draw_sw.o
                0x0800c118                lv_draw_sw_buffer_convert
 .text.lv_draw_sw_init_ctx
                0x0800c2e4       0x94 ./lvgl/src/draw/sw/lv_draw_sw.o
                0x0800c2e4                lv_draw_sw_init_ctx
 .text.lv_draw_sw_deinit_ctx
                0x0800c378        0xc ./lvgl/src/draw/sw/lv_draw_sw.o
                0x0800c378                lv_draw_sw_deinit_ctx
 .text.get_rounded_area
                0x0800c384       0x98 ./lvgl/src/draw/sw/lv_draw_sw_arc.o
 .text.lv_draw_sw_arc
                0x0800c41c      0xde4 ./lvgl/src/draw/sw/lv_draw_sw_arc.o
                0x0800c41c                lv_draw_sw_arc
 .text.color_blend_true_color_additive
                0x0800d200       0xa4 ./lvgl/src/draw/sw/lv_draw_sw_blend.o
 .text.color_blend_true_color_subtractive
                0x0800d2a4       0x94 ./lvgl/src/draw/sw/lv_draw_sw_blend.o
 .text.color_blend_true_color_multiply
                0x0800d338       0x88 ./lvgl/src/draw/sw/lv_draw_sw_blend.o
 .text.lv_draw_sw_blend
                0x0800d3c0       0x30 ./lvgl/src/draw/sw/lv_draw_sw_blend.o
                0x0800d3c0                lv_draw_sw_blend
 .text.lv_draw_sw_blend_basic
                0x0800d3f0     0x1aec ./lvgl/src/draw/sw/lv_draw_sw_blend.o
                0x0800d3f0                lv_draw_sw_blend_basic
 .text.lv_gradient_calculate
                0x0800eedc      0x148 ./lvgl/src/draw/sw/lv_draw_sw_gradient.o
                0x0800eedc                lv_gradient_calculate
 .text.lv_gradient_get
                0x0800f024      0x2c4 ./lvgl/src/draw/sw/lv_draw_sw_gradient.o
                0x0800f024                lv_gradient_get
 .text.lv_gradient_cleanup
                0x0800f2e8       0x10 ./lvgl/src/draw/sw/lv_draw_sw_gradient.o
                0x0800f2e8                lv_gradient_cleanup
 .text.lv_draw_sw_img_decoded
                0x0800f2f8      0x624 ./lvgl/src/draw/sw/lv_draw_sw_img.o
                0x0800f2f8                lv_draw_sw_img_decoded
 .text.lv_draw_sw_layer_create
                0x0800f91c       0xc4 ./lvgl/src/draw/sw/lv_draw_sw_layer.o
                0x0800f91c                lv_draw_sw_layer_create
 .text.lv_draw_sw_layer_adjust
                0x0800f9e0       0x28 ./lvgl/src/draw/sw/lv_draw_sw_layer.o
                0x0800f9e0                lv_draw_sw_layer_adjust
 .text.lv_draw_sw_layer_blend
                0x0800fa08       0x70 ./lvgl/src/draw/sw/lv_draw_sw_layer.o
                0x0800fa08                lv_draw_sw_layer_blend
 .text.lv_draw_sw_layer_destroy
                0x0800fa78        0x8 ./lvgl/src/draw/sw/lv_draw_sw_layer.o
                0x0800fa78                lv_draw_sw_layer_destroy
 .text.lv_draw_sw_letter
                0x0800fa80      0x49c ./lvgl/src/draw/sw/lv_draw_sw_letter.o
                0x0800fa80                lv_draw_sw_letter
 .text.lv_draw_sw_line
                0x0800ff1c      0x888 ./lvgl/src/draw/sw/lv_draw_sw_line.o
                0x0800ff1c                lv_draw_sw_line
 .text.lv_draw_sw_polygon
                0x080107a4      0x2b0 ./lvgl/src/draw/sw/lv_draw_sw_polygon.o
                0x080107a4                lv_draw_sw_polygon
 .text.shadow_blur_corner
                0x08010a54      0x1b8 ./lvgl/src/draw/sw/lv_draw_sw_rect.o
 .text.draw_bg  0x08010c0c      0x434 ./lvgl/src/draw/sw/lv_draw_sw_rect.o
 .text.draw_bg_img
                0x08011040      0x234 ./lvgl/src/draw/sw/lv_draw_sw_rect.o
 .text.lv_draw_sw_bg
                0x08011274       0x1c ./lvgl/src/draw/sw/lv_draw_sw_rect.o
                0x08011274                lv_draw_sw_bg
 .text.draw_border_generic
                0x08011290      0x860 ./lvgl/src/draw/sw/lv_draw_sw_rect.o
                0x08011290                draw_border_generic
 .text.lv_draw_sw_rect
                0x08011af0     0x10b8 ./lvgl/src/draw/sw/lv_draw_sw_rect.o
                0x08011af0                lv_draw_sw_rect
 .text.transform_point_upscaled
                0x08012ba8       0xa4 ./lvgl/src/draw/sw/lv_draw_sw_transform.o
 .text.lv_draw_sw_transform
                0x08012c4c      0x8d8 ./lvgl/src/draw/sw/lv_draw_sw_transform.o
                0x08012c4c                lv_draw_sw_transform
 .text.lv_font_get_glyph_dsc.part.0
                0x08013524       0xa0 ./lvgl/src/font/lv_font.o
 .text.lv_font_get_glyph_bitmap
                0x080135c4        0x8 ./lvgl/src/font/lv_font.o
                0x080135c4                lv_font_get_glyph_bitmap
 .text.lv_font_get_glyph_dsc
                0x080135cc       0x14 ./lvgl/src/font/lv_font.o
                0x080135cc                lv_font_get_glyph_dsc
 .text.lv_font_get_glyph_width
                0x080135e0       0x1c ./lvgl/src/font/lv_font.o
                0x080135e0                lv_font_get_glyph_width
 .text.kern_pair_8_compare
                0x080135fc       0x14 ./lvgl/src/font/lv_font_fmt_txt.o
 .text.kern_pair_16_compare
                0x08013610       0x14 ./lvgl/src/font/lv_font_fmt_txt.o
 .text.unicode_list_compare
                0x08013624        0x8 ./lvgl/src/font/lv_font_fmt_txt.o
 .text.get_glyph_dsc_id
                0x0801362c       0xf0 ./lvgl/src/font/lv_font_fmt_txt.o
 .text.lv_font_get_bitmap_fmt_txt
                0x0801371c       0x2c ./lvgl/src/font/lv_font_fmt_txt.o
                0x0801371c                lv_font_get_bitmap_fmt_txt
 .text.lv_font_get_glyph_dsc_fmt_txt
                0x08013748      0x140 ./lvgl/src/font/lv_font_fmt_txt.o
                0x08013748                lv_font_get_glyph_dsc_fmt_txt
 .text._lv_font_clean_up_fmt_txt
                0x08013888        0x4 ./lvgl/src/font/lv_font_fmt_txt.o
                0x08013888                _lv_font_clean_up_fmt_txt
 .text.lv_disp_drv_init
                0x0801388c       0x4c ./lvgl/src/hal/lv_hal_disp.o
                0x0801388c                lv_disp_drv_init
 .text.lv_disp_draw_buf_init
                0x080138d8       0x1c ./lvgl/src/hal/lv_hal_disp.o
                0x080138d8                lv_disp_draw_buf_init
 .text.lv_disp_drv_register
                0x080138f4      0x138 ./lvgl/src/hal/lv_hal_disp.o
                0x080138f4                lv_disp_drv_register
 .text.lv_disp_get_default
                0x08013a2c        0xc ./lvgl/src/hal/lv_hal_disp.o
                0x08013a2c                lv_disp_get_default
 .text.lv_disp_get_hor_res
                0x08013a38       0x24 ./lvgl/src/hal/lv_hal_disp.o
                0x08013a38                lv_disp_get_hor_res
 .text.lv_disp_get_ver_res
                0x08013a5c       0x24 ./lvgl/src/hal/lv_hal_disp.o
                0x08013a5c                lv_disp_get_ver_res
 .text.lv_disp_get_dpi
                0x08013a80       0x1c ./lvgl/src/hal/lv_hal_disp.o
                0x08013a80                lv_disp_get_dpi
 .text.lv_disp_flush_ready
                0x08013a9c        0xc ./lvgl/src/hal/lv_hal_disp.o
                0x08013a9c                lv_disp_flush_ready
 .text.lv_disp_get_next
                0x08013aa8       0x14 ./lvgl/src/hal/lv_hal_disp.o
                0x08013aa8                lv_disp_get_next
 .text.lv_disp_get_draw_buf
                0x08013abc        0x8 ./lvgl/src/hal/lv_hal_disp.o
                0x08013abc                lv_disp_get_draw_buf
 .text.lv_indev_get_next
                0x08013ac4       0x14 ./lvgl/src/hal/lv_hal_indev.o
                0x08013ac4                lv_indev_get_next
 .text.lv_tick_inc
                0x08013ad8       0x1c ./lvgl/src/hal/lv_hal_tick.o
                0x08013ad8                lv_tick_inc
 .text.lv_tick_get
                0x08013af4       0x1c ./lvgl/src/hal/lv_hal_tick.o
                0x08013af4                lv_tick_get
 .text.lv_tick_elaps
                0x08013b10       0x24 ./lvgl/src/hal/lv_hal_tick.o
                0x08013b10                lv_tick_elaps
 .text.lv_area_get_width
                0x08013b34        0xc ./lvgl/src/layouts/flex/lv_flex.o
 .text.lv_area_get_height
                0x08013b40        0xc ./lvgl/src/layouts/flex/lv_flex.o
 .text.place_content
                0x08013b4c       0xb0 ./lvgl/src/layouts/flex/lv_flex.o
 .text.get_next_item
                0x08013bfc       0x30 ./lvgl/src/layouts/flex/lv_flex.o
 .text.find_track_end
                0x08013c2c      0x2c8 ./lvgl/src/layouts/flex/lv_flex.o
 .text.flex_update
                0x08013ef4      0x9fc ./lvgl/src/layouts/flex/lv_flex.o
 .text.lv_flex_init
                0x080148f0       0x58 ./lvgl/src/layouts/flex/lv_flex.o
                0x080148f0                lv_flex_init
 .text.lv_obj_set_flex_flow
                0x08014948       0x28 ./lvgl/src/layouts/flex/lv_flex.o
                0x08014948                lv_obj_set_flex_flow
 .text.lv_obj_set_flex_align
                0x08014970       0x50 ./lvgl/src/layouts/flex/lv_flex.o
                0x08014970                lv_obj_set_flex_align
 .text.lv_obj_set_flex_grow
                0x080149c0       0x24 ./lvgl/src/layouts/flex/lv_flex.o
                0x080149c0                lv_obj_set_flex_grow
 .text.grid_align
                0x080149e4      0x140 ./lvgl/src/layouts/grid/lv_grid.o
 .text.grid_update
                0x08014b24      0x900 ./lvgl/src/layouts/grid/lv_grid.o
 .text.lv_grid_init
                0x08015424       0xb8 ./lvgl/src/layouts/grid/lv_grid.o
                0x08015424                lv_grid_init
 .text.lv_anim_path_linear
                0x080154dc       0x2c ./lvgl/src/misc/lv_anim.o
                0x080154dc                lv_anim_path_linear
 .text.anim_timer
                0x08015508      0x1ac ./lvgl/src/misc/lv_anim.o
 .text._lv_anim_core_init
                0x080156b4       0x50 ./lvgl/src/misc/lv_anim.o
                0x080156b4                _lv_anim_core_init
 .text.lv_anim_init
                0x08015704       0x38 ./lvgl/src/misc/lv_anim.o
                0x08015704                lv_anim_init
 .text.lv_anim_del
                0x0801573c       0xa4 ./lvgl/src/misc/lv_anim.o
                0x0801573c                lv_anim_del
 .text.lv_anim_start
                0x080157e0       0xa0 ./lvgl/src/misc/lv_anim.o
                0x080157e0                lv_anim_start
 .text.lv_anim_get
                0x08015880       0x40 ./lvgl/src/misc/lv_anim.o
                0x08015880                lv_anim_get
 .text.lv_anim_speed_to_time
                0x080158c0       0x20 ./lvgl/src/misc/lv_anim.o
                0x080158c0                lv_anim_speed_to_time
 .text.lv_anim_path_ease_out
                0x080158e0       0x3c ./lvgl/src/misc/lv_anim.o
                0x080158e0                lv_anim_path_ease_out
 .text.lv_anim_path_ease_in_out
                0x0801591c       0x38 ./lvgl/src/misc/lv_anim.o
                0x0801591c                lv_anim_path_ease_in_out
 .text.lv_anim_path_step
                0x08015954       0x10 ./lvgl/src/misc/lv_anim.o
                0x08015954                lv_anim_path_step
 .text.lv_area_set
                0x08015964       0x28 ./lvgl/src/misc/lv_area.o
                0x08015964                lv_area_set
 .text.lv_area_set_width
                0x0801598c        0xc ./lvgl/src/misc/lv_area.o
                0x0801598c                lv_area_set_width
 .text.lv_area_set_height
                0x08015998        0xc ./lvgl/src/misc/lv_area.o
                0x08015998                lv_area_set_height
 .text.lv_area_get_size
                0x080159a4       0x20 ./lvgl/src/misc/lv_area.o
                0x080159a4                lv_area_get_size
 .text.lv_area_increase
                0x080159c4       0x3c ./lvgl/src/misc/lv_area.o
                0x080159c4                lv_area_increase
 .text.lv_area_move
                0x08015a00       0x38 ./lvgl/src/misc/lv_area.o
                0x08015a00                lv_area_move
 .text._lv_area_intersect
                0x08015a38       0x68 ./lvgl/src/misc/lv_area.o
                0x08015a38                _lv_area_intersect
 .text._lv_area_join
                0x08015aa0       0x58 ./lvgl/src/misc/lv_area.o
                0x08015aa0                _lv_area_join
 .text._lv_area_is_point_on
                0x08015af8      0x1c8 ./lvgl/src/misc/lv_area.o
                0x08015af8                _lv_area_is_point_on
 .text._lv_area_is_on
                0x08015cc0       0x3c ./lvgl/src/misc/lv_area.o
                0x08015cc0                _lv_area_is_on
 .text._lv_area_is_in
                0x08015cfc       0x94 ./lvgl/src/misc/lv_area.o
                0x08015cfc                _lv_area_is_in
 .text._lv_area_is_out
                0x08015d90       0x9c ./lvgl/src/misc/lv_area.o
                0x08015d90                _lv_area_is_out
 .text.lv_point_transform
                0x08015e2c      0x164 ./lvgl/src/misc/lv_area.o
                0x08015e2c                lv_point_transform
 .text.lv_color_fill
                0x08015f90       0x64 ./lvgl/src/misc/lv_color.o
                0x08015f90                lv_color_fill
 .text.lv_color_darken
                0x08015ff4       0x24 ./lvgl/src/misc/lv_color.o
                0x08015ff4                lv_color_darken
 .text.lv_color_hsv_to_rgb
                0x08016018       0xf0 ./lvgl/src/misc/lv_color.o
                0x08016018                lv_color_hsv_to_rgb
 .text.lv_palette_main
                0x08016108       0x14 ./lvgl/src/misc/lv_color.o
                0x08016108                lv_palette_main
 .text.lv_palette_lighten
                0x0801611c       0x24 ./lvgl/src/misc/lv_color.o
                0x0801611c                lv_palette_lighten
 .text.lv_palette_darken
                0x08016140       0x24 ./lvgl/src/misc/lv_color.o
                0x08016140                lv_palette_darken
 .text._lv_fs_init
                0x08016164        0xc ./lvgl/src/misc/lv_fs.o
                0x08016164                _lv_fs_init
 .text.lv_fs_open
                0x08016170       0xa8 ./lvgl/src/misc/lv_fs.o
                0x08016170                lv_fs_open
 .text.lv_fs_close
                0x08016218       0x44 ./lvgl/src/misc/lv_fs.o
                0x08016218                lv_fs_close
 .text.lv_fs_read
                0x0801625c      0x188 ./lvgl/src/misc/lv_fs.o
                0x0801625c                lv_fs_read
 .text.lv_fs_seek
                0x080163e4       0x94 ./lvgl/src/misc/lv_fs.o
                0x080163e4                lv_fs_seek
 .text.lv_fs_get_ext
                0x08016478       0x34 ./lvgl/src/misc/lv_fs.o
                0x08016478                lv_fs_get_ext
 .text._lv_ll_init
                0x080164ac       0x10 ./lvgl/src/misc/lv_ll.o
                0x080164ac                _lv_ll_init
 .text._lv_ll_ins_head
                0x080164bc       0x2c ./lvgl/src/misc/lv_ll.o
                0x080164bc                _lv_ll_ins_head
 .text._lv_ll_ins_tail
                0x080164e8       0x2c ./lvgl/src/misc/lv_ll.o
                0x080164e8                _lv_ll_ins_tail
 .text._lv_ll_remove
                0x08016514       0x50 ./lvgl/src/misc/lv_ll.o
                0x08016514                _lv_ll_remove
 .text._lv_ll_clear
                0x08016564       0x28 ./lvgl/src/misc/lv_ll.o
                0x08016564                _lv_ll_clear
 .text._lv_ll_get_head
                0x0801658c        0x8 ./lvgl/src/misc/lv_ll.o
                0x0801658c                _lv_ll_get_head
 .text._lv_ll_get_tail
                0x08016594        0x8 ./lvgl/src/misc/lv_ll.o
                0x08016594                _lv_ll_get_tail
 .text._lv_ll_get_next
                0x0801659c        0x8 ./lvgl/src/misc/lv_ll.o
                0x0801659c                _lv_ll_get_next
 .text._lv_ll_get_prev