../lvgl/src/widgets/arc/lv_arc.c:830:27:get_angle	8	static
../lvgl/src/widgets/arc/lv_arc.c:963:13:lv_arc_angle_within_bg_bounds	4	static
../lvgl/src/widgets/arc/lv_arc.c:814:13:get_center	48	static
../lvgl/src/widgets/arc/lv_arc.c:926:16:knob_get_extra_size	24	static
../lvgl/src/widgets/arc/lv_arc.c:855:13:get_knob_area	56	static
../lvgl/src/widgets/arc/lv_arc.c:412:13:lv_arc_constructor	16	static
../lvgl/src/widgets/arc/lv_arc.c:796:13:inv_knob_area	40	static
../lvgl/src/widgets/arc/lv_arc.c:763:13:inv_arc_area	72	static
../lvgl/src/widgets/arc/lv_arc.c:74:12:lv_arc_create	8	static
../lvgl/src/widgets/arc/lv_arc.c:94:6:lv_arc_set_start_angle	16	static
../lvgl/src/widgets/arc/lv_arc.c:118:6:lv_arc_set_end_angle	16	static
../lvgl/src/widgets/arc/lv_arc.c:881:13:value_update	24	static
../lvgl/src/widgets/arc/lv_arc.c:443:13:lv_arc_event	248	static
../lvgl/src/widgets/arc/lv_arc.c:141:6:lv_arc_set_angles	16	static
../lvgl/src/widgets/arc/lv_arc.c:147:6:lv_arc_set_bg_start_angle	16	static
../lvgl/src/widgets/arc/lv_arc.c:169:6:lv_arc_set_bg_end_angle	16	static
../lvgl/src/widgets/arc/lv_arc.c:191:6:lv_arc_set_bg_angles	16	static
../lvgl/src/widgets/arc/lv_arc.c:197:6:lv_arc_set_rotation	0	static
../lvgl/src/widgets/arc/lv_arc.c:210:6:lv_arc_set_mode	16	static
../lvgl/src/widgets/arc/lv_arc.c:239:6:lv_arc_set_value	4	static
../lvgl/src/widgets/arc/lv_arc.c:256:6:lv_arc_set_range	0	static
../lvgl/src/widgets/arc/lv_arc.c:276:6:lv_arc_set_change_rate	0	static
../lvgl/src/widgets/arc/lv_arc.c:284:6:lv_arc_set_knob_offset	0	static
../lvgl/src/widgets/arc/lv_arc.c:296:20:lv_arc_get_angle_start	0	static
../lvgl/src/widgets/arc/lv_arc.c:302:20:lv_arc_get_angle_end	0	static
../lvgl/src/widgets/arc/lv_arc.c:308:20:lv_arc_get_bg_angle_start	0	static
../lvgl/src/widgets/arc/lv_arc.c:314:20:lv_arc_get_bg_angle_end	0	static
../lvgl/src/widgets/arc/lv_arc.c:320:9:lv_arc_get_value	0	static
../lvgl/src/widgets/arc/lv_arc.c:326:9:lv_arc_get_min_value	0	static
../lvgl/src/widgets/arc/lv_arc.c:332:9:lv_arc_get_max_value	0	static
../lvgl/src/widgets/arc/lv_arc.c:338:15:lv_arc_get_mode	0	static
../lvgl/src/widgets/arc/lv_arc.c:344:9:lv_arc_get_rotation	0	static
../lvgl/src/widgets/arc/lv_arc.c:350:9:lv_arc_get_knob_offset	0	static
../lvgl/src/widgets/arc/lv_arc.c:360:6:lv_arc_align_obj_to_angle	48	static
../lvgl/src/widgets/arc/lv_arc.c:381:6:lv_arc_rotate_obj_to_angle	48	static
