../lvgl/src/widgets/scale/lv_scale.c:1448:13:scale_find_section_tick_idx	56	static
../lvgl/src/widgets/scale/lv_scale.c:1277:13:scale_set_line_properties	32	static
../lvgl/src/widgets/scale/lv_scale.c:1028:13:scale_get_center	48	static
../lvgl/src/widgets/scale/lv_scale.c:1054:13:scale_get_tick_points	160	static
../lvgl/src/widgets/scale/lv_scale.c:792:13:scale_calculate_main_compensation	200	static
../lvgl/src/widgets/scale/lv_scale.c:1221:13:scale_get_label_coords	56	static
../lvgl/src/widgets/scale/lv_scale.c:581:13:scale_draw_indicator	560	static
../lvgl/src/widgets/scale/lv_scale.c:851:13:scale_draw_main	224	static
../lvgl/src/widgets/scale/lv_scale.c:512:13:lv_scale_destructor	16	static
../lvgl/src/widgets/scale/lv_scale.c:483:13:lv_scale_constructor	8	static
../lvgl/src/widgets/scale/lv_scale.c:1649:13:scale_free_line_needle_points_cb	8	static
../lvgl/src/widgets/scale/lv_scale.c:529:13:lv_scale_event	16	static
../lvgl/src/widgets/scale/lv_scale.c:92:12:lv_scale_create	8	static
../lvgl/src/widgets/scale/lv_scale.c:112:6:lv_scale_set_mode	0	static
../lvgl/src/widgets/scale/lv_scale.c:122:6:lv_scale_set_total_tick_count	0	static
../lvgl/src/widgets/scale/lv_scale.c:132:6:lv_scale_set_major_tick_every	0	static
../lvgl/src/widgets/scale/lv_scale.c:142:6:lv_scale_set_label_show	0	static
../lvgl/src/widgets/scale/lv_scale.c:152:6:lv_scale_set_range	0	static
../lvgl/src/widgets/scale/lv_scale.c:163:6:lv_scale_set_angle_range	0	static
../lvgl/src/widgets/scale/lv_scale.c:173:6:lv_scale_set_rotation	0	static
../lvgl/src/widgets/scale/lv_scale.c:191:6:lv_scale_set_line_needle_value	48	static
../lvgl/src/widgets/scale/lv_scale.c:273:6:lv_scale_set_image_needle_value	12	static
../lvgl/src/widgets/scale/lv_scale.c:296:6:lv_scale_set_text_src	0	static
../lvgl/src/widgets/scale/lv_scale.c:313:6:lv_scale_set_post_draw	0	static
../lvgl/src/widgets/scale/lv_scale.c:323:6:lv_scale_set_draw_ticks_on_top	0	static
../lvgl/src/widgets/scale/lv_scale.c:333:22:lv_scale_add_section	8	static
../lvgl/src/widgets/scale/lv_scale.c:354:6:lv_scale_set_section_range	0	static
../lvgl/src/widgets/scale/lv_scale.c:365:6:lv_scale_section_set_range	0	static
../lvgl/src/widgets/scale/lv_scale.c:374:6:lv_scale_set_section_style_main	0	static
../lvgl/src/widgets/scale/lv_scale.c:383:6:lv_scale_set_section_style_indicator	0	static
../lvgl/src/widgets/scale/lv_scale.c:392:6:lv_scale_set_section_style_items	0	static
../lvgl/src/widgets/scale/lv_scale.c:401:6:lv_scale_section_set_style	0	static
../lvgl/src/widgets/scale/lv_scale.c:427:17:lv_scale_get_mode	0	static
../lvgl/src/widgets/scale/lv_scale.c:433:9:lv_scale_get_total_tick_count	0	static
../lvgl/src/widgets/scale/lv_scale.c:439:9:lv_scale_get_major_tick_every	0	static
../lvgl/src/widgets/scale/lv_scale.c:445:17:lv_scale_get_rotation	0	static
../lvgl/src/widgets/scale/lv_scale.c:451:6:lv_scale_get_label_show	0	static
../lvgl/src/widgets/scale/lv_scale.c:457:10:lv_scale_get_angle_range	0	static
../lvgl/src/widgets/scale/lv_scale.c:463:9:lv_scale_get_range_min_value	0	static
../lvgl/src/widgets/scale/lv_scale.c:469:9:lv_scale_get_range_max_value	0	static
