../lvgl/src/widgets/canvas/lv_canvas.c:748:13:lv_canvas_destructor	0	static
../lvgl/src/widgets/canvas/lv_canvas.c:729:13:lv_canvas_constructor	0	static
../lvgl/src/widgets/canvas/lv_canvas.c:758:13:init_fake_disp	24	static
../lvgl/src/widgets/canvas/lv_canvas.c:53:12:lv_canvas_create	8	static
../lvgl/src/widgets/canvas/lv_canvas.c:65:6:lv_canvas_set_buffer	8	static
../lvgl/src/widgets/canvas/lv_canvas.c:81:6:lv_canvas_set_px_color	8	static
../lvgl/src/widgets/canvas/lv_canvas.c:91:6:lv_canvas_set_px_opa	8	static
../lvgl/src/widgets/canvas/lv_canvas.c:101:6:lv_canvas_set_palette	8	static
../lvgl/src/widgets/canvas/lv_canvas.c:115:12:lv_canvas_get_px	16	static
../lvgl/src/widgets/canvas/lv_canvas.c:125:16:lv_canvas_get_img	0	static
../lvgl/src/widgets/canvas/lv_canvas.c:137:6:lv_canvas_copy_buf	32	static
../lvgl/src/widgets/canvas/lv_canvas.c:160:6:lv_canvas_transform	120	static
../lvgl/src/widgets/canvas/lv_canvas.c:225:6:lv_canvas_blur_hor	128	static
../lvgl/src/widgets/canvas/lv_canvas.c:335:6:lv_canvas_blur_ver	136	static
../lvgl/src/widgets/canvas/lv_canvas.c:450:6:lv_canvas_fill_bg	40	static
../lvgl/src/widgets/canvas/lv_canvas.c:479:6:lv_canvas_draw_rect	480	static
../lvgl/src/widgets/canvas/lv_canvas.c:523:6:lv_canvas_draw_text	480	static
../lvgl/src/widgets/canvas/lv_canvas.c:559:6:lv_canvas_draw_img	472	static
../lvgl/src/widgets/canvas/lv_canvas.c:602:6:lv_canvas_draw_line	472	static
../lvgl/src/widgets/canvas/lv_canvas.c:644:6:lv_canvas_draw_polygon	464	static
../lvgl/src/widgets/canvas/lv_canvas.c:682:6:lv_canvas_draw_arc	472	static
