../lvgl/src/widgets/canvas/lv_canvas.c:416:13:lv_canvas_constructor	0	static
../lvgl/src/widgets/canvas/lv_canvas.c:422:13:lv_canvas_destructor	0	static
../lvgl/src/widgets/canvas/lv_canvas.c:59:12:lv_canvas_create	8	static
../lvgl/src/widgets/canvas/lv_canvas.c:71:6:lv_canvas_set_buffer	40	static
../lvgl/src/widgets/canvas/lv_canvas.c:90:6:lv_canvas_set_draw_buf	16	static
../lvgl/src/widgets/canvas/lv_canvas.c:107:6:lv_canvas_set_px	48	static
../lvgl/src/widgets/canvas/lv_canvas.c:181:6:lv_canvas_set_palette	16	static
../lvgl/src/widgets/canvas/lv_canvas.c:195:17:lv_canvas_get_draw_buf	0	static
../lvgl/src/widgets/canvas/lv_canvas.c:203:14:lv_canvas_get_px	32	static
../lvgl/src/widgets/canvas/lv_canvas.c:256:18:lv_canvas_get_image	0	static
../lvgl/src/widgets/canvas/lv_canvas.c:264:14:lv_canvas_get_buf	0	static
../lvgl/src/widgets/canvas/lv_canvas.c:279:6:lv_canvas_copy_buf	8	static
../lvgl/src/widgets/canvas/lv_canvas.c:293:6:lv_canvas_fill_bg	40	static
../lvgl/src/widgets/canvas/lv_canvas.c:371:6:lv_canvas_init_layer	16	static
../lvgl/src/widgets/canvas/lv_canvas.c:389:6:lv_canvas_finish_layer	16	static
../lvgl/src/widgets/canvas/lv_canvas.c:407:10:lv_canvas_buf_size	0	static
