../lvgl/src/misc/cache/lv_cache.c:326:13:cache_evict_one_internal_no_lock	16	static
../lvgl/src/misc/cache/lv_cache.c:341:27:cache_add_internal_no_lock	24	static
../lvgl/src/misc/cache/lv_cache.c:46:14:lv_cache_create	24	static
../lvgl/src/misc/cache/lv_cache.c:70:6:lv_cache_destroy	8	static
../lvgl/src/misc/cache/lv_cache.c:81:20:lv_cache_acquire	8	static
../lvgl/src/misc/cache/lv_cache.c:106:6:lv_cache_release	16	static
../lvgl/src/misc/cache/lv_cache.c:123:20:lv_cache_add	8	static
../lvgl/src/misc/cache/lv_cache.c:147:20:lv_cache_acquire_or_create	24	static
../lvgl/src/misc/cache/lv_cache.c:196:6:lv_cache_reserve	24	static
../lvgl/src/misc/cache/lv_cache.c:209:6:lv_cache_drop	16	static
../lvgl/src/misc/cache/lv_cache.c:222:6:lv_cache_evict_one	0	static
../lvgl/src/misc/cache/lv_cache.c:235:6:lv_cache_drop_all	0	static
../lvgl/src/misc/cache/lv_cache.c:248:6:lv_cache_set_max_size	0	static
../lvgl/src/misc/cache/lv_cache.c:253:8:lv_cache_get_max_size	0	static
../lvgl/src/misc/cache/lv_cache.c:258:8:lv_cache_get_size	0	static
../lvgl/src/misc/cache/lv_cache.c:263:8:lv_cache_get_free_size	0	static
../lvgl/src/misc/cache/lv_cache.c:268:6:lv_cache_is_enabled	0	static
../lvgl/src/misc/cache/lv_cache.c:272:6:lv_cache_set_compare_cb	0	static
../lvgl/src/misc/cache/lv_cache.c:277:6:lv_cache_set_create_cb	0	static
../lvgl/src/misc/cache/lv_cache.c:282:6:lv_cache_set_free_cb	0	static
../lvgl/src/misc/cache/lv_cache.c:287:6:lv_cache_set_name	0	static
../lvgl/src/misc/cache/lv_cache.c:292:14:lv_cache_get_name	0	static
../lvgl/src/misc/cache/lv_cache.c:297:13:lv_cache_iter_create	0	static
