../lvgl/src/misc/cache/lv_image_cache.c:143:31:image_cache_compare_cb	8	static
../lvgl/src/misc/cache/lv_image_cache.c:164:13:iter_inspect_cb	0	static
../lvgl/src/misc/cache/lv_image_cache.c:150:13:image_cache_free_cb	16	static
../lvgl/src/misc/cache/lv_image_cache.c:56:13:lv_image_cache_init	32	static
../lvgl/src/misc/cache/lv_image_cache.c:73:6:lv_image_cache_resize	16	static
../lvgl/src/misc/cache/lv_image_cache.c:81:6:lv_image_cache_drop	40	static
../lvgl/src/misc/cache/lv_image_cache.c:99:6:lv_image_cache_is_enabled	0	static
../lvgl/src/misc/cache/lv_image_cache.c:104:13:lv_image_cache_iter_create	0	static
../lvgl/src/misc/cache/lv_image_cache.c:109:6:lv_image_cache_dump	8	static
